Archive member included to satisfy reference by file (symbol)

D:\Documents\File_code\RENESAS\TimerBaseUnit\synergy\ssp\src\driver\r_fmi\libs\libfmi_cm4_s7g2_gcc.a(r_fmi.o)
                              ./synergy/ssp/src/driver/r_ioport/r_ioport.o (g_fmi_on_fmi)
D:\Documents\File_code\RENESAS\TimerBaseUnit\synergy\ssp\src\bsp\mcu\s7g2\libfmi_R7FS7G27H3A01CFC_gcc.a(bsp_fmi_R7FS7G27H3A01CFC.o)
                              D:\Documents\File_code\RENESAS\TimerBaseUnit\synergy\ssp\src\driver\r_fmi\libs\libfmi_cm4_s7g2_gcc.a(r_fmi.o) (g_fmi_data)
c:/renesas/synergy/e2studio_v2024-01.1_ssp_v2.6.1/toolchains/gcc_arm/gcc-arm-none-eabi-10.3-2021.10/bin/../lib/gcc/arm-none-eabi/10.3.1/thumb/v7e-m+fp/hard\libgcc.a(_aeabi_ldivmod.o)
                              ./synergy/ssp/src/driver/r_gpt/r_gpt.o (__aeabi_ldivmod)
c:/renesas/synergy/e2studio_v2024-01.1_ssp_v2.6.1/toolchains/gcc_arm/gcc-arm-none-eabi-10.3-2021.10/bin/../lib/gcc/arm-none-eabi/10.3.1/thumb/v7e-m+fp/hard\libgcc.a(_aeabi_uldivmod.o)
                              ./synergy/ssp/src/driver/r_gpt/r_gpt.o (__aeabi_uldivmod)
c:/renesas/synergy/e2studio_v2024-01.1_ssp_v2.6.1/toolchains/gcc_arm/gcc-arm-none-eabi-10.3-2021.10/bin/../lib/gcc/arm-none-eabi/10.3.1/thumb/v7e-m+fp/hard\libgcc.a(_udivmoddi4.o)
                              c:/renesas/synergy/e2studio_v2024-01.1_ssp_v2.6.1/toolchains/gcc_arm/gcc-arm-none-eabi-10.3-2021.10/bin/../lib/gcc/arm-none-eabi/10.3.1/thumb/v7e-m+fp/hard\libgcc.a(_aeabi_ldivmod.o) (__udivmoddi4)
c:/renesas/synergy/e2studio_v2024-01.1_ssp_v2.6.1/toolchains/gcc_arm/gcc-arm-none-eabi-10.3-2021.10/bin/../lib/gcc/arm-none-eabi/10.3.1/thumb/v7e-m+fp/hard\libgcc.a(_dvmd_tls.o)
                              c:/renesas/synergy/e2studio_v2024-01.1_ssp_v2.6.1/toolchains/gcc_arm/gcc-arm-none-eabi-10.3-2021.10/bin/../lib/gcc/arm-none-eabi/10.3.1/thumb/v7e-m+fp/hard\libgcc.a(_aeabi_ldivmod.o) (__aeabi_ldiv0)
c:/renesas/synergy/e2studio_v2024-01.1_ssp_v2.6.1/toolchains/gcc_arm/gcc-arm-none-eabi-10.3-2021.10/bin/../lib/gcc/arm-none-eabi/10.3.1/../../../../arm-none-eabi/lib/thumb/v7e-m+fp/hard\libg_nano.a(lib_a-errno.o)
                              ./synergy/ssp/src/bsp/mcu/all/bsp_sbrk.o (__errno)
c:/renesas/synergy/e2studio_v2024-01.1_ssp_v2.6.1/toolchains/gcc_arm/gcc-arm-none-eabi-10.3-2021.10/bin/../lib/gcc/arm-none-eabi/10.3.1/../../../../arm-none-eabi/lib/thumb/v7e-m+fp/hard\libg_nano.a(lib_a-exit.o)
                              c:/renesas/synergy/e2studio_v2024-01.1_ssp_v2.6.1/toolchains/gcc_arm/gcc-arm-none-eabi-10.3-2021.10/bin/../lib/gcc/arm-none-eabi/10.3.1/../../../../arm-none-eabi/lib/thumb/v7e-m+fp/hard/rdimon-crt0.o (exit)
c:/renesas/synergy/e2studio_v2024-01.1_ssp_v2.6.1/toolchains/gcc_arm/gcc-arm-none-eabi-10.3-2021.10/bin/../lib/gcc/arm-none-eabi/10.3.1/../../../../arm-none-eabi/lib/thumb/v7e-m+fp/hard\libg_nano.a(lib_a-impure.o)
                              c:/renesas/synergy/e2studio_v2024-01.1_ssp_v2.6.1/toolchains/gcc_arm/gcc-arm-none-eabi-10.3-2021.10/bin/../lib/gcc/arm-none-eabi/10.3.1/../../../../arm-none-eabi/lib/thumb/v7e-m+fp/hard\libg_nano.a(lib_a-exit.o) (_global_impure_ptr)
c:/renesas/synergy/e2studio_v2024-01.1_ssp_v2.6.1/toolchains/gcc_arm/gcc-arm-none-eabi-10.3-2021.10/bin/../lib/gcc/arm-none-eabi/10.3.1/../../../../arm-none-eabi/lib/thumb/v7e-m+fp/hard\libg_nano.a(lib_a-init.o)
                              c:/renesas/synergy/e2studio_v2024-01.1_ssp_v2.6.1/toolchains/gcc_arm/gcc-arm-none-eabi-10.3-2021.10/bin/../lib/gcc/arm-none-eabi/10.3.1/../../../../arm-none-eabi/lib/thumb/v7e-m+fp/hard/rdimon-crt0.o (__libc_init_array)
c:/renesas/synergy/e2studio_v2024-01.1_ssp_v2.6.1/toolchains/gcc_arm/gcc-arm-none-eabi-10.3-2021.10/bin/../lib/gcc/arm-none-eabi/10.3.1/../../../../arm-none-eabi/lib/thumb/v7e-m+fp/hard\libg_nano.a(lib_a-memcpy-stub.o)
                              ./synergy/ssp/src/bsp/cmsis/Device/RENESAS/S7G2/Source/system_S7G2.o (memcpy)
c:/renesas/synergy/e2studio_v2024-01.1_ssp_v2.6.1/toolchains/gcc_arm/gcc-arm-none-eabi-10.3-2021.10/bin/../lib/gcc/arm-none-eabi/10.3.1/../../../../arm-none-eabi/lib/thumb/v7e-m+fp/hard\libg_nano.a(lib_a-memset.o)
                              c:/renesas/synergy/e2studio_v2024-01.1_ssp_v2.6.1/toolchains/gcc_arm/gcc-arm-none-eabi-10.3-2021.10/bin/../lib/gcc/arm-none-eabi/10.3.1/../../../../arm-none-eabi/lib/thumb/v7e-m+fp/hard/rdimon-crt0.o (memset)
c:/renesas/synergy/e2studio_v2024-01.1_ssp_v2.6.1/toolchains/gcc_arm/gcc-arm-none-eabi-10.3-2021.10/bin/../lib/gcc/arm-none-eabi/10.3.1/../../../../arm-none-eabi/lib/thumb/v7e-m+fp/hard\libg_nano.a(lib_a-rand.o)
                              ./synergy/ssp/src/bsp/cmsis/Device/RENESAS/S7G2/Source/system_S7G2.o (srand)
c:/renesas/synergy/e2studio_v2024-01.1_ssp_v2.6.1/toolchains/gcc_arm/gcc-arm-none-eabi-10.3-2021.10/bin/../lib/gcc/arm-none-eabi/10.3.1/../../../../arm-none-eabi/lib/thumb/v7e-m+fp/hard\libg_nano.a(lib_a-assert.o)
[...]
Memory Configuration

Name             Origin             Length             Attributes
FLASH            0x00000000         0x00400000         xr
RAM              0x1ffe0000         0x000a0000         xrw
DATA_FLASH       0x40100000         0x00010000         xr
QSPI_FLASH       0x60000000         0x04000000         xr
SDRAM            0x90000000         0x02000000         xrw
ID_CODES         0x40120050         0x00000010         xr
*default*        0x00000000         0xffffffff

Linker script and memory map

LOAD c:/renesas/synergy/e2studio_v2024-01.1_ssp_v2.6.1/toolchains/gcc_arm/gcc-arm-none-eabi-10.3-2021.10/bin/../lib/gcc/arm-none-eabi/10.3.1/thumb/v7e-m+fp/hard/crti.o
LOAD c:/renesas/synergy/e2studio_v2024-01.1_ssp_v2.6.1/toolchains/gcc_arm/gcc-arm-none-eabi-10.3-2021.10/bin/../lib/gcc/arm-none-eabi/10.3.1/thumb/v7e-m+fp/hard/crtbegin.o
LOAD c:/renesas/synergy/e2studio_v2024-01.1_ssp_v2.6.1/toolchains/gcc_arm/gcc-arm-none-eabi-10.3-2021.10/bin/../lib/gcc/arm-none-eabi/10.3.1/../../../../arm-none-eabi/lib/thumb/v7e-m+fp/hard/rdimon-crt0.o
START GROUP
LOAD ./synergy/ssp/src/driver/r_ioport/r_ioport.o
LOAD ./synergy/ssp/src/driver/r_gpt/r_gpt.o
LOAD ./synergy/ssp/src/driver/r_elc/r_elc.o
LOAD ./synergy/ssp/src/driver/r_cgc/r_cgc.o
LOAD ./synergy/ssp/src/bsp/mcu/s7g2/bsp_cache.o
LOAD ./synergy/ssp/src/bsp/mcu/s7g2/bsp_clocks.o
LOAD ./synergy/ssp/src/bsp/mcu/s7g2/bsp_feature.o
LOAD ./synergy/ssp/src/bsp/mcu/s7g2/bsp_group_irq.o
LOAD ./synergy/ssp/src/bsp/mcu/s7g2/bsp_hw_locks.o
LOAD ./synergy/ssp/src/bsp/mcu/s7g2/bsp_module_stop.o
LOAD ./synergy/ssp/src/bsp/mcu/s7g2/bsp_rom_registers.o
LOAD ./synergy/ssp/src/bsp/mcu/all/bsp_common.o
LOAD ./synergy/ssp/src/bsp/mcu/all/bsp_common_leds.o
LOAD ./synergy/ssp/src/bsp/mcu/all/bsp_delay.o
LOAD ./synergy/ssp/src/bsp/mcu/all/bsp_irq.o
LOAD ./synergy/ssp/src/bsp/mcu/all/bsp_locking.o
LOAD ./synergy/ssp/src/bsp/mcu/all/bsp_register_protection.o
LOAD ./synergy/ssp/src/bsp/mcu/all/bsp_sbrk.o
LOAD ./synergy/ssp/src/bsp/cmsis/Device/RENESAS/S7G2/Source/startup_S7G2.o
LOAD ./synergy/ssp/src/bsp/cmsis/Device/RENESAS/S7G2/Source/system_S7G2.o
LOAD ./synergy/board/s7g2_sk/bsp_init.o
LOAD ./synergy/board/s7g2_sk/bsp_leds.o
LOAD ./synergy/board/s7g2_sk/bsp_qspi.o
LOAD ./src/synergy_gen/common_data.o
LOAD ./src/synergy_gen/hal_data.o
LOAD ./src/synergy_gen/main.o
LOAD ./src/synergy_gen/pin_data.o
LOAD ./src/hal_entry.o
LOAD D:\Documents\File_code\RENESAS\TimerBaseUnit\synergy\ssp\src\bsp\cmsis\DSP_Lib\cm4_gcc\libDSP_Lib.a
LOAD D:\Documents\File_code\RENESAS\TimerBaseUnit\synergy\ssp\src\bsp\cmsis\NN_Lib\cm4_gcc\libNN_Lib.a
LOAD D:\Documents\File_code\RENESAS\TimerBaseUnit\synergy\ssp\src\driver\r_fmi\libs\libfmi_cm4_s7g2_gcc.a
LOAD D:\Documents\File_code\RENESAS\TimerBaseUnit\synergy\ssp\src\bsp\mcu\s7g2\libfmi_R7FS7G27H3A01CFC_gcc.a
END GROUP
START GROUP
LOAD c:/renesas/synergy/e2studio_v2024-01.1_ssp_v2.6.1/toolchains/gcc_arm/gcc-arm-none-eabi-10.3-2021.10/bin/../lib/gcc/arm-none-eabi/10.3.1/thumb/v7e-m+fp/hard\libgcc.a
LOAD c:/renesas/synergy/e2studio_v2024-01.1_ssp_v2.6.1/toolchains/gcc_arm/gcc-arm-none-eabi-10.3-2021.10/bin/../lib/gcc/arm-none-eabi/10.3.1/../../../../arm-none-eabi/lib/thumb/v7e-m+fp/hard\libg_nano.a
LOAD c:/renesas/synergy/e2studio_v2024-01.1_ssp_v2.6.1/toolchains/gcc_arm/gcc-arm-none-eabi-10.3-2021.10/bin/../lib/gcc/arm-none-eabi/10.3.1/../../../../arm-none-eabi/lib/thumb/v7e-m+fp/hard\libc_nano.a
END GROUP
START GROUP
LOAD c:/renesas/synergy/e2studio_v2024-01.1_ssp_v2.6.1/toolchains/gcc_arm/gcc-arm-none-eabi-10.3-2021.10/bin/../lib/gcc/arm-none-eabi/10.3.1/thumb/v7e-m+fp/hard\libgcc.a
LOAD c:/renesas/synergy/e2studio_v2024-01.1_ssp_v2.6.1/toolchains/gcc_arm/gcc-arm-none-eabi-10.3-2021.10/bin/../lib/gcc/arm-none-eabi/10.3.1/../../../../arm-none-eabi/lib/thumb/v7e-m+fp/hard\libc_nano.a
LOAD c:/renesas/synergy/e2studio_v2024-01.1_ssp_v2.6.1/toolchains/gcc_arm/gcc-arm-none-eabi-10.3-2021.10/bin/../lib/gcc/arm-none-eabi/10.3.1/../../../../arm-none-eabi/lib/thumb/v7e-m+fp/hard\librdimon_nano.a
END GROUP
START GROUP
LOAD c:/renesas/synergy/e2studio_v2024-01.1_ssp_v2.6.1/toolchains/gcc_arm/gcc-arm-none-eabi-10.3-2021.10/bin/../lib/gcc/arm-none-eabi/10.3.1/thumb/v7e-m+fp/hard\libgcc.a
LOAD c:/renesas/synergy/e2studio_v2024-01.1_ssp_v2.6.1/toolchains/gcc_arm/gcc-arm-none-eabi-10.3-2021.10/bin/../lib/gcc/arm-none-eabi/10.3.1/../../../../arm-none-eabi/lib/thumb/v7e-m+fp/hard\libc_nano.a
LOAD c:/renesas/synergy/e2studio_v2024-01.1_ssp_v2.6.1/toolchains/gcc_arm/gcc-arm-none-eabi-10.3-2021.10/bin/../lib/gcc/arm-none-eabi/10.3.1/../../../../arm-none-eabi/lib/thumb/v7e-m+fp/hard\librdimon_nano.a
END GROUP
LOAD c:/renesas/synergy/e2studio_v2024-01.1_ssp_v2.6.1/toolchains/gcc_arm/gcc-arm-none-eabi-10.3-2021.10/bin/../lib/gcc/arm-none-eabi/10.3.1/thumb/v7e-m+fp/hard/crtend.o
LOAD c:/renesas/synergy/e2studio_v2024-01.1_ssp_v2.6.1/toolchains/gcc_arm/gcc-arm-none-eabi-10.3-2021.10/bin/../lib/gcc/arm-none-eabi/10.3.1/thumb/v7e-m+fp/hard/crtn.o
START GROUP
LOAD c:/renesas/synergy/e2studio_v2024-01.1_ssp_v2.6.1/toolchains/gcc_arm/gcc-arm-none-eabi-10.3-2021.10/bin/../lib/gcc/arm-none-eabi/10.3.1/thumb/v7e-m+fp/hard\libgcc.a
LOAD c:/renesas/synergy/e2studio_v2024-01.1_ssp_v2.6.1/toolchains/gcc_arm/gcc-arm-none-eabi-10.3-2021.10/bin/../lib/gcc/arm-none-eabi/10.3.1/../../../../arm-none-eabi/lib/thumb/v7e-m+fp/hard\libc.a
LOAD c:/renesas/synergy/e2studio_v2024-01.1_ssp_v2.6.1/toolchains/gcc_arm/gcc-arm-none-eabi-10.3-2021.10/bin/../lib/gcc/arm-none-eabi/10.3.1/../../../../arm-none-eabi/lib/thumb/v7e-m+fp/hard\libm.a
LOAD c:/renesas/synergy/e2studio_v2024-01.1_ssp_v2.6.1/toolchains/gcc_arm/gcc-arm-none-eabi-10.3-2021.10/bin/../lib/gcc/arm-none-eabi/10.3.1/../../../../arm-none-eabi/lib/thumb/v7e-m+fp/hard\libnosys.a
END GROUP

.text           0x00000000     0x5f70
                0x00000000                __ROM_Start = .
 *(.vectors)
 .vectors       0x00000000       0x40 ./synergy/ssp/src/bsp/cmsis/Device/RENESAS/S7G2/Source/startup_S7G2.o
                0x00000000                __Vectors
 *(SORT_BY_NAME(.vector.*))
                0x00000040                __Vectors_End = .
                0x1ffe0270                __end__ = .
                0x00000400                . = (__ROM_Start + 0x400)
 *fill*         0x00000040      0x3c0 ff
 *(.rom_registers*)
 .rom_registers
                0x00000400       0x3c ./synergy/ssp/src/bsp/mcu/s7g2/bsp_rom_registers.o
                0x00000500                . = (__ROM_Start + 0x500)
 *fill*         0x0000043c       0xc4 ff
                0x00000500                __Vector_Info_Start = .
 *(SORT_BY_NAME(.vector_info.*))
                0x00000500                __Vector_Info_End = .
                0x00000500                __Lock_Lookup_Start = .
 *(SORT_BY_NAME(.hw_lock_lookup.*))
 .hw_lock_lookup.ADC_0U_0U
                0x00000500        0x4 ./synergy/ssp/src/bsp/mcu/s7g2/bsp_hw_locks.o
                0x00000500                g_lock_lookup_ADC_0U_0U
 .hw_lock_lookup.ADC_0U_1U
                0x00000504        0x4 ./synergy/ssp/src/bsp/mcu/s7g2/bsp_hw_locks.o
                0x00000504                g_lock_lookup_ADC_0U_1U
 .hw_lock_lookup.AGT_0U_0U
                0x00000508        0x4 ./synergy/ssp/src/bsp/mcu/s7g2/bsp_hw_locks.o
                0x00000508                g_lock_lookup_AGT_0U_0U
 .hw_lock_lookup.AGT_0U_1U
                0x0000050c        0x4 ./synergy/ssp/src/bsp/mcu/s7g2/bsp_hw_locks.o
                0x0000050c                g_lock_lookup_AGT_0U_1U
 .hw_lock_lookup.BSC_0U_1U
                0x00000510        0x4 ./synergy/ssp/src/bsp/mcu/s7g2/bsp_hw_locks.o
                0x00000510                g_lock_lookup_BSC_0U_1U
 .hw_lock_lookup.CAC_0U_0U
                0x00000514        0x4 ./synergy/ssp/src/bsp/mcu/s7g2/bsp_hw_locks.o
                0x00000514                g_lock_lookup_CAC_0U_0U
 .hw_lock_lookup.CAN_0U_0U
                0x00000518        0x4 ./synergy/ssp/src/bsp/mcu/s7g2/bsp_hw_locks.o
                0x00000518                g_lock_lookup_CAN_0U_0U
 .hw_lock_lookup.CAN_0U_1U
                0x0000051c        0x4 ./synergy/ssp/src/bsp/mcu/s7g2/bsp_hw_locks.o
                0x0000051c                g_lock_lookup_CAN_0U_1U
 .hw_lock_lookup.COMP_HS_0U_0U
                0x00000520        0x4 ./synergy/ssp/src/bsp/mcu/s7g2/bsp_hw_locks.o
                0x00000520                g_lock_lookup_COMP_HS_0U_0U
 .hw_lock_lookup.COMP_HS_0U_1U
                0x00000524        0x4 ./synergy/ssp/src/bsp/mcu/s7g2/bsp_hw_locks.o
                0x00000524                g_lock_lookup_COMP_HS_0U_1U
 .hw_lock_lookup.COMP_HS_0U_2U
                0x00000528        0x4 ./synergy/ssp/src/bsp/mcu/s7g2/bsp_hw_locks.o
                0x00000528                g_lock_lookup_COMP_HS_0U_2U
 .hw_lock_lookup.COMP_HS_0U_3U
                0x0000052c        0x4 ./synergy/ssp/src/bsp/mcu/s7g2/bsp_hw_locks.o
                0x0000052c                g_lock_lookup_COMP_HS_0U_3U
 .hw_lock_lookup.COMP_HS_0U_4U
                0x00000530        0x4 ./synergy/ssp/src/bsp/mcu/s7g2/bsp_hw_locks.o
                0x00000530                g_lock_lookup_COMP_HS_0U_4U
 .hw_lock_lookup.COMP_HS_0U_5U
                0x00000534        0x4 ./synergy/ssp/src/bsp/mcu/s7g2/bsp_hw_locks.o
                0x00000534                g_lock_lookup_COMP_HS_0U_5U
 .hw_lock_lookup.CRC_0U_0U
                0x00000538        0x4 ./synergy/ssp/src/bsp/mcu/s7g2/bsp_hw_locks.o
                0x00000538                g_lock_lookup_CRC_0U_0U
 .hw_lock_lookup.CTSU_0U_0U
                0x0000053c        0x4 ./synergy/ssp/src/bsp/mcu/s7g2/bsp_hw_locks.o
                0x0000053c                g_lock_lookup_CTSU_0U_0U
 .hw_lock_lookup.DAAD_0U_0U
                0x00000540        0x4 ./synergy/ssp/src/bsp/mcu/s7g2/bsp_hw_locks.o
                0x00000540                g_lock_lookup_DAAD_0U_0U
 .hw_lock_lookup.DAC_0U_0U
                0x00000544        0x4 ./synergy/ssp/src/bsp/mcu/s7g2/bsp_hw_locks.o
                0x00000544                g_lock_lookup_DAC_0U_0U
 .hw_lock_lookup.DAC_0U_1U
                0x00000548        0x4 ./synergy/ssp/src/bsp/mcu/s7g2/bsp_hw_locks.o
                0x00000548                g_lock_lookup_DAC_0U_1U
 .hw_lock_lookup.DMAC_0U_0U
                0x0000054c        0x4 ./synergy/ssp/src/bsp/mcu/s7g2/bsp_hw_locks.o
                0x0000054c                g_lock_lookup_DMAC_0U_0U
 .hw_lock_lookup.DMAC_0U_1U
                0x00000550        0x4 ./synergy/ssp/src/bsp/mcu/s7g2/bsp_hw_locks.o
                0x00000550                g_lock_lookup_DMAC_0U_1U
 .hw_lock_lookup.DMAC_0U_2U
                0x00000554        0x4 ./synergy/ssp/src/bsp/mcu/s7g2/bsp_hw_locks.o
                0x00000554                g_lock_lookup_DMAC_0U_2U
 .hw_lock_lookup.DMAC_0U_3U
                0x00000558        0x4 ./synergy/ssp/src/bsp/mcu/s7g2/bsp_hw_locks.o
                0x00000558                g_lock_lookup_DMAC_0U_3U
 .hw_lock_lookup.DMAC_0U_4U
                0x0000055c        0x4 ./synergy/ssp/src/bsp/mcu/s7g2/bsp_hw_locks.o
                0x0000055c                g_lock_lookup_DMAC_0U_4U
 .hw_lock_lookup.DMAC_0U_5U
                0x00000560        0x4 ./synergy/ssp/src/bsp/mcu/s7g2/bsp_hw_locks.o
                0x00000560                g_lock_lookup_DMAC_0U_5U
 .hw_lock_lookup.DMAC_0U_6U
                0x00000564        0x4 ./synergy/ssp/src/bsp/mcu/s7g2/bsp_hw_locks.o
                0x00000564                g_lock_lookup_DMAC_0U_6U
 .hw_lock_lookup.DMAC_0U_7U
                0x00000568        0x4 ./synergy/ssp/src/bsp/mcu/s7g2/bsp_hw_locks.o
                0x00000568                g_lock_lookup_DMAC_0U_7U
 .hw_lock_lookup.DOC_0U_0U
                0x0000056c        0x4 ./synergy/ssp/src/bsp/mcu/s7g2/bsp_hw_locks.o
                0x0000056c                g_lock_lookup_DOC_0U_0U
 .hw_lock_lookup.DRW_0U_0U
                0x00000570        0x4 ./synergy/ssp/src/bsp/mcu/s7g2/bsp_hw_locks.o
                0x00000570                g_lock_lookup_DRW_0U_0U
 .hw_lock_lookup.DTC_0U_0U
                0x00000574        0x4 ./synergy/ssp/src/bsp/mcu/s7g2/bsp_hw_locks.o
                0x00000574                g_lock_lookup_DTC_0U_0U
 .hw_lock_lookup.ELC_0U_0U
                0x00000578        0x4 ./synergy/ssp/src/bsp/mcu/s7g2/bsp_hw_locks.o
                0x00000578                g_lock_lookup_ELC_0U_0U
 .hw_lock_lookup.EPTPC_0U_0U
                0x0000057c        0x4 ./synergy/ssp/src/bsp/mcu/s7g2/bsp_hw_locks.o
                0x0000057c                g_lock_lookup_EPTPC_0U_0U
 .hw_lock_lookup.ETHER_0U_0U
                0x00000580        0x4 ./synergy/ssp/src/bsp/mcu/s7g2/bsp_hw_locks.o
                0x00000580                g_lock_lookup_ETHER_0U_0U
 .hw_lock_lookup.ETHER_0U_1U
                0x00000584        0x4 ./synergy/ssp/src/bsp/mcu/s7g2/bsp_hw_locks.o
                0x00000584                g_lock_lookup_ETHER_0U_1U
 .hw_lock_lookup.FCU_0U_0U
                0x00000588        0x4 ./synergy/ssp/src/bsp/mcu/s7g2/bsp_hw_locks.o
                0x00000588                g_lock_lookup_FCU_0U_0U
 .hw_lock_lookup.GLCDC_0U_0U
                0x0000058c        0x4 ./synergy/ssp/src/bsp/mcu/s7g2/bsp_hw_locks.o
                0x0000058c                g_lock_lookup_GLCDC_0U_0U
 .hw_lock_lookup.GPT_0U_0U
                0x00000590        0x4 ./synergy/ssp/src/bsp/mcu/s7g2/bsp_hw_locks.o
                0x00000590                g_lock_lookup_GPT_0U_0U
 .hw_lock_lookup.GPT_0U_10U
                0x00000594        0x4 ./synergy/ssp/src/bsp/mcu/s7g2/bsp_hw_locks.o
                0x00000594                g_lock_lookup_GPT_0U_10U
 .hw_lock_lookup.GPT_0U_11U
                0x00000598        0x4 ./synergy/ssp/src/bsp/mcu/s7g2/bsp_hw_locks.o
                0x00000598                g_lock_lookup_GPT_0U_11U
 .hw_lock_lookup.GPT_0U_12U
                0x0000059c        0x4 ./synergy/ssp/src/bsp/mcu/s7g2/bsp_hw_locks.o
                0x0000059c                g_lock_lookup_GPT_0U_12U
 .hw_lock_lookup.GPT_0U_13U
                0x000005a0        0x4 ./synergy/ssp/src/bsp/mcu/s7g2/bsp_hw_locks.o
                0x000005a0                g_lock_lookup_GPT_0U_13U
 .hw_lock_lookup.GPT_0U_1U
                0x000005a4        0x4 ./synergy/ssp/src/bsp/mcu/s7g2/bsp_hw_locks.o
                0x000005a4                g_lock_lookup_GPT_0U_1U
 .hw_lock_lookup.GPT_0U_2U
                0x000005a8        0x4 ./synergy/ssp/src/bsp/mcu/s7g2/bsp_hw_locks.o
                0x000005a8                g_lock_lookup_GPT_0U_2U
 .hw_lock_lookup.GPT_0U_3U
                0x000005ac        0x4 ./synergy/ssp/src/bsp/mcu/s7g2/bsp_hw_locks.o
                0x000005ac                g_lock_lookup_GPT_0U_3U
 .hw_lock_lookup.GPT_0U_4U
                0x000005b0        0x4 ./synergy/ssp/src/bsp/mcu/s7g2/bsp_hw_locks.o
                0x000005b0                g_lock_lookup_GPT_0U_4U
 .hw_lock_lookup.GPT_0U_5U
                0x000005b4        0x4 ./synergy/ssp/src/bsp/mcu/s7g2/bsp_hw_locks.o
                0x000005b4                g_lock_lookup_GPT_0U_5U
 .hw_lock_lookup.GPT_0U_6U
                0x000005b8        0x4 ./synergy/ssp/src/bsp/mcu/s7g2/bsp_hw_locks.o
                0x000005b8                g_lock_lookup_GPT_0U_6U
 .hw_lock_lookup.GPT_0U_7U
                0x000005bc        0x4 ./synergy/ssp/src/bsp/mcu/s7g2/bsp_hw_locks.o
                0x000005bc                g_lock_lookup_GPT_0U_7U
 .hw_lock_lookup.GPT_0U_8U
                0x000005c0        0x4 ./synergy/ssp/src/bsp/mcu/s7g2/bsp_hw_locks.o
                0x000005c0                g_lock_lookup_GPT_0U_8U
 .hw_lock_lookup.GPT_0U_9U
                0x000005c4        0x4 ./synergy/ssp/src/bsp/mcu/s7g2/bsp_hw_locks.o
                0x000005c4                g_lock_lookup_GPT_0U_9U
 .hw_lock_lookup.ICU_0U_0U
                0x000005c8        0x4 ./synergy/ssp/src/bsp/mcu/s7g2/bsp_hw_locks.o
                0x000005c8                g_lock_lookup_ICU_0U_0U
 .hw_lock_lookup.ICU_0U_10U
                0x000005cc        0x4 ./synergy/ssp/src/bsp/mcu/s7g2/bsp_hw_locks.o
                0x000005cc                g_lock_lookup_ICU_0U_10U
 .hw_lock_lookup.ICU_0U_11U
                0x000005d0        0x4 ./synergy/ssp/src/bsp/mcu/s7g2/bsp_hw_locks.o
                0x000005d0                g_lock_lookup_ICU_0U_11U
 .hw_lock_lookup.ICU_0U_12U
                0x000005d4        0x4 ./synergy/ssp/src/bsp/mcu/s7g2/bsp_hw_locks.o
                0x000005d4                g_lock_lookup_ICU_0U_12U
 .hw_lock_lookup.ICU_0U_13U
                0x000005d8        0x4 ./synergy/ssp/src/bsp/mcu/s7g2/bsp_hw_locks.o
                0x000005d8                g_lock_lookup_ICU_0U_13U
 .hw_lock_lookup.ICU_0U_14U
                0x000005dc        0x4 ./synergy/ssp/src/bsp/mcu/s7g2/bsp_hw_locks.o
                0x000005dc                g_lock_lookup_ICU_0U_14U
 .hw_lock_lookup.ICU_0U_15U
                0x000005e0        0x4 ./synergy/ssp/src/bsp/mcu/s7g2/bsp_hw_locks.o
                0x000005e0                g_lock_lookup_ICU_0U_15U
 .hw_lock_lookup.ICU_0U_1U
                0x000005e4        0x4 ./synergy/ssp/src/bsp/mcu/s7g2/bsp_hw_locks.o
                0x000005e4                g_lock_lookup_ICU_0U_1U
 .hw_lock_lookup.ICU_0U_2U
                0x000005e8        0x4 ./synergy/ssp/src/bsp/mcu/s7g2/bsp_hw_locks.o
                0x000005e8                g_lock_lookup_ICU_0U_2U
 .hw_lock_lookup.ICU_0U_3U
                0x000005ec        0x4 ./synergy/ssp/src/bsp/mcu/s7g2/bsp_hw_locks.o
                0x000005ec                g_lock_lookup_ICU_0U_3U
 .hw_lock_lookup.ICU_0U_4U
                0x000005f0        0x4 ./synergy/ssp/src/bsp/mcu/s7g2/bsp_hw_locks.o
                0x000005f0                g_lock_lookup_ICU_0U_4U
 .hw_lock_lookup.ICU_0U_5U
                0x000005f4        0x4 ./synergy/ssp/src/bsp/mcu/s7g2/bsp_hw_locks.o
                0x000005f4                g_lock_lookup_ICU_0U_5U
 .hw_lock_lookup.ICU_0U_6U
                0x000005f8        0x4 ./synergy/ssp/src/bsp/mcu/s7g2/bsp_hw_locks.o
                0x000005f8                g_lock_lookup_ICU_0U_6U
 .hw_lock_lookup.ICU_0U_7U
                0x000005fc        0x4 ./synergy/ssp/src/bsp/mcu/s7g2/bsp_hw_locks.o
                0x000005fc                g_lock_lookup_ICU_0U_7U
 .hw_lock_lookup.ICU_0U_8U
                0x00000600        0x4 ./synergy/ssp/src/bsp/mcu/s7g2/bsp_hw_locks.o
                0x00000600                g_lock_lookup_ICU_0U_8U
 .hw_lock_lookup.ICU_0U_9U
                0x00000604        0x4 ./synergy/ssp/src/bsp/mcu/s7g2/bsp_hw_locks.o
                0x00000604                g_lock_lookup_ICU_0U_9U
 .hw_lock_lookup.IIC_0U_0U
                0x00000608        0x4 ./synergy/ssp/src/bsp/mcu/s7g2/bsp_hw_locks.o
                0x00000608                g_lock_lookup_IIC_0U_0U
 .hw_lock_lookup.IIC_0U_1U
                0x0000060c        0x4 ./synergy/ssp/src/bsp/mcu/s7g2/bsp_hw_locks.o
                0x0000060c                g_lock_lookup_IIC_0U_1U
 .hw_lock_lookup.IIC_0U_2U
                0x00000610        0x4 ./synergy/ssp/src/bsp/mcu/s7g2/bsp_hw_locks.o
                0x00000610                g_lock_lookup_IIC_0U_2U
 .hw_lock_lookup.IRDA_0U_0U
                0x00000614        0x4 ./synergy/ssp/src/bsp/mcu/s7g2/bsp_hw_locks.o
                0x00000614                g_lock_lookup_IRDA_0U_0U
 .hw_lock_lookup.IWDT_0U_0U
                0x00000618        0x4 ./synergy/ssp/src/bsp/mcu/s7g2/bsp_hw_locks.o
                0x00000618                g_lock_lookup_IWDT_0U_0U
 .hw_lock_lookup.JPEG_0U_0U
                0x0000061c        0x4 ./synergy/ssp/src/bsp/mcu/s7g2/bsp_hw_locks.o
                0x0000061c                g_lock_lookup_JPEG_0U_0U
 .hw_lock_lookup.KEY_0U_0U
                0x00000620        0x4 ./synergy/ssp/src/bsp/mcu/s7g2/bsp_hw_locks.o
                0x00000620                g_lock_lookup_KEY_0U_0U
 .hw_lock_lookup.LPM_1U_0U
                0x00000624        0x4 ./synergy/ssp/src/bsp/mcu/s7g2/bsp_hw_locks.o
                0x00000624                g_lock_lookup_LPM_1U_0U
 .hw_lock_lookup.LVD_0U_0U
                0x00000628        0x4 ./synergy/ssp/src/bsp/mcu/s7g2/bsp_hw_locks.o
                0x00000628                g_lock_lookup_LVD_0U_0U
 .hw_lock_lookup.LVD_0U_1U
                0x0000062c        0x4 ./synergy/ssp/src/bsp/mcu/s7g2/bsp_hw_locks.o
                0x0000062c                g_lock_lookup_LVD_0U_1U
 .hw_lock_lookup.MMF_0U_0U
                0x00000630        0x4 ./synergy/ssp/src/bsp/mcu/s7g2/bsp_hw_locks.o
                0x00000630                g_lock_lookup_MMF_0U_0U
 .hw_lock_lookup.MPU_0U_0U
                0x00000634        0x4 ./synergy/ssp/src/bsp/mcu/s7g2/bsp_hw_locks.o
                0x00000634                g_lock_lookup_MPU_0U_0U
 .hw_lock_lookup.OPS_0U_0U
                0x00000638        0x4 ./synergy/ssp/src/bsp/mcu/s7g2/bsp_hw_locks.o
                0x00000638                g_lock_lookup_OPS_0U_0U
 .hw_lock_lookup.PDC_0U_0U
                0x0000063c        0x4 ./synergy/ssp/src/bsp/mcu/s7g2/bsp_hw_locks.o
                0x0000063c                g_lock_lookup_PDC_0U_0U
 .hw_lock_lookup.POEG_0U_0U
                0x00000640        0x4 ./synergy/ssp/src/bsp/mcu/s7g2/bsp_hw_locks.o
                0x00000640                g_lock_lookup_POEG_0U_0U
 .hw_lock_lookup.POEG_0U_1U
                0x00000644        0x4 ./synergy/ssp/src/bsp/mcu/s7g2/bsp_hw_locks.o
                0x00000644                g_lock_lookup_POEG_0U_1U
 .hw_lock_lookup.POEG_0U_2U
                0x00000648        0x4 ./synergy/ssp/src/bsp/mcu/s7g2/bsp_hw_locks.o
                0x00000648                g_lock_lookup_POEG_0U_2U
 .hw_lock_lookup.POEG_0U_3U
                0x0000064c        0x4 ./synergy/ssp/src/bsp/mcu/s7g2/bsp_hw_locks.o
                0x0000064c                g_lock_lookup_POEG_0U_3U
 .hw_lock_lookup.QSPI_0U_0U
                0x00000650        0x4 ./synergy/ssp/src/bsp/mcu/s7g2/bsp_hw_locks.o
                0x00000650                g_lock_lookup_QSPI_0U_0U
 .hw_lock_lookup.RTC_0U_0U
                0x00000654        0x4 ./synergy/ssp/src/bsp/mcu/s7g2/bsp_hw_locks.o
                0x00000654                g_lock_lookup_RTC_0U_0U
 .hw_lock_lookup.SCE_0U_0U
                0x00000658        0x4 ./synergy/ssp/src/bsp/mcu/s7g2/bsp_hw_locks.o
                0x00000658                g_lock_lookup_SCE_0U_0U
 .hw_lock_lookup.SCI_0U_0U
                0x0000065c        0x4 ./synergy/ssp/src/bsp/mcu/s7g2/bsp_hw_locks.o
                0x0000065c                g_lock_lookup_SCI_0U_0U
 .hw_lock_lookup.SCI_0U_1U
                0x00000660        0x4 ./synergy/ssp/src/bsp/mcu/s7g2/bsp_hw_locks.o
                0x00000660                g_lock_lookup_SCI_0U_1U
 .hw_lock_lookup.SCI_0U_2U
                0x00000664        0x4 ./synergy/ssp/src/bsp/mcu/s7g2/bsp_hw_locks.o
                0x00000664                g_lock_lookup_SCI_0U_2U
 .hw_lock_lookup.SCI_0U_3U
                0x00000668        0x4 ./synergy/ssp/src/bsp/mcu/s7g2/bsp_hw_locks.o
                0x00000668                g_lock_lookup_SCI_0U_3U
 .hw_lock_lookup.SCI_0U_4U
                0x0000066c        0x4 ./synergy/ssp/src/bsp/mcu/s7g2/bsp_hw_locks.o
                0x0000066c                g_lock_lookup_SCI_0U_4U
 .hw_lock_lookup.SCI_0U_5U
                0x00000670        0x4 ./synergy/ssp/src/bsp/mcu/s7g2/bsp_hw_locks.o
                0x00000670                g_lock_lookup_SCI_0U_5U
 .hw_lock_lookup.SCI_0U_6U
                0x00000674        0x4 ./synergy/ssp/src/bsp/mcu/s7g2/bsp_hw_locks.o
                0x00000674                g_lock_lookup_SCI_0U_6U
 .hw_lock_lookup.SCI_0U_7U
                0x00000678        0x4 ./synergy/ssp/src/bsp/mcu/s7g2/bsp_hw_locks.o
                0x00000678                g_lock_lookup_SCI_0U_7U
 .hw_lock_lookup.SCI_0U_8U
                0x0000067c        0x4 ./synergy/ssp/src/bsp/mcu/s7g2/bsp_hw_locks.o
                0x0000067c                g_lock_lookup_SCI_0U_8U
 .hw_lock_lookup.SCI_0U_9U
                0x00000680        0x4 ./synergy/ssp/src/bsp/mcu/s7g2/bsp_hw_locks.o
                0x00000680                g_lock_lookup_SCI_0U_9U
 .hw_lock_lookup.SDHIMMC_0U_0U
                0x00000684        0x4 ./synergy/ssp/src/bsp/mcu/s7g2/bsp_hw_locks.o
                0x00000684                g_lock_lookup_SDHIMMC_0U_0U
 .hw_lock_lookup.SDHIMMC_0U_1U
                0x00000688        0x4 ./synergy/ssp/src/bsp/mcu/s7g2/bsp_hw_locks.o
                0x00000688                g_lock_lookup_SDHIMMC_0U_1U
 .hw_lock_lookup.SPI_0U_0U
                0x0000068c        0x4 ./synergy/ssp/src/bsp/mcu/s7g2/bsp_hw_locks.o
                0x0000068c                g_lock_lookup_SPI_0U_0U
 .hw_lock_lookup.SPI_0U_1U
                0x00000690        0x4 ./synergy/ssp/src/bsp/mcu/s7g2/bsp_hw_locks.o
                0x00000690                g_lock_lookup_SPI_0U_1U
 .hw_lock_lookup.SRC_0U_0U
                0x00000694        0x4 ./synergy/ssp/src/bsp/mcu/s7g2/bsp_hw_locks.o
                0x00000694                g_lock_lookup_SRC_0U_0U
 .hw_lock_lookup.SSI_0U_0U
                0x00000698        0x4 ./synergy/ssp/src/bsp/mcu/s7g2/bsp_hw_locks.o
                0x00000698                g_lock_lookup_SSI_0U_0U
 .hw_lock_lookup.SSI_0U_1U
                0x0000069c        0x4 ./synergy/ssp/src/bsp/mcu/s7g2/bsp_hw_locks.o
                0x0000069c                g_lock_lookup_SSI_0U_1U
 .hw_lock_lookup.TSN_0U_0U
                0x000006a0        0x4 ./synergy/ssp/src/bsp/mcu/s7g2/bsp_hw_locks.o
                0x000006a0                g_lock_lookup_TSN_0U_0U
 .hw_lock_lookup.USB_0U_0U
                0x000006a4        0x4 ./synergy/ssp/src/bsp/mcu/s7g2/bsp_hw_locks.o
                0x000006a4                g_lock_lookup_USB_0U_0U
 .hw_lock_lookup.USB_1U_0U
                0x000006a8        0x4 ./synergy/ssp/src/bsp/mcu/s7g2/bsp_hw_locks.o
                0x000006a8                g_lock_lookup_USB_1U_0U
 .hw_lock_lookup.WDT_0U_0U
                0x000006ac        0x4 ./synergy/ssp/src/bsp/mcu/s7g2/bsp_hw_locks.o
                0x000006ac                g_lock_lookup_WDT_0U_0U
                0x000006b0                __Lock_Lookup_End = .
 *(.text*)
 .text          0x000006b0       0x40 c:/renesas/synergy/e2studio_v2024-01.1_ssp_v2.6.1/toolchains/gcc_arm/gcc-arm-none-eabi-10.3-2021.10/bin/../lib/gcc/arm-none-eabi/10.3.1/thumb/v7e-m+fp/hard/crtbegin.o
 .text.R_IOPORT_PortRead
                0x000006f0       0x34 ./synergy/ssp/src/driver/r_ioport/r_ioport.o
                0x000006f0                R_IOPORT_PortRead
 .text.R_IOPORT_PortWrite
                0x00000724       0x40 ./synergy/ssp/src/driver/r_ioport/r_ioport.o
                0x00000724                R_IOPORT_PortWrite
 .text.R_IOPORT_PortDirectionSet
                0x00000764       0x50 ./synergy/ssp/src/driver/r_ioport/r_ioport.o
                0x00000764                R_IOPORT_PortDirectionSet
 .text.R_IOPORT_PortEventInputRead
                0x000007b4       0x34 ./synergy/ssp/src/driver/r_ioport/r_ioport.o
                0x000007b4                R_IOPORT_PortEventInputRead
 .text.R_IOPORT_PortEventOutputWrite
                0x000007e8       0x3c ./synergy/ssp/src/driver/r_ioport/r_ioport.o
                0x000007e8                R_IOPORT_PortEventOutputWrite
 .text.R_IOPORT_VersionGet
                0x00000824       0x10 ./synergy/ssp/src/driver/r_ioport/r_ioport.o
                0x00000824                R_IOPORT_VersionGet
 .text.bsp_vbatt_init
                0x00000834       0xac ./synergy/ssp/src/driver/r_ioport/r_ioport.o
 .text.R_IOPORT_PinDirectionSet
                0x000008e0       0xd0 ./synergy/ssp/src/driver/r_ioport/r_ioport.o
                0x000008e0                R_IOPORT_PinDirectionSet
 .text.R_IOPORT_EthernetModeCfg
                0x000009b0       0x50 ./synergy/ssp/src/driver/r_ioport/r_ioport.o
                0x000009b0                R_IOPORT_EthernetModeCfg
 .text.R_IOPORT_PinsCfg
                0x00000a00       0xd4 ./synergy/ssp/src/driver/r_ioport/r_ioport.o
                0x00000a00                R_IOPORT_PinsCfg
 .text.R_IOPORT_Init
                0x00000ad4       0x74 ./synergy/ssp/src/driver/r_ioport/r_ioport.o
                0x00000ad4                R_IOPORT_Init
 .text.R_IOPORT_PinRead
                0x00000b48       0x50 ./synergy/ssp/src/driver/r_ioport/r_ioport.o
                0x00000b48                R_IOPORT_PinRead
 .text.R_IOPORT_PinEventInputRead
                0x00000b98       0x5c ./synergy/ssp/src/driver/r_ioport/r_ioport.o
                0x00000b98                R_IOPORT_PinEventInputRead
 .text.R_IOPORT_PinEventOutputWrite
                0x00000bf4       0x64 ./synergy/ssp/src/driver/r_ioport/r_ioport.o
                0x00000bf4                R_IOPORT_PinEventOutputWrite
 .text.R_IOPORT_PinWrite
                0x00000c58       0x54 ./synergy/ssp/src/driver/r_ioport/r_ioport.o
                0x00000c58                R_IOPORT_PinWrite
 .text.R_IOPORT_PinCfg
                0x00000cac       0xc8 ./synergy/ssp/src/driver/r_ioport/r_ioport.o
                0x00000cac                R_IOPORT_PinCfg
 .text.R_GPT_Stop
                0x00000d74       0x28 ./synergy/ssp/src/driver/r_gpt/r_gpt.o
                0x00000d74                R_GPT_Stop
 .text.R_GPT_Start
                0x00000d9c       0x28 ./synergy/ssp/src/driver/r_gpt/r_gpt.o
                0x00000d9c                R_GPT_Start
 .text.R_GPT_VersionGet
                0x00000dc4       0x10 ./synergy/ssp/src/driver/r_gpt/r_gpt.o
                0x00000dc4                R_GPT_VersionGet
 .text.R_GPT_Close
                0x00000dd4       0xa4 ./synergy/ssp/src/driver/r_gpt/r_gpt.o
                0x00000dd4                R_GPT_Close
 .text.R_GPT_CounterGet
                0x00000e78       0x24 ./synergy/ssp/src/driver/r_gpt/r_gpt.o
                0x00000e78                R_GPT_CounterGet
 .text.R_GPT_Reset
                0x00000e9c       0x5c ./synergy/ssp/src/driver/r_gpt/r_gpt.o
                0x00000e9c                R_GPT_Reset
 .text.gpt_duty_cycle_to_pclk.constprop.0
                0x00000ef8       0x8c ./synergy/ssp/src/driver/r_gpt/r_gpt.o
 .text.R_GPT_InfoGet
                0x00000f84       0x8c ./synergy/ssp/src/driver/r_gpt/r_gpt.o
                0x00000f84                R_GPT_InfoGet
 .text.gpt_set_duty_cycle.isra.0
                0x00001010       0x5c ./synergy/ssp/src/driver/r_gpt/r_gpt.o
 .text.gpt_set_output_pin
                0x0000106c      0x13c ./synergy/ssp/src/driver/r_gpt/r_gpt.o
 .text.R_GPT_DutyCycleSet
                0x000011a8       0x64 ./synergy/ssp/src/driver/r_gpt/r_gpt.o
                0x000011a8                R_GPT_DutyCycleSet
 *fill*         0x0000120c        0x4 ff
 .text.gpt_period_to_pclk
                0x00001210      0x110 ./synergy/ssp/src/driver/r_gpt/r_gpt.o
 .text.R_GPT_PeriodSet
                0x00001320       0x7c ./synergy/ssp/src/driver/r_gpt/r_gpt.o
                0x00001320                R_GPT_PeriodSet
 .text.R_GPT_TimerOpen
                0x0000139c      0x2ac ./synergy/ssp/src/driver/r_gpt/r_gpt.o
                0x0000139c                R_GPT_TimerOpen
 .text.R_ELC_LinkSet
                0x00001648       0x14 ./synergy/ssp/src/driver/r_elc/r_elc.o
                0x00001648                R_ELC_LinkSet
 .text.R_ELC_LinkBreak
                0x0000165c       0x14 ./synergy/ssp/src/driver/r_elc/r_elc.o
                0x0000165c                R_ELC_LinkBreak
 .text.R_ELC_Enable
                0x00001670       0x14 ./synergy/ssp/src/driver/r_elc/r_elc.o
                0x00001670                R_ELC_Enable
 .text.R_ELC_Disable
                0x00001684       0x14 ./synergy/ssp/src/driver/r_elc/r_elc.o
                0x00001684                R_ELC_Disable
 .text.R_ELC_VersionGet
                0x00001698       0x10 ./synergy/ssp/src/driver/r_elc/r_elc.o
                0x00001698                R_ELC_VersionGet
 .text.R_ELC_Init
                0x000016a8       0x80 ./synergy/ssp/src/driver/r_elc/r_elc.o
                0x000016a8                R_ELC_Init
 .text.R_ELC_SoftwareEventGenerate
                0x00001728       0x30 ./synergy/ssp/src/driver/r_elc/r_elc.o
                0x00001728                R_ELC_SoftwareEventGenerate
 .text.R_CGC_LCDClockCfg
                0x00001758        0x4 ./synergy/ssp/src/driver/r_cgc/r_cgc.o
                0x00001758                R_CGC_LCDClockCfg
 .text.R_CGC_LCDClockEnable
                0x0000175c        0x4 ./synergy/ssp/src/driver/r_cgc/r_cgc.o
                0x0000175c                R_CGC_LCDClockEnable
 .text.R_CGC_VersionGet
                0x00001760       0x10 ./synergy/ssp/src/driver/r_cgc/r_cgc.o
                0x00001760                R_CGC_VersionGet
 .text.r_cgc_init_pllfreq
                0x00001770       0xd8 ./synergy/ssp/src/driver/r_cgc/r_cgc.o
 .text.R_CGC_SystemClockFreqGet
                0x00001848       0xb0 ./synergy/ssp/src/driver/r_cgc/r_cgc.o
                0x00001848                R_CGC_SystemClockFreqGet
 .text.R_CGC_BusClockOutCfg
                0x000018f8       0x28 ./synergy/ssp/src/driver/r_cgc/r_cgc.o
                0x000018f8                R_CGC_BusClockOutCfg
 .text.R_CGC_BusClockOutEnable
                0x00001920       0x28 ./synergy/ssp/src/driver/r_cgc/r_cgc.o
                0x00001920                R_CGC_BusClockOutEnable
 .text.R_CGC_BusClockOutDisable
                0x00001948       0x28 ./synergy/ssp/src/driver/r_cgc/r_cgc.o
                0x00001948                R_CGC_BusClockOutDisable
 .text.R_CGC_ClockOutEnable
                0x00001970       0x28 ./synergy/ssp/src/driver/r_cgc/r_cgc.o
                0x00001970                R_CGC_ClockOutEnable
 .text.R_CGC_ClockOutDisable
                0x00001998       0x28 ./synergy/ssp/src/driver/r_cgc/r_cgc.o
                0x00001998                R_CGC_ClockOutDisable
 .text.R_CGC_SDRAMClockOutEnable
                0x000019c0       0x28 ./synergy/ssp/src/driver/r_cgc/r_cgc.o
                0x000019c0                R_CGC_SDRAMClockOutEnable
 .text.R_CGC_SDRAMClockOutDisable
                0x000019e8       0x28 ./synergy/ssp/src/driver/r_cgc/r_cgc.o
                0x000019e8                R_CGC_SDRAMClockOutDisable
 .text.R_CGC_USBClockCfg
                0x00001a10       0x28 ./synergy/ssp/src/driver/r_cgc/r_cgc.o
                0x00001a10                R_CGC_USBClockCfg
 .text.R_CGC_SystickUpdate
                0x00001a38       0x88 ./synergy/ssp/src/driver/r_cgc/r_cgc.o
                0x00001a38                R_CGC_SystickUpdate
 .text.R_CGC_ClockOutCfg
                0x00001ac0       0x5c ./synergy/ssp/src/driver/r_cgc/r_cgc.o
                0x00001ac0                R_CGC_ClockOutCfg
 .text.r_cgc_system_dividers_set.isra.0
                0x00001b1c       0x5c ./synergy/ssp/src/driver/r_cgc/r_cgc.o
 .text.R_CGC_OscStopStatusClear
                0x00001b78       0x64 ./synergy/ssp/src/driver/r_cgc/r_cgc.o
                0x00001b78                R_CGC_OscStopStatusClear
 .text.R_CGC_SDADCClockCfg
                0x00001bdc        0x4 ./synergy/ssp/src/driver/r_cgc/r_cgc.o
                0x00001bdc                R_CGC_SDADCClockCfg
 .text.R_CGC_SDADCClockEnable
                0x00001be0        0x4 ./synergy/ssp/src/driver/r_cgc/r_cgc.o
                0x00001be0                R_CGC_SDADCClockEnable
 .text.R_CGC_SDADCClockDisable
                0x00001be4        0x4 ./synergy/ssp/src/driver/r_cgc/r_cgc.o
                0x00001be4                R_CGC_SDADCClockDisable
 .text.R_CGC_LCDClockDisable
                0x00001be8        0x4 ./synergy/ssp/src/driver/r_cgc/r_cgc.o
                0x00001be8                R_CGC_LCDClockDisable
 .text.R_CGC_SystemClockGet
                0x00001bec       0x5c ./synergy/ssp/src/driver/r_cgc/r_cgc.o
                0x00001bec                R_CGC_SystemClockGet
 .text.R_CGC_OscStopDetect
                0x00001c48      0x108 ./synergy/ssp/src/driver/r_cgc/r_cgc.o
                0x00001c48                R_CGC_OscStopDetect
 .text.R_CGC_Init
                0x00001d50      0x11c ./synergy/ssp/src/driver/r_cgc/r_cgc.o
                0x00001d50                R_CGC_Init
 .text.r_cgc_clock_run_state_get
                0x00001e6c       0x68 ./synergy/ssp/src/driver/r_cgc/r_cgc.o
                0x00001e6c                r_cgc_clock_run_state_get
 .text.R_CGC_ClockStop
                0x00001ed4      0x160 ./synergy/ssp/src/driver/r_cgc/r_cgc.o
                0x00001ed4                R_CGC_ClockStop
 .text.R_CGC_ClockCheck
                0x00002034       0x8c ./synergy/ssp/src/driver/r_cgc/r_cgc.o
                0x00002034                R_CGC_ClockCheck
 .text.r_cgc_operating_hw_modeset
                0x000020c0      0x100 ./synergy/ssp/src/driver/r_cgc/r_cgc.o
                0x000020c0                r_cgc_operating_hw_modeset
 .text.r_cgc_operating_mode_set
                0x000021c0       0x50 ./synergy/ssp/src/driver/r_cgc/r_cgc.o
 .text.R_CGC_SystemClockSet
                0x00002210      0x1dc ./synergy/ssp/src/driver/r_cgc/r_cgc.o
                0x00002210                R_CGC_SystemClockSet
 .text.R_CGC_ClockStart.part.0
                0x000023ec      0x3e4 ./synergy/ssp/src/driver/r_cgc/r_cgc.o
 .text.R_CGC_ClockStart
                0x000027d0       0x70 ./synergy/ssp/src/driver/r_cgc/r_cgc.o
                0x000027d0                R_CGC_ClockStart
 .text.r_cgc_clock_start_stop
                0x00002840       0xc8 ./synergy/ssp/src/driver/r_cgc/r_cgc.o
 .text.R_CGC_ClocksCfg
                0x00002908      0x16c ./synergy/ssp/src/driver/r_cgc/r_cgc.o
                0x00002908                R_CGC_ClocksCfg
 .text.R_BSP_CacheOff
                0x00002a74       0x28 ./synergy/ssp/src/bsp/mcu/s7g2/bsp_cache.o
                0x00002a74                R_BSP_CacheOff
 .text.R_BSP_CacheSet
                0x00002a9c       0x48 ./synergy/ssp/src/bsp/mcu/s7g2/bsp_cache.o
                0x00002a9c                R_BSP_CacheSet
 .text.bsp_clock_init
                0x00002ae4       0x9c ./synergy/ssp/src/bsp/mcu/s7g2/bsp_clocks.o
                0x00002ae4                bsp_clock_init
 .text.bsp_cpu_clock_get
                0x00002b80       0x20 ./synergy/ssp/src/bsp/mcu/s7g2/bsp_clocks.o
                0x00002b80                bsp_cpu_clock_get
 .text.bsp_clock_set_callback
                0x00002ba0      0x12c ./synergy/ssp/src/bsp/mcu/s7g2/bsp_clocks.o
                0x00002ba0                bsp_clock_set_callback
 .text.R_BSP_FeatureIoportGet
                0x00002ccc       0x10 ./synergy/ssp/src/bsp/mcu/s7g2/bsp_feature.o
                0x00002ccc                R_BSP_FeatureIoportGet
 .text.R_BSP_FeatureCgcGet
                0x00002cdc        0xc ./synergy/ssp/src/bsp/mcu/s7g2/bsp_feature.o
                0x00002cdc                R_BSP_FeatureCgcGet
 .text.bsp_group_interrupt_open
                0x00002ce8       0x10 ./synergy/ssp/src/bsp/mcu/s7g2/bsp_group_irq.o
                0x00002ce8                bsp_group_interrupt_open
 .text.R_BSP_GroupIrqWrite
                0x00002cf8       0x10 ./synergy/ssp/src/bsp/mcu/s7g2/bsp_group_irq.o
                0x00002cf8                R_BSP_GroupIrqWrite
 .text.NMI_Handler
                0x00002d08      0x1c8 ./synergy/ssp/src/bsp/mcu/s7g2/bsp_group_irq.o
                0x00002d08                NMI_Handler
 .text.R_BSP_ModuleStart
                0x00002ed0       0x88 ./synergy/ssp/src/bsp/mcu/s7g2/bsp_module_stop.o
                0x00002ed0                R_BSP_ModuleStart
 .text.R_BSP_LedsGet
                0x00002f58       0x24 ./synergy/ssp/src/bsp/mcu/all/bsp_common_leds.o
                0x00002f58                R_BSP_LedsGet
 .text.software_delay_loop
                0x00002f7c        0xc ./synergy/ssp/src/bsp/mcu/all/bsp_delay.o
 .text.R_BSP_SoftwareDelay
                0x00002f88       0x60 ./synergy/ssp/src/bsp/mcu/all/bsp_delay.o
                0x00002f88                R_BSP_SoftwareDelay
 .text.R_BSP_IrqStatusClear
                0x00002fe8       0x18 ./synergy/ssp/src/bsp/mcu/all/bsp_irq.o
                0x00002fe8                R_BSP_IrqStatusClear
 .text.bsp_irq_cfg
                0x00003000       0x40 ./synergy/ssp/src/bsp/mcu/all/bsp_irq.o
                0x00003000                bsp_irq_cfg
 .text.R_BSP_HardwareLock
                0x00003040       0x5c ./synergy/ssp/src/bsp/mcu/all/bsp_locking.o
                0x00003040                R_BSP_HardwareLock
 .text.R_BSP_HardwareUnlock
                0x0000309c       0x3c ./synergy/ssp/src/bsp/mcu/all/bsp_locking.o
                0x0000309c                R_BSP_HardwareUnlock
 .text.bsp_init_hardware_locks
                0x000030d8       0x60 ./synergy/ssp/src/bsp/mcu/all/bsp_locking.o
                0x000030d8                bsp_init_hardware_locks
 .text.R_BSP_RegisterProtectEnable
                0x00003138       0x60 ./synergy/ssp/src/bsp/mcu/all/bsp_register_protection.o
                0x00003138                R_BSP_RegisterProtectEnable
 .text.R_BSP_RegisterProtectDisable
                0x00003198       0x54 ./synergy/ssp/src/bsp/mcu/all/bsp_register_protection.o
                0x00003198                R_BSP_RegisterProtectDisable
 .text.bsp_register_protect_open
                0x000031ec       0x10 ./synergy/ssp/src/bsp/mcu/all/bsp_register_protection.o
                0x000031ec                bsp_register_protect_open
 .text._sbrk    0x000031fc       0x3c ./synergy/ssp/src/bsp/mcu/all/bsp_sbrk.o
                0x000031fc                _sbrk
 .text.Default_Handler
                0x00003238        0x4 ./synergy/ssp/src/bsp/cmsis/Device/RENESAS/S7G2/Source/startup_S7G2.o
                0x00003238                DebugMon_Handler
                0x00003238                HardFault_Handler
                0x00003238                SysTick_Handler
                0x00003238                PendSV_Handler
                0x00003238                UsageFault_Handler
                0x00003238                Default_Handler
                0x00003238                MemManage_Handler
                0x00003238                SVC_Handler
                0x00003238                BusFault_Handler
 .text.Reset_Handler
                0x0000323c        0xc ./synergy/ssp/src/bsp/cmsis/Device/RENESAS/S7G2/Source/startup_S7G2.o
                0x0000323c                Reset_Handler
 .text.R_BSP_WarmStart
                0x00003248        0x4 ./synergy/ssp/src/bsp/cmsis/Device/RENESAS/S7G2/Source/system_S7G2.o
                0x00003248                R_BSP_WarmStart
 .text.SystemInit
                0x0000324c      0x160 ./synergy/ssp/src/bsp/cmsis/Device/RENESAS/S7G2/Source/system_S7G2.o
                0x0000324c                SystemInit
 .text.bsp_init
                0x000033ac        0x4 ./synergy/board/s7g2_sk/bsp_init.o
                0x000033ac                bsp_init
 .text.bsp_qspi_xip_enter
                0x000033b0       0x58 ./synergy/board/s7g2_sk/bsp_qspi.o
                0x000033b0                bsp_qspi_xip_enter
 .text.bsp_qspi_init
                0x00003408      0x1b0 ./synergy/board/s7g2_sk/bsp_qspi.o
                0x00003408                bsp_qspi_init
 .text.startup.main
                0x000035b8        0xc ./src/synergy_gen/main.o
                0x000035b8                main
 .text.hal_entry
                0x000035c4       0xa0 ./src/hal_entry.o
                0x000035c4                hal_entry
 .text.R_FMI_ProductInfoGet
                0x00003664       0x34 D:\Documents\File_code\RENESAS\TimerBaseUnit\synergy\ssp\src\driver\r_fmi\libs\libfmi_cm4_s7g2_gcc.a(r_fmi.o)
 .text.R_FMI_VersionGet
                0x00003698       0x10 D:\Documents\File_code\RENESAS\TimerBaseUnit\synergy\ssp\src\driver\r_fmi\libs\libfmi_cm4_s7g2_gcc.a(r_fmi.o)
 .text.R_FMI_UniqueIdGet
                0x000036a8       0x40 D:\Documents\File_code\RENESAS\TimerBaseUnit\synergy\ssp\src\driver\r_fmi\libs\libfmi_cm4_s7g2_gcc.a(r_fmi.o)
 .text.R_FMI_EventInfoGet
                0x000036e8       0x8c D:\Documents\File_code\RENESAS\TimerBaseUnit\synergy\ssp\src\driver\r_fmi\libs\libfmi_cm4_s7g2_gcc.a(r_fmi.o)
 .text.R_FMI_Init
                0x00003774       0x90 D:\Documents\File_code\RENESAS\TimerBaseUnit\synergy\ssp\src\driver\r_fmi\libs\libfmi_cm4_s7g2_gcc.a(r_fmi.o)
 .text.R_FMI_FeatureGet
                0x00003804      0x238 D:\Documents\File_code\RENESAS\TimerBaseUnit\synergy\ssp\src\driver\r_fmi\libs\libfmi_cm4_s7g2_gcc.a(r_fmi.o)
 .text          0x00003a3c       0x30 c:/renesas/synergy/e2studio_v2024-01.1_ssp_v2.6.1/toolchains/gcc_arm/gcc-arm-none-eabi-10.3-2021.10/bin/../lib/gcc/arm-none-eabi/10.3.1/thumb/v7e-m+fp/hard\libgcc.a(_aeabi_uldivmod.o)
                0x00003a3c                __aeabi_uldivmod
 .text          0x00003a6c      0x2d0 c:/renesas/synergy/e2studio_v2024-01.1_ssp_v2.6.1/toolchains/gcc_arm/gcc-arm-none-eabi-10.3-2021.10/bin/../lib/gcc/arm-none-eabi/10.3.1/thumb/v7e-m+fp/hard\libgcc.a(_udivmoddi4.o)
                0x00003a6c                __udivmoddi4
 .text          0x00003d3c        0x4 c:/renesas/synergy/e2studio_v2024-01.1_ssp_v2.6.1/toolchains/gcc_arm/gcc-arm-none-eabi-10.3-2021.10/bin/../lib/gcc/arm-none-eabi/10.3.1/thumb/v7e-m+fp/hard\libgcc.a(_dvmd_tls.o)
                0x00003d3c                __aeabi_idiv0
                0x00003d3c                __aeabi_ldiv0
 .text.__errno  0x00003d40        0xc c:/renesas/synergy/e2studio_v2024-01.1_ssp_v2.6.1/toolchains/gcc_arm/gcc-arm-none-eabi-10.3-2021.10/bin/../lib/gcc/arm-none-eabi/10.3.1/../../../../arm-none-eabi/lib/thumb/v7e-m+fp/hard\libg_nano.a(lib_a-errno.o)
                0x00003d40                __errno
 .text.memcpy   0x00003d4c       0x1c c:/renesas/synergy/e2studio_v2024-01.1_ssp_v2.6.1/toolchains/gcc_arm/gcc-arm-none-eabi-10.3-2021.10/bin/../lib/gcc/arm-none-eabi/10.3.1/../../../../arm-none-eabi/lib/thumb/v7e-m+fp/hard\libg_nano.a(lib_a-memcpy-stub.o)
                0x00003d4c                memcpy
 .text.memset   0x00003d68       0x10 c:/renesas/synergy/e2studio_v2024-01.1_ssp_v2.6.1/toolchains/gcc_arm/gcc-arm-none-eabi-10.3-2021.10/bin/../lib/gcc/arm-none-eabi/10.3.1/../../../../arm-none-eabi/lib/thumb/v7e-m+fp/hard\libg_nano.a(lib_a-memset.o)
                0x00003d68                memset
 .text.srand    0x00003d78       0x5c c:/renesas/synergy/e2studio_v2024-01.1_ssp_v2.6.1/toolchains/gcc_arm/gcc-arm-none-eabi-10.3-2021.10/bin/../lib/gcc/arm-none-eabi/10.3.1/../../../../arm-none-eabi/lib/thumb/v7e-m+fp/hard\libg_nano.a(lib_a-rand.o)
                0x00003d78                srand
 .text.__assert_func
                0x00003dd4       0x3c c:/renesas/synergy/e2studio_v2024-01.1_ssp_v2.6.1/toolchains/gcc_arm/gcc-arm-none-eabi-10.3-2021.10/bin/../lib/gcc/arm-none-eabi/10.3.1/../../../../arm-none-eabi/lib/thumb/v7e-m+fp/hard\libg_nano.a(lib_a-assert.o)
                0x00003dd4                __assert_func
 .text.fprintf  0x00003e10       0x24 c:/renesas/synergy/e2studio_v2024-01.1_ssp_v2.6.1/toolchains/gcc_arm/gcc-arm-none-eabi-10.3-2021.10/bin/../lib/gcc/arm-none-eabi/10.3.1/../../../../arm-none-eabi/lib/thumb/v7e-m+fp/hard\libg_nano.a(lib_a-fprintf.o)
                0x00003e10                fiprintf
                0x00003e10                fprintf
 .text.malloc   0x00003e34       0x10 c:/renesas/synergy/e2studio_v2024-01.1_ssp_v2.6.1/toolchains/gcc_arm/gcc-arm-none-eabi-10.3-2021.10/bin/../lib/gcc/arm-none-eabi/10.3.1/../../../../arm-none-eabi/lib/thumb/v7e-m+fp/hard\libg_nano.a(lib_a-malloc.o)
                0x00003e34                malloc
 .text._free_r  0x00003e44       0x98 c:/renesas/synergy/e2studio_v2024-01.1_ssp_v2.6.1/toolchains/gcc_arm/gcc-arm-none-eabi-10.3-2021.10/bin/../lib/gcc/arm-none-eabi/10.3.1/../../../../arm-none-eabi/lib/thumb/v7e-m+fp/hard\libg_nano.a(lib_a-nano-freer.o)
                0x00003e44                _free_r
 .text.sbrk_aligned
                0x00003edc       0x40 c:/renesas/synergy/e2studio_v2024-01.1_ssp_v2.6.1/toolchains/gcc_arm/gcc-arm-none-eabi-10.3-2021.10/bin/../lib/gcc/arm-none-eabi/10.3.1/../../../../arm-none-eabi/lib/thumb/v7e-m+fp/hard\libg_nano.a(lib_a-nano-mallocr.o)
 .text._malloc_r
                0x00003f1c       0xe8 c:/renesas/synergy/e2studio_v2024-01.1_ssp_v2.6.1/toolchains/gcc_arm/gcc-arm-none-eabi-10.3-2021.10/bin/../lib/gcc/arm-none-eabi/10.3.1/../../../../arm-none-eabi/lib/thumb/v7e-m+fp/hard\libg_nano.a(lib_a-nano-mallocr.o)
                0x00003f1c                _malloc_r
 .text.__sfputc_r
                0x00004004       0x2e c:/renesas/synergy/e2studio_v2024-01.1_ssp_v2.6.1/toolchains/gcc_arm/gcc-arm-none-eabi-10.3-2021.10/bin/../lib/gcc/arm-none-eabi/10.3.1/../../../../arm-none-eabi/lib/thumb/v7e-m+fp/hard\libg_nano.a(lib_a-nano-vfprintf.o)
 .text.__sfputs_r
                0x00004032       0x24 c:/renesas/synergy/e2studio_v2024-01.1_ssp_v2.6.1/toolchains/gcc_arm/gcc-arm-none-eabi-10.3-2021.10/bin/../lib/gcc/arm-none-eabi/10.3.1/../../../../arm-none-eabi/lib/thumb/v7e-m+fp/hard\libg_nano.a(lib_a-nano-vfprintf.o)
                0x00004032                __sfputs_r
 *fill*         0x00004056        0x2 ff
 .text._vfprintf_r
                0x00004058      0x260 c:/renesas/synergy/e2studio_v2024-01.1_ssp_v2.6.1/toolchains/gcc_arm/gcc-arm-none-eabi-10.3-2021.10/bin/../lib/gcc/arm-none-eabi/10.3.1/../../../../arm-none-eabi/lib/thumb/v7e-m+fp/hard\libg_nano.a(lib_a-nano-vfprintf.o)
                0x00004058                _vfprintf_r
                0x00004058                _vfiprintf_r
 .text._printf_common
                0x000042b8       0xda c:/renesas/synergy/e2studio_v2024-01.1_ssp_v2.6.1/toolchains/gcc_arm/gcc-arm-none-eabi-10.3-2021.10/bin/../lib/gcc/arm-none-eabi/10.3.1/../../../../arm-none-eabi/lib/thumb/v7e-m+fp/hard\libg_nano.a(lib_a-nano-vfprintf_i.o)
                0x000042b8                _printf_common
 *fill*         0x00004392        0x2 ff
 .text._printf_i
                0x00004394      0x24c c:/renesas/synergy/e2studio_v2024-01.1_ssp_v2.6.1/toolchains/gcc_arm/gcc-arm-none-eabi-10.3-2021.10/bin/../lib/gcc/arm-none-eabi/10.3.1/../../../../arm-none-eabi/lib/thumb/v7e-m+fp/hard\libg_nano.a(lib_a-nano-vfprintf_i.o)
                0x00004394                _printf_i
 .text._sbrk_r  0x000045e0       0x20 c:/renesas/synergy/e2studio_v2024-01.1_ssp_v2.6.1/toolchains/gcc_arm/gcc-arm-none-eabi-10.3-2021.10/bin/../lib/gcc/arm-none-eabi/10.3.1/../../../../arm-none-eabi/lib/thumb/v7e-m+fp/hard\libg_nano.a(lib_a-sbrkr.o)
                0x000045e0                _sbrk_r
 .text.__swbuf_r
                0x00004600       0xa4 c:/renesas/synergy/e2studio_v2024-01.1_ssp_v2.6.1/toolchains/gcc_arm/gcc-arm-none-eabi-10.3-2021.10/bin/../lib/gcc/arm-none-eabi/10.3.1/../../../../arm-none-eabi/lib/thumb/v7e-m+fp/hard\libg_nano.a(lib_a-wbuf.o)
                0x00004600                __swbuf_r
 .text.__swsetup_r
                0x000046a4       0xdc c:/renesas/synergy/e2studio_v2024-01.1_ssp_v2.6.1/toolchains/gcc_arm/gcc-arm-none-eabi-10.3-2021.10/bin/../lib/gcc/arm-none-eabi/10.3.1/../../../../arm-none-eabi/lib/thumb/v7e-m+fp/hard\libg_nano.a(lib_a-wsetup.o)
                0x000046a4                __swsetup_r
 .text.abort    0x00004780        0xe c:/renesas/synergy/e2studio_v2024-01.1_ssp_v2.6.1/toolchains/gcc_arm/gcc-arm-none-eabi-10.3-2021.10/bin/../lib/gcc/arm-none-eabi/10.3.1/../../../../arm-none-eabi/lib/thumb/v7e-m+fp/hard\libg_nano.a(lib_a-abort.o)
                0x00004780                abort
 *fill*         0x0000478e        0x2 ff
 .text.__sflush_r
                0x00004790      0x10c c:/renesas/synergy/e2studio_v2024-01.1_ssp_v2.6.1/toolchains/gcc_arm/gcc-arm-none-eabi-10.3-2021.10/bin/../lib/gcc/arm-none-eabi/10.3.1/../../../../arm-none-eabi/lib/thumb/v7e-m+fp/hard\libg_nano.a(lib_a-fflush.o)
                0x00004790                __sflush_r
 .text._fflush_r
                0x0000489c       0x78 c:/renesas/synergy/e2studio_v2024-01.1_ssp_v2.6.1/toolchains/gcc_arm/gcc-arm-none-eabi-10.3-2021.10/bin/../lib/gcc/arm-none-eabi/10.3.1/../../../../arm-none-eabi/lib/thumb/v7e-m+fp/hard\libg_nano.a(lib_a-fflush.o)
                0x0000489c                _fflush_r
 .text.std      0x00004914       0x48 c:/renesas/synergy/e2studio_v2024-01.1_ssp_v2.6.1/toolchains/gcc_arm/gcc-arm-none-eabi-10.3-2021.10/bin/../lib/gcc/arm-none-eabi/10.3.1/../../../../arm-none-eabi/lib/thumb/v7e-m+fp/hard\libg_nano.a(lib_a-findfp.o)
 .text._cleanup_r
                0x0000495c        0xc c:/renesas/synergy/e2studio_v2024-01.1_ssp_v2.6.1/toolchains/gcc_arm/gcc-arm-none-eabi-10.3-2021.10/bin/../lib/gcc/arm-none-eabi/10.3.1/../../../../arm-none-eabi/lib/thumb/v7e-m+fp/hard\libg_nano.a(lib_a-findfp.o)
                0x0000495c                _cleanup_r
 .text.__sfmoreglue
                0x00004968       0x2c c:/renesas/synergy/e2studio_v2024-01.1_ssp_v2.6.1/toolchains/gcc_arm/gcc-arm-none-eabi-10.3-2021.10/bin/../lib/gcc/arm-none-eabi/10.3.1/../../../../arm-none-eabi/lib/thumb/v7e-m+fp/hard\libg_nano.a(lib_a-findfp.o)
                0x00004968                __sfmoreglue
 .text.__sfp_lock_acquire
                0x00004994        0xc c:/renesas/synergy/e2studio_v2024-01.1_ssp_v2.6.1/toolchains/gcc_arm/gcc-arm-none-eabi-10.3-2021.10/bin/../lib/gcc/arm-none-eabi/10.3.1/../../../../arm-none-eabi/lib/thumb/v7e-m+fp/hard\libg_nano.a(lib_a-findfp.o)
                0x00004994                __sfp_lock_acquire
 .text.__sfp_lock_release
                0x000049a0        0xc c:/renesas/synergy/e2studio_v2024-01.1_ssp_v2.6.1/toolchains/gcc_arm/gcc-arm-none-eabi-10.3-2021.10/bin/../lib/gcc/arm-none-eabi/10.3.1/../../../../arm-none-eabi/lib/thumb/v7e-m+fp/hard\libg_nano.a(lib_a-findfp.o)
                0x000049a0                __sfp_lock_release
 .text.__sinit_lock_acquire
                0x000049ac        0xc c:/renesas/synergy/e2studio_v2024-01.1_ssp_v2.6.1/toolchains/gcc_arm/gcc-arm-none-eabi-10.3-2021.10/bin/../lib/gcc/arm-none-eabi/10.3.1/../../../../arm-none-eabi/lib/thumb/v7e-m+fp/hard\libg_nano.a(lib_a-findfp.o)
                0x000049ac                __sinit_lock_acquire
 .text.__sinit_lock_release
                0x000049b8        0xc c:/renesas/synergy/e2studio_v2024-01.1_ssp_v2.6.1/toolchains/gcc_arm/gcc-arm-none-eabi-10.3-2021.10/bin/../lib/gcc/arm-none-eabi/10.3.1/../../../../arm-none-eabi/lib/thumb/v7e-m+fp/hard\libg_nano.a(lib_a-findfp.o)
                0x000049b8                __sinit_lock_release
 .text.__sinit  0x000049c4       0x70 c:/renesas/synergy/e2studio_v2024-01.1_ssp_v2.6.1/toolchains/gcc_arm/gcc-arm-none-eabi-10.3-2021.10/bin/../lib/gcc/arm-none-eabi/10.3.1/../../../../arm-none-eabi/lib/thumb/v7e-m+fp/hard\libg_nano.a(lib_a-findfp.o)
                0x000049c4                __sinit
 .text.__sfp    0x00004a34       0x8c c:/renesas/synergy/e2studio_v2024-01.1_ssp_v2.6.1/toolchains/gcc_arm/gcc-arm-none-eabi-10.3-2021.10/bin/../lib/gcc/arm-none-eabi/10.3.1/../../../../arm-none-eabi/lib/thumb/v7e-m+fp/hard\libg_nano.a(lib_a-findfp.o)
                0x00004a34                __sfp
 .text._fwalk_reent
                0x00004ac0       0x3e c:/renesas/synergy/e2studio_v2024-01.1_ssp_v2.6.1/toolchains/gcc_arm/gcc-arm-none-eabi-10.3-2021.10/bin/../lib/gcc/arm-none-eabi/10.3.1/../../../../arm-none-eabi/lib/thumb/v7e-m+fp/hard\libg_nano.a(lib_a-fwalk.o)
                0x00004ac0                _fwalk_reent
 .text.__retarget_lock_init_recursive
                0x00004afe        0x2 c:/renesas/synergy/e2studio_v2024-01.1_ssp_v2.6.1/toolchains/gcc_arm/gcc-arm-none-eabi-10.3-2021.10/bin/../lib/gcc/arm-none-eabi/10.3.1/../../../../arm-none-eabi/lib/thumb/v7e-m+fp/hard\libg_nano.a(lib_a-lock.o)
                0x00004afe                __retarget_lock_init_recursive
 .text.__retarget_lock_acquire_recursive
                0x00004b00        0x2 c:/renesas/synergy/e2studio_v2024-01.1_ssp_v2.6.1/toolchains/gcc_arm/gcc-arm-none-eabi-10.3-2021.10/bin/../lib/gcc/arm-none-eabi/10.3.1/../../../../arm-none-eabi/lib/thumb/v7e-m+fp/hard\libg_nano.a(lib_a-lock.o)
                0x00004b00                __retarget_lock_acquire_recursive
 .text.__retarget_lock_release_recursive
                0x00004b02        0x2 c:/renesas/synergy/e2studio_v2024-01.1_ssp_v2.6.1/toolchains/gcc_arm/gcc-arm-none-eabi-10.3-2021.10/bin/../lib/gcc/arm-none-eabi/10.3.1/../../../../arm-none-eabi/lib/thumb/v7e-m+fp/hard\libg_nano.a(lib_a-lock.o)
                0x00004b02                __retarget_lock_release_recursive
 .text.__swhatbuf_r
                0x00004b04       0x4a c:/renesas/synergy/e2studio_v2024-01.1_ssp_v2.6.1/toolchains/gcc_arm/gcc-arm-none-eabi-10.3-2021.10/bin/../lib/gcc/arm-none-eabi/10.3.1/../../../../arm-none-eabi/lib/thumb/v7e-m+fp/hard\libg_nano.a(lib_a-makebuf.o)
                0x00004b04                __swhatbuf_r
 *fill*         0x00004b4e        0x2 ff
 .text.__smakebuf_r
                0x00004b50       0x80 c:/renesas/synergy/e2studio_v2024-01.1_ssp_v2.6.1/toolchains/gcc_arm/gcc-arm-none-eabi-10.3-2021.10/bin/../lib/gcc/arm-none-eabi/10.3.1/../../../../arm-none-eabi/lib/thumb/v7e-m+fp/hard\libg_nano.a(lib_a-makebuf.o)
                0x00004b50                __smakebuf_r
 .text          0x00004bd0       0xa0 c:/renesas/synergy/e2studio_v2024-01.1_ssp_v2.6.1/toolchains/gcc_arm/gcc-arm-none-eabi-10.3-2021.10/bin/../lib/gcc/arm-none-eabi/10.3.1/../../../../arm-none-eabi/lib/thumb/v7e-m+fp/hard\libg_nano.a(lib_a-memchr.o)
                0x00004bd0                memchr
 .text.__malloc_lock
                0x00004c70        0xc c:/renesas/synergy/e2studio_v2024-01.1_ssp_v2.6.1/toolchains/gcc_arm/gcc-arm-none-eabi-10.3-2021.10/bin/../lib/gcc/arm-none-eabi/10.3.1/../../../../arm-none-eabi/lib/thumb/v7e-m+fp/hard\libg_nano.a(lib_a-mlock.o)
                0x00004c70                __malloc_lock
 .text.__malloc_unlock
                0x00004c7c        0xc c:/renesas/synergy/e2studio_v2024-01.1_ssp_v2.6.1/toolchains/gcc_arm/gcc-arm-none-eabi-10.3-2021.10/bin/../lib/gcc/arm-none-eabi/10.3.1/../../../../arm-none-eabi/lib/thumb/v7e-m+fp/hard\libg_nano.a(lib_a-mlock.o)
                0x00004c7c                __malloc_unlock
 .text._raise_r
                0x00004c88       0x50 c:/renesas/synergy/e2studio_v2024-01.1_ssp_v2.6.1/toolchains/gcc_arm/gcc-arm-none-eabi-10.3-2021.10/bin/../lib/gcc/arm-none-eabi/10.3.1/../../../../arm-none-eabi/lib/thumb/v7e-m+fp/hard\libg_nano.a(lib_a-signal.o)
                0x00004c88                _raise_r
 .text.raise    0x00004cd8       0x10 c:/renesas/synergy/e2studio_v2024-01.1_ssp_v2.6.1/toolchains/gcc_arm/gcc-arm-none-eabi-10.3-2021.10/bin/../lib/gcc/arm-none-eabi/10.3.1/../../../../arm-none-eabi/lib/thumb/v7e-m+fp/hard\libg_nano.a(lib_a-signal.o)
                0x00004cd8                raise
 .text._kill_r  0x00004ce8       0x24 c:/renesas/synergy/e2studio_v2024-01.1_ssp_v2.6.1/toolchains/gcc_arm/gcc-arm-none-eabi-10.3-2021.10/bin/../lib/gcc/arm-none-eabi/10.3.1/../../../../arm-none-eabi/lib/thumb/v7e-m+fp/hard\libg_nano.a(lib_a-signalr.o)
                0x00004ce8                _kill_r
 .text._getpid_r
                0x00004d0c        0x4 c:/renesas/synergy/e2studio_v2024-01.1_ssp_v2.6.1/toolchains/gcc_arm/gcc-arm-none-eabi-10.3-2021.10/bin/../lib/gcc/arm-none-eabi/10.3.1/../../../../arm-none-eabi/lib/thumb/v7e-m+fp/hard\libg_nano.a(lib_a-signalr.o)
                0x00004d0c                _getpid_r
 .text.__sread  0x00004d10       0x22 c:/renesas/synergy/e2studio_v2024-01.1_ssp_v2.6.1/toolchains/gcc_arm/gcc-arm-none-eabi-10.3-2021.10/bin/../lib/gcc/arm-none-eabi/10.3.1/../../../../arm-none-eabi/lib/thumb/v7e-m+fp/hard\libg_nano.a(lib_a-stdio.o)
                0x00004d10                __sread
 .text.__swrite
                0x00004d32       0x38 c:/renesas/synergy/e2studio_v2024-01.1_ssp_v2.6.1/toolchains/gcc_arm/gcc-arm-none-eabi-10.3-2021.10/bin/../lib/gcc/arm-none-eabi/10.3.1/../../../../arm-none-eabi/lib/thumb/v7e-m+fp/hard\libg_nano.a(lib_a-stdio.o)
                0x00004d32                __swrite
 .text.__sseek  0x00004d6a       0x24 c:/renesas/synergy/e2studio_v2024-01.1_ssp_v2.6.1/toolchains/gcc_arm/gcc-arm-none-eabi-10.3-2021.10/bin/../lib/gcc/arm-none-eabi/10.3.1/../../../../arm-none-eabi/lib/thumb/v7e-m+fp/hard\libg_nano.a(lib_a-stdio.o)
                0x00004d6a                __sseek
 .text.__sclose
                0x00004d8e        0x8 c:/renesas/synergy/e2studio_v2024-01.1_ssp_v2.6.1/toolchains/gcc_arm/gcc-arm-none-eabi-10.3-2021.10/bin/../lib/gcc/arm-none-eabi/10.3.1/../../../../arm-none-eabi/lib/thumb/v7e-m+fp/hard\libg_nano.a(lib_a-stdio.o)
                0x00004d8e                __sclose
 *fill*         0x00004d96        0x2 ff
 .text._write_r
                0x00004d98       0x24 c:/renesas/synergy/e2studio_v2024-01.1_ssp_v2.6.1/toolchains/gcc_arm/gcc-arm-none-eabi-10.3-2021.10/bin/../lib/gcc/arm-none-eabi/10.3.1/../../../../arm-none-eabi/lib/thumb/v7e-m+fp/hard\libg_nano.a(lib_a-writer.o)
                0x00004d98                _write_r
 .text._close_r
                0x00004dbc       0x20 c:/renesas/synergy/e2studio_v2024-01.1_ssp_v2.6.1/toolchains/gcc_arm/gcc-arm-none-eabi-10.3-2021.10/bin/../lib/gcc/arm-none-eabi/10.3.1/../../../../arm-none-eabi/lib/thumb/v7e-m+fp/hard\libg_nano.a(lib_a-closer.o)
                0x00004dbc                _close_r
 .text._fstat_r
                0x00004ddc       0x24 c:/renesas/synergy/e2studio_v2024-01.1_ssp_v2.6.1/toolchains/gcc_arm/gcc-arm-none-eabi-10.3-2021.10/bin/../lib/gcc/arm-none-eabi/10.3.1/../../../../arm-none-eabi/lib/thumb/v7e-m+fp/hard\libg_nano.a(lib_a-fstatr.o)
                0x00004ddc                _fstat_r
 .text._isatty_r
                0x00004e00       0x20 c:/renesas/synergy/e2studio_v2024-01.1_ssp_v2.6.1/toolchains/gcc_arm/gcc-arm-none-eabi-10.3-2021.10/bin/../lib/gcc/arm-none-eabi/10.3.1/../../../../arm-none-eabi/lib/thumb/v7e-m+fp/hard\libg_nano.a(lib_a-isattyr.o)
                0x00004e00                _isatty_r
 .text._lseek_r
                0x00004e20       0x24 c:/renesas/synergy/e2studio_v2024-01.1_ssp_v2.6.1/toolchains/gcc_arm/gcc-arm-none-eabi-10.3-2021.10/bin/../lib/gcc/arm-none-eabi/10.3.1/../../../../arm-none-eabi/lib/thumb/v7e-m+fp/hard\libg_nano.a(lib_a-lseekr.o)
                0x00004e20                _lseek_r
 .text._read_r  0x00004e44       0x24 c:/renesas/synergy/e2studio_v2024-01.1_ssp_v2.6.1/toolchains/gcc_arm/gcc-arm-none-eabi-10.3-2021.10/bin/../lib/gcc/arm-none-eabi/10.3.1/../../../../arm-none-eabi/lib/thumb/v7e-m+fp/hard\libg_nano.a(lib_a-readr.o)
                0x00004e44                _read_r
 .text.findslot
                0x00004e68       0x34 c:/renesas/synergy/e2studio_v2024-01.1_ssp_v2.6.1/toolchains/gcc_arm/gcc-arm-none-eabi-10.3-2021.10/bin/../lib/gcc/arm-none-eabi/10.3.1/../../../../arm-none-eabi/lib/thumb/v7e-m+fp/hard\librdimon_nano.a(rdimon-syscalls.o)
 .text.error    0x00004e9c       0x1c c:/renesas/synergy/e2studio_v2024-01.1_ssp_v2.6.1/toolchains/gcc_arm/gcc-arm-none-eabi-10.3-2021.10/bin/../lib/gcc/arm-none-eabi/10.3.1/../../../../arm-none-eabi/lib/thumb/v7e-m+fp/hard\librdimon_nano.a(rdimon-syscalls.o)
 .text.checkerror
                0x00004eb8        0xa c:/renesas/synergy/e2studio_v2024-01.1_ssp_v2.6.1/toolchains/gcc_arm/gcc-arm-none-eabi-10.3-2021.10/bin/../lib/gcc/arm-none-eabi/10.3.1/../../../../arm-none-eabi/lib/thumb/v7e-m+fp/hard\librdimon_nano.a(rdimon-syscalls.o)
 .text._swiread
                0x00004ec2       0x20 c:/renesas/synergy/e2studio_v2024-01.1_ssp_v2.6.1/toolchains/gcc_arm/gcc-arm-none-eabi-10.3-2021.10/bin/../lib/gcc/arm-none-eabi/10.3.1/../../../../arm-none-eabi/lib/thumb/v7e-m+fp/hard\librdimon_nano.a(rdimon-syscalls.o)
                0x00004ec2                _swiread
 .text._read    0x00004ee2       0x38 c:/renesas/synergy/e2studio_v2024-01.1_ssp_v2.6.1/toolchains/gcc_arm/gcc-arm-none-eabi-10.3-2021.10/bin/../lib/gcc/arm-none-eabi/10.3.1/../../../../arm-none-eabi/lib/thumb/v7e-m+fp/hard\librdimon_nano.a(rdimon-syscalls.o)
                0x00004ee2                _read
 .text._swilseek
                0x00004f1a       0x78 c:/renesas/synergy/e2studio_v2024-01.1_ssp_v2.6.1/toolchains/gcc_arm/gcc-arm-none-eabi-10.3-2021.10/bin/../lib/gcc/arm-none-eabi/10.3.1/../../../../arm-none-eabi/lib/thumb/v7e-m+fp/hard\librdimon_nano.a(rdimon-syscalls.o)
                0x00004f1a                _swilseek
 .text._lseek   0x00004f92        0x4 c:/renesas/synergy/e2studio_v2024-01.1_ssp_v2.6.1/toolchains/gcc_arm/gcc-arm-none-eabi-10.3-2021.10/bin/../lib/gcc/arm-none-eabi/10.3.1/../../../../arm-none-eabi/lib/thumb/v7e-m+fp/hard\librdimon_nano.a(rdimon-syscalls.o)
                0x00004f92                _lseek
 .text._swiwrite
                0x00004f96       0x20 c:/renesas/synergy/e2studio_v2024-01.1_ssp_v2.6.1/toolchains/gcc_arm/gcc-arm-none-eabi-10.3-2021.10/bin/../lib/gcc/arm-none-eabi/10.3.1/../../../../arm-none-eabi/lib/thumb/v7e-m+fp/hard\librdimon_nano.a(rdimon-syscalls.o)
                0x00004f96                _swiwrite
 .text._write   0x00004fb6       0x48 c:/renesas/synergy/e2studio_v2024-01.1_ssp_v2.6.1/toolchains/gcc_arm/gcc-arm-none-eabi-10.3-2021.10/bin/../lib/gcc/arm-none-eabi/10.3.1/../../../../arm-none-eabi/lib/thumb/v7e-m+fp/hard\librdimon_nano.a(rdimon-syscalls.o)
                0x00004fb6                _write
 .text._swiclose
                0x00004ffe       0x1a c:/renesas/synergy/e2studio_v2024-01.1_ssp_v2.6.1/toolchains/gcc_arm/gcc-arm-none-eabi-10.3-2021.10/bin/../lib/gcc/arm-none-eabi/10.3.1/../../../../arm-none-eabi/lib/thumb/v7e-m+fp/hard\librdimon_nano.a(rdimon-syscalls.o)
                0x00004ffe                _swiclose
 .text._close   0x00005018       0x4c c:/renesas/synergy/e2studio_v2024-01.1_ssp_v2.6.1/toolchains/gcc_arm/gcc-arm-none-eabi-10.3-2021.10/bin/../lib/gcc/arm-none-eabi/10.3.1/../../../../arm-none-eabi/lib/thumb/v7e-m+fp/hard\librdimon_nano.a(rdimon-syscalls.o)
                0x00005018                _close
 .text._getpid  0x00005064        0x4 c:/renesas/synergy/e2studio_v2024-01.1_ssp_v2.6.1/toolchains/gcc_arm/gcc-arm-none-eabi-10.3-2021.10/bin/../lib/gcc/arm-none-eabi/10.3.1/../../../../arm-none-eabi/lib/thumb/v7e-m+fp/hard\librdimon_nano.a(rdimon-syscalls.o)
                0x00005064                _getpid
 .text._swistat
                0x00005068       0x42 c:/renesas/synergy/e2studio_v2024-01.1_ssp_v2.6.1/toolchains/gcc_arm/gcc-arm-none-eabi-10.3-2021.10/bin/../lib/gcc/arm-none-eabi/10.3.1/../../../../arm-none-eabi/lib/thumb/v7e-m+fp/hard\librdimon_nano.a(rdimon-syscalls.o)
                0x00005068                _swistat
 .text._fstat   0x000050aa       0x1c c:/renesas/synergy/e2studio_v2024-01.1_ssp_v2.6.1/toolchains/gcc_arm/gcc-arm-none-eabi-10.3-2021.10/bin/../lib/gcc/arm-none-eabi/10.3.1/../../../../arm-none-eabi/lib/thumb/v7e-m+fp/hard\librdimon_nano.a(rdimon-syscalls.o)
                0x000050aa                _fstat
 .text._stat    0x000050c6       0x3a c:/renesas/synergy/e2studio_v2024-01.1_ssp_v2.6.1/toolchains/gcc_arm/gcc-arm-none-eabi-10.3-2021.10/bin/../lib/gcc/arm-none-eabi/10.3.1/../../../../arm-none-eabi/lib/thumb/v7e-m+fp/hard\librdimon_nano.a(rdimon-syscalls.o)
                0x000050c6                _stat
 .text._swiopen
                0x00005100       0xb4 c:/renesas/synergy/e2studio_v2024-01.1_ssp_v2.6.1/toolchains/gcc_arm/gcc-arm-none-eabi-10.3-2021.10/bin/../lib/gcc/arm-none-eabi/10.3.1/../../../../arm-none-eabi/lib/thumb/v7e-m+fp/hard\librdimon_nano.a(rdimon-syscalls.o)
                0x00005100                _swiopen
 .text._get_semihosting_exts
                0x000051b4       0xb8 c:/renesas/synergy/e2studio_v2024-01.1_ssp_v2.6.1/toolchains/gcc_arm/gcc-arm-none-eabi-10.3-2021.10/bin/../lib/gcc/arm-none-eabi/10.3.1/../../../../arm-none-eabi/lib/thumb/v7e-m+fp/hard\librdimon_nano.a(rdimon-syscalls.o)
                0x000051b4                _get_semihosting_exts
 .text.initialise_semihosting_exts
                0x0000526c       0x34 c:/renesas/synergy/e2studio_v2024-01.1_ssp_v2.6.1/toolchains/gcc_arm/gcc-arm-none-eabi-10.3-2021.10/bin/../lib/gcc/arm-none-eabi/10.3.1/../../../../arm-none-eabi/lib/thumb/v7e-m+fp/hard\librdimon_nano.a(rdimon-syscalls.o)
 .text._has_ext_exit_extended
                0x000052a0       0x18 c:/renesas/synergy/e2studio_v2024-01.1_ssp_v2.6.1/toolchains/gcc_arm/gcc-arm-none-eabi-10.3-2021.10/bin/../lib/gcc/arm-none-eabi/10.3.1/../../../../arm-none-eabi/lib/thumb/v7e-m+fp/hard\librdimon_nano.a(rdimon-syscalls.o)
                0x000052a0                _has_ext_exit_extended
 .text._isatty  0x000052b8       0x38 c:/renesas/synergy/e2studio_v2024-01.1_ssp_v2.6.1/toolchains/gcc_arm/gcc-arm-none-eabi-10.3-2021.10/bin/../lib/gcc/arm-none-eabi/10.3.1/../../../../arm-none-eabi/lib/thumb/v7e-m+fp/hard\librdimon_nano.a(rdimon-syscalls.o)
                0x000052b8                _isatty
 .text._exit    0x000052f0       0x14 c:/renesas/synergy/e2studio_v2024-01.1_ssp_v2.6.1/toolchains/gcc_arm/gcc-arm-none-eabi-10.3-2021.10/bin/../lib/gcc/arm-none-eabi/10.3.1/../../../../arm-none-eabi/lib/thumb/v7e-m+fp/hard\librdimon_nano.a(rdimon-_exit.o)
                0x000052f0                _exit
 .text._kill_shared
                0x00005304       0x26 c:/renesas/synergy/e2studio_v2024-01.1_ssp_v2.6.1/toolchains/gcc_arm/gcc-arm-none-eabi-10.3-2021.10/bin/../lib/gcc/arm-none-eabi/10.3.1/../../../../arm-none-eabi/lib/thumb/v7e-m+fp/hard\librdimon_nano.a(rdimon-_kill.o)
                0x00005304                _kill_shared
 *fill*         0x0000532a        0x2 ff
 .text._kill    0x0000532c       0x18 c:/renesas/synergy/e2studio_v2024-01.1_ssp_v2.6.1/toolchains/gcc_arm/gcc-arm-none-eabi-10.3-2021.10/bin/../lib/gcc/arm-none-eabi/10.3.1/../../../../arm-none-eabi/lib/thumb/v7e-m+fp/hard\librdimon_nano.a(rdimon-_kill.o)
                0x0000532c                _kill
 .text          0x00005344       0x10 c:/renesas/synergy/e2studio_v2024-01.1_ssp_v2.6.1/toolchains/gcc_arm/gcc-arm-none-eabi-10.3-2021.10/bin/../lib/gcc/arm-none-eabi/10.3.1/../../../../arm-none-eabi/lib/thumb/v7e-m+fp/hard\libc_nano.a(lib_a-strlen.o)
                0x00005344                strlen
 *(.version)
 .version       0x00005354       0x7c ./synergy/ssp/src/bsp/mcu/all/bsp_common.o
 *(.init)
 .init          0x000053d0        0x4 c:/renesas/synergy/e2studio_v2024-01.1_ssp_v2.6.1/toolchains/gcc_arm/gcc-arm-none-eabi-10.3-2021.10/bin/../lib/gcc/arm-none-eabi/10.3.1/thumb/v7e-m+fp/hard/crti.o
                0x000053d0                _init
 .init          0x000053d4        0x8 c:/renesas/synergy/e2studio_v2024-01.1_ssp_v2.6.1/toolchains/gcc_arm/gcc-arm-none-eabi-10.3-2021.10/bin/../lib/gcc/arm-none-eabi/10.3.1/thumb/v7e-m+fp/hard/crtn.o
 *(.fini)
 .fini          0x000053dc        0x4 c:/renesas/synergy/e2studio_v2024-01.1_ssp_v2.6.1/toolchains/gcc_arm/gcc-arm-none-eabi-10.3-2021.10/bin/../lib/gcc/arm-none-eabi/10.3.1/thumb/v7e-m+fp/hard/crti.o
                0x000053dc                _fini
 .fini          0x000053e0        0x8 c:/renesas/synergy/e2studio_v2024-01.1_ssp_v2.6.1/toolchains/gcc_arm/gcc-arm-none-eabi-10.3-2021.10/bin/../lib/gcc/arm-none-eabi/10.3.1/thumb/v7e-m+fp/hard/crtn.o
 *crtbegin.o(.ctors)
 *crtbegin?.o(.ctors)
 *(EXCLUDE_FILE(*crtend.o *crtend?.o) .ctors)
 *(SORT_BY_NAME(.ctors.*))
 *(.ctors)
 *crtbegin.o(.dtors)
 *crtbegin?.o(.dtors)
 *(EXCLUDE_FILE(*crtend.o *crtend?.o) .dtors)
 *(SORT_BY_NAME(.dtors.*))
 *(.dtors)
 *(.rodata*)
 .rodata.g_ioport_on_ioport
                0x000053e8       0x3c ./synergy/ssp/src/driver/r_ioport/r_ioport.o
                0x000053e8                g_ioport_on_ioport
 .rodata.g_timer_on_gpt
                0x00005424       0x28 ./synergy/ssp/src/driver/r_gpt/r_gpt.o
                0x00005424                g_timer_on_gpt
 .rodata.g_elc_on_elc
                0x0000544c       0x1c ./synergy/ssp/src/driver/r_elc/r_elc.o
                0x0000544c                g_elc_on_elc
 .rodata.g_cgc_on_cgc
                0x00005468       0x6c ./synergy/ssp/src/driver/r_cgc/r_cgc.o
                0x00005468                g_cgc_on_cgc
 .rodata.g_pllccr2_div_setting
                0x000054d4        0x8 ./synergy/ssp/src/driver/r_cgc/r_cgc.o
 .rodata.g_pllccr2_div_value
                0x000054dc        0x6 ./synergy/ssp/src/driver/r_cgc/r_cgc.o
 *fill*         0x000054e2        0x2 ff
 .rodata.g_pllccr_div_setting
                0x000054e4        0x6 ./synergy/ssp/src/driver/r_cgc/r_cgc.o
 *fill*         0x000054ea        0x2 ff
 .rodata.g_pllccr_div_value
                0x000054ec        0x6 ./synergy/ssp/src/driver/r_cgc/r_cgc.o
 *fill*         0x000054f2        0x2 ff
 .rodata.g_cgc_feature
                0x000054f4       0x2c ./synergy/ssp/src/bsp/mcu/s7g2/bsp_feature.o
 .rodata.g_bsp_module_stop
                0x00005520       0x46 ./synergy/ssp/src/bsp/mcu/s7g2/bsp_module_stop.o
 *fill*         0x00005566        0x2 ff
 .rodata.gp_mstp
                0x00005568       0x10 ./synergy/ssp/src/bsp/mcu/s7g2/bsp_module_stop.o
 .rodata.gp_vector_information
                0x00005578        0x4 ./synergy/ssp/src/bsp/mcu/all/bsp_irq.o
                0x00005578                gp_vector_information
 .rodata.g_prcr_masks
                0x0000557c        0x6 ./synergy/ssp/src/bsp/mcu/all/bsp_register_protection.o
 *fill*         0x00005582        0x2 ff
 .rodata.g_elc_cfg
                0x00005584        0xc ./synergy/ssp/src/bsp/cmsis/Device/RENESAS/S7G2/Source/system_S7G2.o
 .rodata.g_bsp_leds
                0x00005590        0x8 ./synergy/board/s7g2_sk/bsp_leds.o
                0x00005590                g_bsp_leds
 .rodata.g_bsp_prv_leds
                0x00005598        0x6 ./synergy/board/s7g2_sk/bsp_leds.o
 *fill*         0x0000559e        0x2 ff
 .rodata.g_timer
                0x000055a0        0xc ./src/synergy_gen/hal_data.o
                0x000055a0                g_timer
 .rodata.g_timer_cfg
                0x000055ac       0x20 ./src/synergy_gen/hal_data.o
 .rodata.g_timer_extend
                0x000055cc        0x5 ./src/synergy_gen/hal_data.o
 *fill*         0x000055d1        0x3 ff
 .rodata.g_bsp_pin_cfg
                0x000055d4        0x8 ./src/synergy_gen/pin_data.o
                0x000055d4                g_bsp_pin_cfg
 .rodata.g_bsp_pin_cfg_data
                0x000055dc      0x370 ./src/synergy_gen/pin_data.o
                0x000055dc                g_bsp_pin_cfg_data
 .rodata.bit_count
                0x0000594c       0x80 D:\Documents\File_code\RENESAS\TimerBaseUnit\synergy\ssp\src\driver\r_fmi\libs\libfmi_cm4_s7g2_gcc.a(r_fmi.o)
 .rodata.bit_count_mask
                0x000059cc        0x8 D:\Documents\File_code\RENESAS\TimerBaseUnit\synergy\ssp\src\driver\r_fmi\libs\libfmi_cm4_s7g2_gcc.a(r_fmi.o)
 .rodata.g_fmi_on_fmi
                0x000059d4       0x18 D:\Documents\File_code\RENESAS\TimerBaseUnit\synergy\ssp\src\driver\r_fmi\libs\libfmi_cm4_s7g2_gcc.a(r_fmi.o)
                0x000059d4                g_fmi_on_fmi
 .rodata.g_fmi_data
                0x000059ec      0x400 D:\Documents\File_code\RENESAS\TimerBaseUnit\synergy\ssp\src\bsp\mcu\s7g2\libfmi_R7FS7G27H3A01CFC_gcc.a(bsp_fmi_R7FS7G27H3A01CFC.o)
                0x000059ec                g_fmi_data
 .rodata._global_impure_ptr
                0x00005dec        0x4 c:/renesas/synergy/e2studio_v2024-01.1_ssp_v2.6.1/toolchains/gcc_arm/gcc-arm-none-eabi-10.3-2021.10/bin/../lib/gcc/arm-none-eabi/10.3.1/../../../../arm-none-eabi/lib/thumb/v7e-m+fp/hard\libg_nano.a(lib_a-impure.o)
                0x00005dec                _global_impure_ptr
 .rodata.srand.str1.1
                0x00005df0       0x95 c:/renesas/synergy/e2studio_v2024-01.1_ssp_v2.6.1/toolchains/gcc_arm/gcc-arm-none-eabi-10.3-2021.10/bin/../lib/gcc/arm-none-eabi/10.3.1/../../../../arm-none-eabi/lib/thumb/v7e-m+fp/hard\libg_nano.a(lib_a-rand.o)
 .rodata.__assert_func.str1.1
                0x00005e85       0x3c c:/renesas/synergy/e2studio_v2024-01.1_ssp_v2.6.1/toolchains/gcc_arm/gcc-arm-none-eabi-10.3-2021.10/bin/../lib/gcc/arm-none-eabi/10.3.1/../../../../arm-none-eabi/lib/thumb/v7e-m+fp/hard\libg_nano.a(lib_a-assert.o)
                                 0x3d (size before relaxing)
 .rodata._vfprintf_r.str1.1
                0x00005ec1       0x11 c:/renesas/synergy/e2studio_v2024-01.1_ssp_v2.6.1/toolchains/gcc_arm/gcc-arm-none-eabi-10.3-2021.10/bin/../lib/gcc/arm-none-eabi/10.3.1/../../../../arm-none-eabi/lib/thumb/v7e-m+fp/hard\libg_nano.a(lib_a-nano-vfprintf.o)
 .rodata._printf_i.str1.1
                0x00005ed2       0x22 c:/renesas/synergy/e2studio_v2024-01.1_ssp_v2.6.1/toolchains/gcc_arm/gcc-arm-none-eabi-10.3-2021.10/bin/../lib/gcc/arm-none-eabi/10.3.1/../../../../arm-none-eabi/lib/thumb/v7e-m+fp/hard\libg_nano.a(lib_a-nano-vfprintf_i.o)
 .rodata.__sf_fake_stderr
                0x00005ef4       0x20 c:/renesas/synergy/e2studio_v2024-01.1_ssp_v2.6.1/toolchains/gcc_arm/gcc-arm-none-eabi-10.3-2021.10/bin/../lib/gcc/arm-none-eabi/10.3.1/../../../../arm-none-eabi/lib/thumb/v7e-m+fp/hard\libg_nano.a(lib_a-findfp.o)
                0x00005ef4                __sf_fake_stderr
 .rodata.__sf_fake_stdin
                0x00005f14       0x20 c:/renesas/synergy/e2studio_v2024-01.1_ssp_v2.6.1/toolchains/gcc_arm/gcc-arm-none-eabi-10.3-2021.10/bin/../lib/gcc/arm-none-eabi/10.3.1/../../../../arm-none-eabi/lib/thumb/v7e-m+fp/hard\libg_nano.a(lib_a-findfp.o)
                0x00005f14                __sf_fake_stdin
 .rodata.__sf_fake_stdout
                0x00005f34       0x20 c:/renesas/synergy/e2studio_v2024-01.1_ssp_v2.6.1/toolchains/gcc_arm/gcc-arm-none-eabi-10.3-2021.10/bin/../lib/gcc/arm-none-eabi/10.3.1/../../../../arm-none-eabi/lib/thumb/v7e-m+fp/hard\libg_nano.a(lib_a-findfp.o)
                0x00005f34                __sf_fake_stdout
 .rodata._get_semihosting_exts.str1.1
                0x00005f54       0x16 c:/renesas/synergy/e2studio_v2024-01.1_ssp_v2.6.1/toolchains/gcc_arm/gcc-arm-none-eabi-10.3-2021.10/bin/../lib/gcc/arm-none-eabi/10.3.1/../../../../arm-none-eabi/lib/thumb/v7e-m+fp/hard\librdimon_nano.a(rdimon-syscalls.o)
                0x00005f6a                __usb_dev_descriptor_start_fs = .
 *(.usb_device_desc_fs*)
                0x00005f6a                __usb_cfg_descriptor_start_fs = .
 *(.usb_config_desc_fs*)
                0x00005f6a                __usb_interface_descriptor_start_fs = .
 *(.usb_interface_desc_fs*)
                0x00005f6a                __usb_descriptor_end_fs = .
                0x00005f6a                __usb_dev_descriptor_start_hs = .
 *(.usb_device_desc_hs*)
                0x00005f6a                __usb_cfg_descriptor_start_hs = .
 *(.usb_config_desc_hs*)
                0x00005f6a                __usb_interface_descriptor_start_hs = .
 *(.usb_interface_desc_hs*)
                0x00005f6a                __usb_descriptor_end_hs = .
 *(.eh_frame*)
 *fill*         0x00005f6a        0x2 ff
 .eh_frame      0x00005f6c        0x0 c:/renesas/synergy/e2studio_v2024-01.1_ssp_v2.6.1/toolchains/gcc_arm/gcc-arm-none-eabi-10.3-2021.10/bin/../lib/gcc/arm-none-eabi/10.3.1/thumb/v7e-m+fp/hard/crtbegin.o
 .eh_frame      0x00005f6c        0x4 c:/renesas/synergy/e2studio_v2024-01.1_ssp_v2.6.1/toolchains/gcc_arm/gcc-arm-none-eabi-10.3-2021.10/bin/../lib/gcc/arm-none-eabi/10.3.1/thumb/v7e-m+fp/hard/crtend.o
                0x00005f70                __ROM_End = .
                0x00000040                __Vectors_Size = (__Vectors_End - __Vectors)
                0x00000000                __Vector_Info_Size = (__Vector_Info_End - __Vector_Info_Start)
                0x000001b0                __Lock_Lookup_Size = (__Lock_Lookup_End - __Lock_Lookup_Start)

.glue_7         0x00005f70        0x0
 .glue_7        0x00005f70        0x0 linker stubs

.glue_7t        0x00005f70        0x0
 .glue_7t       0x00005f70        0x0 linker stubs

.vfp11_veneer   0x00005f70        0x0
 .vfp11_veneer  0x00005f70        0x0 linker stubs

.v4_bx          0x00005f70        0x0
 .v4_bx         0x00005f70        0x0 linker stubs

.iplt           0x00005f70        0x0
 .iplt          0x00005f70        0x0 c:/renesas/synergy/e2studio_v2024-01.1_ssp_v2.6.1/toolchains/gcc_arm/gcc-arm-none-eabi-10.3-2021.10/bin/../lib/gcc/arm-none-eabi/10.3.1/thumb/v7e-m+fp/hard/crtbegin.o

.ARM.extab
 *(.ARM.extab* .gnu.linkonce.armextab.*)
                0x00005f70                __exidx_start = .

.ARM.exidx      0x00005f70        0x8
 *(.ARM.exidx* .gnu.linkonce.armexidx.*)
 .ARM.exidx     0x00005f70        0x8 c:/renesas/synergy/e2studio_v2024-01.1_ssp_v2.6.1/toolchains/gcc_arm/gcc-arm-none-eabi-10.3-2021.10/bin/../lib/gcc/arm-none-eabi/10.3.1/thumb/v7e-m+fp/hard\libgcc.a(_udivmoddi4.o)
                0x00005f78                __exidx_end = .
                0x00005f78                __etext = .

.ssp_dtc_vector_table
                0x1ffe0000        0x0
                0x1ffe0000                . = ORIGIN (RAM)
 *(.ssp_dtc_vector_table)

.data           0x1ffe0000       0xe0 load address 0x00005f78
                0x1ffe0000                __data_start__ = .
 *(vtable)
 *(.data*)
 .data._impure_ptr
                0x1ffe0000        0x4 c:/renesas/synergy/e2studio_v2024-01.1_ssp_v2.6.1/toolchains/gcc_arm/gcc-arm-none-eabi-10.3-2021.10/bin/../lib/gcc/arm-none-eabi/10.3.1/../../../../arm-none-eabi/lib/thumb/v7e-m+fp/hard\libg_nano.a(lib_a-impure.o)
                0x1ffe0000                _impure_ptr
 .data.impure_data
                0x1ffe0004       0x60 c:/renesas/synergy/e2studio_v2024-01.1_ssp_v2.6.1/toolchains/gcc_arm/gcc-arm-none-eabi-10.3-2021.10/bin/../lib/gcc/arm-none-eabi/10.3.1/../../../../arm-none-eabi/lib/thumb/v7e-m+fp/hard\libg_nano.a(lib_a-impure.o)
 .data.supports_ext_exit_extended
                0x1ffe0064        0x4 c:/renesas/synergy/e2studio_v2024-01.1_ssp_v2.6.1/toolchains/gcc_arm/gcc-arm-none-eabi-10.3-2021.10/bin/../lib/gcc/arm-none-eabi/10.3.1/../../../../arm-none-eabi/lib/thumb/v7e-m+fp/hard\librdimon_nano.a(rdimon-syscalls.o)
 .data.supports_ext_stdout_stderr
                0x1ffe0068        0x4 c:/renesas/synergy/e2studio_v2024-01.1_ssp_v2.6.1/toolchains/gcc_arm/gcc-arm-none-eabi-10.3-2021.10/bin/../lib/gcc/arm-none-eabi/10.3.1/../../../../arm-none-eabi/lib/thumb/v7e-m+fp/hard\librdimon_nano.a(rdimon-syscalls.o)
                0x1ffe006c                . = ALIGN (0x4)
                0x1ffe006c                PROVIDE (__preinit_array_start = .)
 *(.preinit_array)
                0x1ffe006c                PROVIDE (__preinit_array_end = .)
                0x1ffe006c                . = ALIGN (0x4)
                0x1ffe006c                PROVIDE (__init_array_start = .)
 *(SORT_BY_NAME(.init_array.*))
 *(.init_array)
 .init_array    0x1ffe006c        0x4 c:/renesas/synergy/e2studio_v2024-01.1_ssp_v2.6.1/toolchains/gcc_arm/gcc-arm-none-eabi-10.3-2021.10/bin/../lib/gcc/arm-none-eabi/10.3.1/thumb/v7e-m+fp/hard/crtbegin.o
                0x1ffe0070                PROVIDE (__init_array_end = .)
                0x1ffe0070                . = ALIGN (0x4)
                [!provide]                PROVIDE (__fini_array_start = .)
 *(SORT_BY_NAME(.fini_array.*))
 *(.fini_array)
 .fini_array    0x1ffe0070        0x4 c:/renesas/synergy/e2studio_v2024-01.1_ssp_v2.6.1/toolchains/gcc_arm/gcc-arm-none-eabi-10.3-2021.10/bin/../lib/gcc/arm-none-eabi/10.3.1/thumb/v7e-m+fp/hard/crtbegin.o
                [!provide]                PROVIDE (__fini_array_end = .)
 *(.jcr*)
                0x1ffe0074                . = ALIGN (0x4)
                0x1ffe0074                __Code_In_RAM_Start = .
 *(.code_in_ram*)
                0x1ffe0074                __Code_In_RAM_End = .
                0x1ffe0074                __Lock_Start = .
 *(SORT_BY_NAME(.hw_lock*))
 .hw_lock.ADC_0U_0U
                0x1ffe0074        0x1 ./synergy/ssp/src/bsp/mcu/s7g2/bsp_hw_locks.o
                0x1ffe0074                g_hw_lock_ADC_0U_0U
 .hw_lock.ADC_0U_1U
                0x1ffe0075        0x1 ./synergy/ssp/src/bsp/mcu/s7g2/bsp_hw_locks.o
                0x1ffe0075                g_hw_lock_ADC_0U_1U
 .hw_lock.AGT_0U_0U
                0x1ffe0076        0x1 ./synergy/ssp/src/bsp/mcu/s7g2/bsp_hw_locks.o
                0x1ffe0076                g_hw_lock_AGT_0U_0U
 .hw_lock.AGT_0U_1U
                0x1ffe0077        0x1 ./synergy/ssp/src/bsp/mcu/s7g2/bsp_hw_locks.o
                0x1ffe0077                g_hw_lock_AGT_0U_1U
 .hw_lock.BSC_0U_1U
                0x1ffe0078        0x1 ./synergy/ssp/src/bsp/mcu/s7g2/bsp_hw_locks.o
                0x1ffe0078                g_hw_lock_BSC_0U_1U
 .hw_lock.CAC_0U_0U
                0x1ffe0079        0x1 ./synergy/ssp/src/bsp/mcu/s7g2/bsp_hw_locks.o
                0x1ffe0079                g_hw_lock_CAC_0U_0U
 .hw_lock.CAN_0U_0U
                0x1ffe007a        0x1 ./synergy/ssp/src/bsp/mcu/s7g2/bsp_hw_locks.o
                0x1ffe007a                g_hw_lock_CAN_0U_0U
 .hw_lock.CAN_0U_1U
                0x1ffe007b        0x1 ./synergy/ssp/src/bsp/mcu/s7g2/bsp_hw_locks.o
                0x1ffe007b                g_hw_lock_CAN_0U_1U
 .hw_lock.COMP_HS_0U_0U
                0x1ffe007c        0x1 ./synergy/ssp/src/bsp/mcu/s7g2/bsp_hw_locks.o
                0x1ffe007c                g_hw_lock_COMP_HS_0U_0U
 .hw_lock.COMP_HS_0U_1U
                0x1ffe007d        0x1 ./synergy/ssp/src/bsp/mcu/s7g2/bsp_hw_locks.o
                0x1ffe007d                g_hw_lock_COMP_HS_0U_1U
 .hw_lock.COMP_HS_0U_2U
                0x1ffe007e        0x1 ./synergy/ssp/src/bsp/mcu/s7g2/bsp_hw_locks.o
                0x1ffe007e                g_hw_lock_COMP_HS_0U_2U
 .hw_lock.COMP_HS_0U_3U
                0x1ffe007f        0x1 ./synergy/ssp/src/bsp/mcu/s7g2/bsp_hw_locks.o
                0x1ffe007f                g_hw_lock_COMP_HS_0U_3U
 .hw_lock.COMP_HS_0U_4U
                0x1ffe0080        0x1 ./synergy/ssp/src/bsp/mcu/s7g2/bsp_hw_locks.o
                0x1ffe0080                g_hw_lock_COMP_HS_0U_4U
 .hw_lock.COMP_HS_0U_5U
                0x1ffe0081        0x1 ./synergy/ssp/src/bsp/mcu/s7g2/bsp_hw_locks.o
                0x1ffe0081                g_hw_lock_COMP_HS_0U_5U
 .hw_lock.CRC_0U_0U
                0x1ffe0082        0x1 ./synergy/ssp/src/bsp/mcu/s7g2/bsp_hw_locks.o
                0x1ffe0082                g_hw_lock_CRC_0U_0U
 .hw_lock.CTSU_0U_0U
                0x1ffe0083        0x1 ./synergy/ssp/src/bsp/mcu/s7g2/bsp_hw_locks.o
                0x1ffe0083                g_hw_lock_CTSU_0U_0U
 .hw_lock.DAAD_0U_0U
                0x1ffe0084        0x1 ./synergy/ssp/src/bsp/mcu/s7g2/bsp_hw_locks.o
                0x1ffe0084                g_hw_lock_DAAD_0U_0U
 .hw_lock.DAC_0U_0U
                0x1ffe0085        0x1 ./synergy/ssp/src/bsp/mcu/s7g2/bsp_hw_locks.o
                0x1ffe0085                g_hw_lock_DAC_0U_0U
 .hw_lock.DAC_0U_1U
                0x1ffe0086        0x1 ./synergy/ssp/src/bsp/mcu/s7g2/bsp_hw_locks.o
                0x1ffe0086                g_hw_lock_DAC_0U_1U
 .hw_lock.DMAC_0U_0U
                0x1ffe0087        0x1 ./synergy/ssp/src/bsp/mcu/s7g2/bsp_hw_locks.o
                0x1ffe0087                g_hw_lock_DMAC_0U_0U
 .hw_lock.DMAC_0U_1U
                0x1ffe0088        0x1 ./synergy/ssp/src/bsp/mcu/s7g2/bsp_hw_locks.o
                0x1ffe0088                g_hw_lock_DMAC_0U_1U
 .hw_lock.DMAC_0U_2U
                0x1ffe0089        0x1 ./synergy/ssp/src/bsp/mcu/s7g2/bsp_hw_locks.o
                0x1ffe0089                g_hw_lock_DMAC_0U_2U
 .hw_lock.DMAC_0U_3U
                0x1ffe008a        0x1 ./synergy/ssp/src/bsp/mcu/s7g2/bsp_hw_locks.o
                0x1ffe008a                g_hw_lock_DMAC_0U_3U
 .hw_lock.DMAC_0U_4U
                0x1ffe008b        0x1 ./synergy/ssp/src/bsp/mcu/s7g2/bsp_hw_locks.o
                0x1ffe008b                g_hw_lock_DMAC_0U_4U
 .hw_lock.DMAC_0U_5U
                0x1ffe008c        0x1 ./synergy/ssp/src/bsp/mcu/s7g2/bsp_hw_locks.o
                0x1ffe008c                g_hw_lock_DMAC_0U_5U
 .hw_lock.DMAC_0U_6U
                0x1ffe008d        0x1 ./synergy/ssp/src/bsp/mcu/s7g2/bsp_hw_locks.o
                0x1ffe008d                g_hw_lock_DMAC_0U_6U
 .hw_lock.DMAC_0U_7U
                0x1ffe008e        0x1 ./synergy/ssp/src/bsp/mcu/s7g2/bsp_hw_locks.o
                0x1ffe008e                g_hw_lock_DMAC_0U_7U
 .hw_lock.DOC_0U_0U
                0x1ffe008f        0x1 ./synergy/ssp/src/bsp/mcu/s7g2/bsp_hw_locks.o
                0x1ffe008f                g_hw_lock_DOC_0U_0U
 .hw_lock.DRW_0U_0U
                0x1ffe0090        0x1 ./synergy/ssp/src/bsp/mcu/s7g2/bsp_hw_locks.o
                0x1ffe0090                g_hw_lock_DRW_0U_0U
 .hw_lock.DTC_0U_0U
                0x1ffe0091        0x1 ./synergy/ssp/src/bsp/mcu/s7g2/bsp_hw_locks.o
                0x1ffe0091                g_hw_lock_DTC_0U_0U
 .hw_lock.ELC_0U_0U
                0x1ffe0092        0x1 ./synergy/ssp/src/bsp/mcu/s7g2/bsp_hw_locks.o
                0x1ffe0092                g_hw_lock_ELC_0U_0U
 .hw_lock.EPTPC_0U_0U
                0x1ffe0093        0x1 ./synergy/ssp/src/bsp/mcu/s7g2/bsp_hw_locks.o
                0x1ffe0093                g_hw_lock_EPTPC_0U_0U
 .hw_lock.ETHER_0U_0U
                0x1ffe0094        0x1 ./synergy/ssp/src/bsp/mcu/s7g2/bsp_hw_locks.o
                0x1ffe0094                g_hw_lock_ETHER_0U_0U
 .hw_lock.ETHER_0U_1U
                0x1ffe0095        0x1 ./synergy/ssp/src/bsp/mcu/s7g2/bsp_hw_locks.o
                0x1ffe0095                g_hw_lock_ETHER_0U_1U
 .hw_lock.FCU_0U_0U
                0x1ffe0096        0x1 ./synergy/ssp/src/bsp/mcu/s7g2/bsp_hw_locks.o
                0x1ffe0096                g_hw_lock_FCU_0U_0U
 .hw_lock.GLCDC_0U_0U
                0x1ffe0097        0x1 ./synergy/ssp/src/bsp/mcu/s7g2/bsp_hw_locks.o
                0x1ffe0097                g_hw_lock_GLCDC_0U_0U
 .hw_lock.GPT_0U_0U
                0x1ffe0098        0x1 ./synergy/ssp/src/bsp/mcu/s7g2/bsp_hw_locks.o
                0x1ffe0098                g_hw_lock_GPT_0U_0U
 .hw_lock.GPT_0U_10U
                0x1ffe0099        0x1 ./synergy/ssp/src/bsp/mcu/s7g2/bsp_hw_locks.o
                0x1ffe0099                g_hw_lock_GPT_0U_10U
 .hw_lock.GPT_0U_11U
                0x1ffe009a        0x1 ./synergy/ssp/src/bsp/mcu/s7g2/bsp_hw_locks.o
                0x1ffe009a                g_hw_lock_GPT_0U_11U
 .hw_lock.GPT_0U_12U
                0x1ffe009b        0x1 ./synergy/ssp/src/bsp/mcu/s7g2/bsp_hw_locks.o
                0x1ffe009b                g_hw_lock_GPT_0U_12U
 .hw_lock.GPT_0U_13U
                0x1ffe009c        0x1 ./synergy/ssp/src/bsp/mcu/s7g2/bsp_hw_locks.o
                0x1ffe009c                g_hw_lock_GPT_0U_13U
 .hw_lock.GPT_0U_1U
                0x1ffe009d        0x1 ./synergy/ssp/src/bsp/mcu/s7g2/bsp_hw_locks.o
                0x1ffe009d                g_hw_lock_GPT_0U_1U
 .hw_lock.GPT_0U_2U
                0x1ffe009e        0x1 ./synergy/ssp/src/bsp/mcu/s7g2/bsp_hw_locks.o
                0x1ffe009e                g_hw_lock_GPT_0U_2U
 .hw_lock.GPT_0U_3U
                0x1ffe009f        0x1 ./synergy/ssp/src/bsp/mcu/s7g2/bsp_hw_locks.o
                0x1ffe009f                g_hw_lock_GPT_0U_3U
 .hw_lock.GPT_0U_4U
                0x1ffe00a0        0x1 ./synergy/ssp/src/bsp/mcu/s7g2/bsp_hw_locks.o
                0x1ffe00a0                g_hw_lock_GPT_0U_4U
 .hw_lock.GPT_0U_5U
                0x1ffe00a1        0x1 ./synergy/ssp/src/bsp/mcu/s7g2/bsp_hw_locks.o
                0x1ffe00a1                g_hw_lock_GPT_0U_5U
 .hw_lock.GPT_0U_6U
                0x1ffe00a2        0x1 ./synergy/ssp/src/bsp/mcu/s7g2/bsp_hw_locks.o
                0x1ffe00a2                g_hw_lock_GPT_0U_6U
 .hw_lock.GPT_0U_7U
                0x1ffe00a3        0x1 ./synergy/ssp/src/bsp/mcu/s7g2/bsp_hw_locks.o
                0x1ffe00a3                g_hw_lock_GPT_0U_7U
 .hw_lock.GPT_0U_8U
                0x1ffe00a4        0x1 ./synergy/ssp/src/bsp/mcu/s7g2/bsp_hw_locks.o
                0x1ffe00a4                g_hw_lock_GPT_0U_8U
 .hw_lock.GPT_0U_9U
                0x1ffe00a5        0x1 ./synergy/ssp/src/bsp/mcu/s7g2/bsp_hw_locks.o
                0x1ffe00a5                g_hw_lock_GPT_0U_9U
 .hw_lock.ICU_0U_0U
                0x1ffe00a6        0x1 ./synergy/ssp/src/bsp/mcu/s7g2/bsp_hw_locks.o
                0x1ffe00a6                g_hw_lock_ICU_0U_0U
 .hw_lock.ICU_0U_10U
                0x1ffe00a7        0x1 ./synergy/ssp/src/bsp/mcu/s7g2/bsp_hw_locks.o
                0x1ffe00a7                g_hw_lock_ICU_0U_10U
 .hw_lock.ICU_0U_11U
                0x1ffe00a8        0x1 ./synergy/ssp/src/bsp/mcu/s7g2/bsp_hw_locks.o
                0x1ffe00a8                g_hw_lock_ICU_0U_11U
 .hw_lock.ICU_0U_12U
                0x1ffe00a9        0x1 ./synergy/ssp/src/bsp/mcu/s7g2/bsp_hw_locks.o
                0x1ffe00a9                g_hw_lock_ICU_0U_12U
 .hw_lock.ICU_0U_13U
                0x1ffe00aa        0x1 ./synergy/ssp/src/bsp/mcu/s7g2/bsp_hw_locks.o
                0x1ffe00aa                g_hw_lock_ICU_0U_13U
 .hw_lock.ICU_0U_14U
                0x1ffe00ab        0x1 ./synergy/ssp/src/bsp/mcu/s7g2/bsp_hw_locks.o
                0x1ffe00ab                g_hw_lock_ICU_0U_14U
 .hw_lock.ICU_0U_15U
                0x1ffe00ac        0x1 ./synergy/ssp/src/bsp/mcu/s7g2/bsp_hw_locks.o
                0x1ffe00ac                g_hw_lock_ICU_0U_15U
 .hw_lock.ICU_0U_1U
                0x1ffe00ad        0x1 ./synergy/ssp/src/bsp/mcu/s7g2/bsp_hw_locks.o
                0x1ffe00ad                g_hw_lock_ICU_0U_1U
 .hw_lock.ICU_0U_2U
                0x1ffe00ae        0x1 ./synergy/ssp/src/bsp/mcu/s7g2/bsp_hw_locks.o
                0x1ffe00ae                g_hw_lock_ICU_0U_2U
 .hw_lock.ICU_0U_3U
                0x1ffe00af        0x1 ./synergy/ssp/src/bsp/mcu/s7g2/bsp_hw_locks.o
                0x1ffe00af                g_hw_lock_ICU_0U_3U
 .hw_lock.ICU_0U_4U
                0x1ffe00b0        0x1 ./synergy/ssp/src/bsp/mcu/s7g2/bsp_hw_locks.o
                0x1ffe00b0                g_hw_lock_ICU_0U_4U
 .hw_lock.ICU_0U_5U
                0x1ffe00b1        0x1 ./synergy/ssp/src/bsp/mcu/s7g2/bsp_hw_locks.o
                0x1ffe00b1                g_hw_lock_ICU_0U_5U
 .hw_lock.ICU_0U_6U
                0x1ffe00b2        0x1 ./synergy/ssp/src/bsp/mcu/s7g2/bsp_hw_locks.o
                0x1ffe00b2                g_hw_lock_ICU_0U_6U
 .hw_lock.ICU_0U_7U
                0x1ffe00b3        0x1 ./synergy/ssp/src/bsp/mcu/s7g2/bsp_hw_locks.o
                0x1ffe00b3                g_hw_lock_ICU_0U_7U
 .hw_lock.ICU_0U_8U
                0x1ffe00b4        0x1 ./synergy/ssp/src/bsp/mcu/s7g2/bsp_hw_locks.o
                0x1ffe00b4                g_hw_lock_ICU_0U_8U
 .hw_lock.ICU_0U_9U
                0x1ffe00b5        0x1 ./synergy/ssp/src/bsp/mcu/s7g2/bsp_hw_locks.o
                0x1ffe00b5                g_hw_lock_ICU_0U_9U
 .hw_lock.IIC_0U_0U
                0x1ffe00b6        0x1 ./synergy/ssp/src/bsp/mcu/s7g2/bsp_hw_locks.o
                0x1ffe00b6                g_hw_lock_IIC_0U_0U
 .hw_lock.IIC_0U_1U
                0x1ffe00b7        0x1 ./synergy/ssp/src/bsp/mcu/s7g2/bsp_hw_locks.o
                0x1ffe00b7                g_hw_lock_IIC_0U_1U
 .hw_lock.IIC_0U_2U
                0x1ffe00b8        0x1 ./synergy/ssp/src/bsp/mcu/s7g2/bsp_hw_locks.o