Archive member included to satisfy reference by file (symbol)

D:\Documents\File_code\RENESAS\RENESAS_SSP_S7G2\GPIOInterrupt\synergy\ssp\src\driver\r_fmi\libs\libfmi_cm4_s7g2_gcc.a(r_fmi.o)
                              ./synergy/ssp/src/driver/r_ioport/r_ioport.o (g_fmi_on_fmi)
D:\Documents\File_code\RENESAS\RENESAS_SSP_S7G2\GPIOInterrupt\synergy\ssp\src\bsp\mcu\s7g2\libfmi_R7FS7G27H3A01CFC_gcc.a(bsp_fmi_R7FS7G27H3A01CFC.o)
                              D:\Documents\File_code\RENESAS\RENESAS_SSP_S7G2\GPIOInterrupt\synergy\ssp\src\driver\r_fmi\libs\libfmi_cm4_s7g2_gcc.a(r_fmi.o) (g_fmi_data)
c:/renesas/synergy/e2studio_v2024-01.1_ssp_v2.6.1/toolchains/gcc_arm/gcc-arm-none-eabi-10.3-2021.10/bin/../lib/gcc/arm-none-eabi/10.3.1/../../../../arm-none-eabi/lib/thumb/v7e-m+fp/hard\libg_nano.a(lib_a-errno.o)
                              ./synergy/ssp/src/bsp/mcu/all/bsp_sbrk.o (__errno)
c:/renesas/synergy/e2studio_v2024-01.1_ssp_v2.6.1/toolchains/gcc_arm/gcc-arm-none-eabi-10.3-2021.10/bin/../lib/gcc/arm-none-eabi/10.3.1/../../../../arm-none-eabi/lib/thumb/v7e-m+fp/hard\libg_nano.a(lib_a-exit.o)
                              c:/renesas/synergy/e2studio_v2024-01.1_ssp_v2.6.1/toolchains/gcc_arm/gcc-arm-none-eabi-10.3-2021.10/bin/../lib/gcc/arm-none-eabi/10.3.1/../../../../arm-none-eabi/lib/thumb/v7e-m+fp/hard/rdimon-crt0.o (exit)
c:/renesas/synergy/e2studio_v2024-01.1_ssp_v2.6.1/toolchains/gcc_arm/gcc-arm-none-eabi-10.3-2021.10/bin/../lib/gcc/arm-none-eabi/10.3.1/../../../../arm-none-eabi/lib/thumb/v7e-m+fp/hard\libg_nano.a(lib_a-impure.o)
                              c:/renesas/synergy/e2studio_v2024-01.1_ssp_v2.6.1/toolchains/gcc_arm/gcc-arm-none-eabi-10.3-2021.10/bin/../lib/gcc/arm-none-eabi/10.3.1/../../../../arm-none-eabi/lib/thumb/v7e-m+fp/hard\libg_nano.a(lib_a-exit.o) (_global_impure_ptr)
c:/renesas/synergy/e2studio_v2024-01.1_ssp_v2.6.1/toolchains/gcc_arm/gcc-arm-none-eabi-10.3-2021.10/bin/../lib/gcc/arm-none-eabi/10.3.1/../../../../arm-none-eabi/lib/thumb/v7e-m+fp/hard\libg_nano.a(lib_a-init.o)
                              c:/renesas/synergy/e2studio_v2024-01.1_ssp_v2.6.1/toolchains/gcc_arm/gcc-arm-none-eabi-10.3-2021.10/bin/../lib/gcc/arm-none-eabi/10.3.1/../../../../arm-none-eabi/lib/thumb/v7e-m+fp/hard/rdimon-crt0.o (__libc_init_array)
c:/renesas/synergy/e2studio_v2024-01.1_ssp_v2.6.1/toolchains/gcc_arm/gcc-arm-none-eabi-10.3-2021.10/bin/../lib/gcc/arm-none-eabi/10.3.1/../../../../arm-none-eabi/lib/thumb/v7e-m+fp/hard\libg_nano.a(lib_a-memset.o)
                              c:/renesas/synergy/e2studio_v2024-01.1_ssp_v2.6.1/toolchains/gcc_arm/gcc-arm-none-eabi-10.3-2021.10/bin/../lib/gcc/arm-none-eabi/10.3.1/../../../../arm-none-eabi/lib/thumb/v7e-m+fp/hard/rdimon-crt0.o (memset)
c:/renesas/synergy/e2studio_v2024-01.1_ssp_v2.6.1/toolchains/gcc_arm/gcc-arm-none-eabi-10.3-2021.10/bin/../lib/gcc/arm-none-eabi/10.3.1/../../../../arm-none-eabi/lib/thumb/v7e-m+fp/hard\libg_nano.a(lib_a-rand.o)
                              ./synergy/ssp/src/bsp/cmsis/Device/RENESAS/S7G2/Source/system_S7G2.o (srand)
c:/renesas/synergy/e2studio_v2024-01.1_ssp_v2.6.1/toolchains/gcc_arm/gcc-arm-none-eabi-10.3-2021.10/bin/../lib/gcc/arm-none-eabi/10.3.1/../../../../arm-none-eabi/lib/thumb/v7e-m+fp/hard\libg_nano.a(lib_a-assert.o)
                              c:/renesas/synergy/e2studio_v2024-01.1_ssp_v2.6.1/toolchains/gcc_arm/gcc-arm-none-eabi-10.3-2021.10/bin/../lib/gcc/arm-none-eabi/10.3.1/../../../../arm-none-eabi/lib/thumb/v7e-m+fp/hard\libg_nano.a(lib_a-rand.o) (__assert_func)
c:/renesas/synergy/e2studio_v2024-01.1_ssp_v2.6.1/toolchains/gcc_arm/gcc-arm-none-eabi-10.3-2021.10/bin/../lib/gcc/arm-none-eabi/10.3.1/../../../../arm-none-eabi/lib/thumb/v7e-m+fp/hard\libg_nano.a(lib_a-fprintf.o)
                              c:/renesas/synergy/e2studio_v2024-01.1_ssp_v2.6.1/toolchains/gcc_arm/gcc-arm-none-eabi-10.3-2021.10/bin/../lib/gcc/arm-none-eabi/10.3.1/../../../../arm-none-eabi/lib/thumb/v7e-m+fp/hard\libg_nano.a(lib_a-assert.o) (fiprintf)
c:/renesas/synergy/e2studio_v2024-01.1_ssp_v2.6.1/toolchains/gcc_arm/gcc-arm-none-eabi-10.3-2021.10/bin/../lib/gcc/arm-none-eabi/10.3.1/../../../../arm-none-eabi/lib/thumb/v7e-m+fp/hard\libg_nano.a(lib_a-malloc.o)
                              c:/renesas/synergy/e2studio_v2024-01.1_ssp_v2.6.1/toolchains/gcc_arm/gcc-arm-none-eabi-10.3-2021.10/bin/../lib/gcc/arm-none-eabi/10.3.1/../../../../arm-none-eabi/lib/thumb/v7e-m+fp/hard\libg_nano.a(lib_a-rand.o) (malloc)
c:/renesas/synergy/e2studio_v2024-01.1_ssp_v2.6.1/toolchains/gcc_arm/gcc-arm-none-eabi-10.3-2021.10/bin/../lib/gcc/arm-none-eabi/10.3.1/../../../../arm-none-eabi/lib/thumb/v7e-m+fp/hard\libg_nano.a(lib_a-nano-freer.o)
                              c:/renesas/synergy/e2studio_v2024-01.1_ssp_v2.6.1/toolchains/gcc_arm/gcc-arm-none-eabi-10.3-2021.10/bin/../lib/gcc/arm-none-eabi/10.3.1/../../../../arm-none-eabi/lib/thumb/v7e-m+fp/hard\libg_nano.a(lib_a-malloc.o) (_free_r)
[...]
Memory Configuration

Name             Origin             Length             Attributes
FLASH            0x00000000         0x00400000         xr
RAM              0x1ffe0000         0x000a0000         xrw
DATA_FLASH       0x40100000         0x00010000         xr
QSPI_FLASH       0x60000000         0x04000000         xr
SDRAM            0x90000000         0x02000000         xrw
ID_CODES         0x40120050         0x00000010         xr
*default*        0x00000000         0xffffffff

Linker script and memory map

LOAD c:/renesas/synergy/e2studio_v2024-01.1_ssp_v2.6.1/toolchains/gcc_arm/gcc-arm-none-eabi-10.3-2021.10/bin/../lib/gcc/arm-none-eabi/10.3.1/thumb/v7e-m+fp/hard/crti.o
LOAD c:/renesas/synergy/e2studio_v2024-01.1_ssp_v2.6.1/toolchains/gcc_arm/gcc-arm-none-eabi-10.3-2021.10/bin/../lib/gcc/arm-none-eabi/10.3.1/thumb/v7e-m+fp/hard/crtbegin.o
LOAD c:/renesas/synergy/e2studio_v2024-01.1_ssp_v2.6.1/toolchains/gcc_arm/gcc-arm-none-eabi-10.3-2021.10/bin/../lib/gcc/arm-none-eabi/10.3.1/../../../../arm-none-eabi/lib/thumb/v7e-m+fp/hard/rdimon-crt0.o
START GROUP
LOAD ./synergy/ssp/src/driver/r_ioport/r_ioport.o
LOAD ./synergy/ssp/src/driver/r_icu/r_icu.o
LOAD ./synergy/ssp/src/driver/r_elc/r_elc.o
LOAD ./synergy/ssp/src/driver/r_cgc/r_cgc.o
LOAD ./synergy/ssp/src/bsp/mcu/s7g2/bsp_cache.o
LOAD ./synergy/ssp/src/bsp/mcu/s7g2/bsp_clocks.o
LOAD ./synergy/ssp/src/bsp/mcu/s7g2/bsp_feature.o
LOAD ./synergy/ssp/src/bsp/mcu/s7g2/bsp_group_irq.o
LOAD ./synergy/ssp/src/bsp/mcu/s7g2/bsp_hw_locks.o
LOAD ./synergy/ssp/src/bsp/mcu/s7g2/bsp_module_stop.o
LOAD ./synergy/ssp/src/bsp/mcu/s7g2/bsp_rom_registers.o
LOAD ./synergy/ssp/src/bsp/mcu/all/bsp_common.o
LOAD ./synergy/ssp/src/bsp/mcu/all/bsp_common_leds.o
LOAD ./synergy/ssp/src/bsp/mcu/all/bsp_delay.o
LOAD ./synergy/ssp/src/bsp/mcu/all/bsp_irq.o
LOAD ./synergy/ssp/src/bsp/mcu/all/bsp_locking.o
LOAD ./synergy/ssp/src/bsp/mcu/all/bsp_register_protection.o
LOAD ./synergy/ssp/src/bsp/mcu/all/bsp_sbrk.o
LOAD ./synergy/ssp/src/bsp/cmsis/Device/RENESAS/S7G2/Source/startup_S7G2.o
LOAD ./synergy/ssp/src/bsp/cmsis/Device/RENESAS/S7G2/Source/system_S7G2.o
LOAD ./synergy/board/s7g2_sk/bsp_init.o
LOAD ./synergy/board/s7g2_sk/bsp_leds.o
LOAD ./synergy/board/s7g2_sk/bsp_qspi.o
LOAD ./src/synergy_gen/common_data.o
LOAD ./src/synergy_gen/hal_data.o
LOAD ./src/synergy_gen/main.o
LOAD ./src/synergy_gen/pin_data.o
LOAD ./src/hal_entry.o
LOAD D:\Documents\File_code\RENESAS\RENESAS_SSP_S7G2\GPIOInterrupt\synergy\ssp\src\bsp\cmsis\DSP_Lib\cm4_gcc\libDSP_Lib.a
LOAD D:\Documents\File_code\RENESAS\RENESAS_SSP_S7G2\GPIOInterrupt\synergy\ssp\src\bsp\cmsis\NN_Lib\cm4_gcc\libNN_Lib.a
LOAD D:\Documents\File_code\RENESAS\RENESAS_SSP_S7G2\GPIOInterrupt\synergy\ssp\src\driver\r_fmi\libs\libfmi_cm4_s7g2_gcc.a
LOAD D:\Documents\File_code\RENESAS\RENESAS_SSP_S7G2\GPIOInterrupt\synergy\ssp\src\bsp\mcu\s7g2\libfmi_R7FS7G27H3A01CFC_gcc.a
END GROUP
START GROUP
LOAD c:/renesas/synergy/e2studio_v2024-01.1_ssp_v2.6.1/toolchains/gcc_arm/gcc-arm-none-eabi-10.3-2021.10/bin/../lib/gcc/arm-none-eabi/10.3.1/thumb/v7e-m+fp/hard\libgcc.a
LOAD c:/renesas/synergy/e2studio_v2024-01.1_ssp_v2.6.1/toolchains/gcc_arm/gcc-arm-none-eabi-10.3-2021.10/bin/../lib/gcc/arm-none-eabi/10.3.1/../../../../arm-none-eabi/lib/thumb/v7e-m+fp/hard\libg_nano.a
LOAD c:/renesas/synergy/e2studio_v2024-01.1_ssp_v2.6.1/toolchains/gcc_arm/gcc-arm-none-eabi-10.3-2021.10/bin/../lib/gcc/arm-none-eabi/10.3.1/../../../../arm-none-eabi/lib/thumb/v7e-m+fp/hard\libc_nano.a
END GROUP
START GROUP
LOAD c:/renesas/synergy/e2studio_v2024-01.1_ssp_v2.6.1/toolchains/gcc_arm/gcc-arm-none-eabi-10.3-2021.10/bin/../lib/gcc/arm-none-eabi/10.3.1/thumb/v7e-m+fp/hard\libgcc.a
LOAD c:/renesas/synergy/e2studio_v2024-01.1_ssp_v2.6.1/toolchains/gcc_arm/gcc-arm-none-eabi-10.3-2021.10/bin/../lib/gcc/arm-none-eabi/10.3.1/../../../../arm-none-eabi/lib/thumb/v7e-m+fp/hard\libc_nano.a
LOAD c:/renesas/synergy/e2studio_v2024-01.1_ssp_v2.6.1/toolchains/gcc_arm/gcc-arm-none-eabi-10.3-2021.10/bin/../lib/gcc/arm-none-eabi/10.3.1/../../../../arm-none-eabi/lib/thumb/v7e-m+fp/hard\librdimon_nano.a
END GROUP
START GROUP
LOAD c:/renesas/synergy/e2studio_v2024-01.1_ssp_v2.6.1/toolchains/gcc_arm/gcc-arm-none-eabi-10.3-2021.10/bin/../lib/gcc/arm-none-eabi/10.3.1/thumb/v7e-m+fp/hard\libgcc.a
LOAD c:/renesas/synergy/e2studio_v2024-01.1_ssp_v2.6.1/toolchains/gcc_arm/gcc-arm-none-eabi-10.3-2021.10/bin/../lib/gcc/arm-none-eabi/10.3.1/../../../../arm-none-eabi/lib/thumb/v7e-m+fp/hard\libc_nano.a
LOAD c:/renesas/synergy/e2studio_v2024-01.1_ssp_v2.6.1/toolchains/gcc_arm/gcc-arm-none-eabi-10.3-2021.10/bin/../lib/gcc/arm-none-eabi/10.3.1/../../../../arm-none-eabi/lib/thumb/v7e-m+fp/hard\librdimon_nano.a
END GROUP
LOAD c:/renesas/synergy/e2studio_v2024-01.1_ssp_v2.6.1/toolchains/gcc_arm/gcc-arm-none-eabi-10.3-2021.10/bin/../lib/gcc/arm-none-eabi/10.3.1/thumb/v7e-m+fp/hard/crtend.o
LOAD c:/renesas/synergy/e2studio_v2024-01.1_ssp_v2.6.1/toolchains/gcc_arm/gcc-arm-none-eabi-10.3-2021.10/bin/../lib/gcc/arm-none-eabi/10.3.1/thumb/v7e-m+fp/hard/crtn.o
START GROUP
LOAD c:/renesas/synergy/e2studio_v2024-01.1_ssp_v2.6.1/toolchains/gcc_arm/gcc-arm-none-eabi-10.3-2021.10/bin/../lib/gcc/arm-none-eabi/10.3.1/thumb/v7e-m+fp/hard\libgcc.a
LOAD c:/renesas/synergy/e2studio_v2024-01.1_ssp_v2.6.1/toolchains/gcc_arm/gcc-arm-none-eabi-10.3-2021.10/bin/../lib/gcc/arm-none-eabi/10.3.1/../../../../arm-none-eabi/lib/thumb/v7e-m+fp/hard\libc.a
LOAD c:/renesas/synergy/e2studio_v2024-01.1_ssp_v2.6.1/toolchains/gcc_arm/gcc-arm-none-eabi-10.3-2021.10/bin/../lib/gcc/arm-none-eabi/10.3.1/../../../../arm-none-eabi/lib/thumb/v7e-m+fp/hard\libm.a
LOAD c:/renesas/synergy/e2studio_v2024-01.1_ssp_v2.6.1/toolchains/gcc_arm/gcc-arm-none-eabi-10.3-2021.10/bin/../lib/gcc/arm-none-eabi/10.3.1/../../../../arm-none-eabi/lib/thumb/v7e-m+fp/hard\libnosys.a
END GROUP

.text           0x00000000     0x7a24
                0x00000000                __ROM_Start = .
 *(.vectors)
 .vectors       0x00000000       0x40 ./synergy/ssp/src/bsp/cmsis/Device/RENESAS/S7G2/Source/startup_S7G2.o
                0x00000000                __Vectors
 *(SORT_BY_NAME(.vector.*))
 .vector.ICU_IRQ11
                0x00000040        0x4 ./src/synergy_gen/hal_data.o
                0x00000040                g_vector_ICU_IRQ11
                0x00000044                __Vectors_End = .
                0x1ffe0270                __end__ = .
                0x00000400                . = (__ROM_Start + 0x400)
 *fill*         0x00000044      0x3bc ff
 *(.rom_registers*)
 .rom_registers
                0x00000400       0x3c ./synergy/ssp/src/bsp/mcu/s7g2/bsp_rom_registers.o
                0x00000500                . = (__ROM_Start + 0x500)
 *fill*         0x0000043c       0xc4 ff
                0x00000500                __Vector_Info_Start = .
 *(SORT_BY_NAME(.vector_info.*))
 .vector_info.ICU_IRQ11
                0x00000500        0x8 ./src/synergy_gen/hal_data.o
                0x00000500                g_vector_info_ICU_IRQ11
                0x00000508                __Vector_Info_End = .
                0x00000508                __Lock_Lookup_Start = .
 *(SORT_BY_NAME(.hw_lock_lookup.*))
 .hw_lock_lookup.ADC_0U_0U
                0x00000508        0x4 ./synergy/ssp/src/bsp/mcu/s7g2/bsp_hw_locks.o
                0x00000508                g_lock_lookup_ADC_0U_0U
 .hw_lock_lookup.ADC_0U_1U
                0x0000050c        0x4 ./synergy/ssp/src/bsp/mcu/s7g2/bsp_hw_locks.o
                0x0000050c                g_lock_lookup_ADC_0U_1U
 .hw_lock_lookup.AGT_0U_0U
                0x00000510        0x4 ./synergy/ssp/src/bsp/mcu/s7g2/bsp_hw_locks.o
                0x00000510                g_lock_lookup_AGT_0U_0U
 .hw_lock_lookup.AGT_0U_1U
                0x00000514        0x4 ./synergy/ssp/src/bsp/mcu/s7g2/bsp_hw_locks.o
                0x00000514                g_lock_lookup_AGT_0U_1U
 .hw_lock_lookup.BSC_0U_1U
                0x00000518        0x4 ./synergy/ssp/src/bsp/mcu/s7g2/bsp_hw_locks.o
                0x00000518                g_lock_lookup_BSC_0U_1U
 .hw_lock_lookup.CAC_0U_0U
                0x0000051c        0x4 ./synergy/ssp/src/bsp/mcu/s7g2/bsp_hw_locks.o
                0x0000051c                g_lock_lookup_CAC_0U_0U
 .hw_lock_lookup.CAN_0U_0U
                0x00000520        0x4 ./synergy/ssp/src/bsp/mcu/s7g2/bsp_hw_locks.o
                0x00000520                g_lock_lookup_CAN_0U_0U
 .hw_lock_lookup.CAN_0U_1U
                0x00000524        0x4 ./synergy/ssp/src/bsp/mcu/s7g2/bsp_hw_locks.o
                0x00000524                g_lock_lookup_CAN_0U_1U
 .hw_lock_lookup.COMP_HS_0U_0U
                0x00000528        0x4 ./synergy/ssp/src/bsp/mcu/s7g2/bsp_hw_locks.o
                0x00000528                g_lock_lookup_COMP_HS_0U_0U
 .hw_lock_lookup.COMP_HS_0U_1U
                0x0000052c        0x4 ./synergy/ssp/src/bsp/mcu/s7g2/bsp_hw_locks.o
                0x0000052c                g_lock_lookup_COMP_HS_0U_1U
 .hw_lock_lookup.COMP_HS_0U_2U
                0x00000530        0x4 ./synergy/ssp/src/bsp/mcu/s7g2/bsp_hw_locks.o
                0x00000530                g_lock_lookup_COMP_HS_0U_2U
 .hw_lock_lookup.COMP_HS_0U_3U
                0x00000534        0x4 ./synergy/ssp/src/bsp/mcu/s7g2/bsp_hw_locks.o
                0x00000534                g_lock_lookup_COMP_HS_0U_3U
 .hw_lock_lookup.COMP_HS_0U_4U
                0x00000538        0x4 ./synergy/ssp/src/bsp/mcu/s7g2/bsp_hw_locks.o
                0x00000538                g_lock_lookup_COMP_HS_0U_4U
 .hw_lock_lookup.COMP_HS_0U_5U
                0x0000053c        0x4 ./synergy/ssp/src/bsp/mcu/s7g2/bsp_hw_locks.o
                0x0000053c                g_lock_lookup_COMP_HS_0U_5U
 .hw_lock_lookup.CRC_0U_0U
                0x00000540        0x4 ./synergy/ssp/src/bsp/mcu/s7g2/bsp_hw_locks.o
                0x00000540                g_lock_lookup_CRC_0U_0U
 .hw_lock_lookup.CTSU_0U_0U
                0x00000544        0x4 ./synergy/ssp/src/bsp/mcu/s7g2/bsp_hw_locks.o
                0x00000544                g_lock_lookup_CTSU_0U_0U
 .hw_lock_lookup.DAAD_0U_0U
                0x00000548        0x4 ./synergy/ssp/src/bsp/mcu/s7g2/bsp_hw_locks.o
                0x00000548                g_lock_lookup_DAAD_0U_0U
 .hw_lock_lookup.DAC_0U_0U
                0x0000054c        0x4 ./synergy/ssp/src/bsp/mcu/s7g2/bsp_hw_locks.o
                0x0000054c                g_lock_lookup_DAC_0U_0U
 .hw_lock_lookup.DAC_0U_1U
                0x00000550        0x4 ./synergy/ssp/src/bsp/mcu/s7g2/bsp_hw_locks.o
                0x00000550                g_lock_lookup_DAC_0U_1U
 .hw_lock_lookup.DMAC_0U_0U
                0x00000554        0x4 ./synergy/ssp/src/bsp/mcu/s7g2/bsp_hw_locks.o
                0x00000554                g_lock_lookup_DMAC_0U_0U
 .hw_lock_lookup.DMAC_0U_1U
                0x00000558        0x4 ./synergy/ssp/src/bsp/mcu/s7g2/bsp_hw_locks.o
                0x00000558                g_lock_lookup_DMAC_0U_1U
 .hw_lock_lookup.DMAC_0U_2U
                0x0000055c        0x4 ./synergy/ssp/src/bsp/mcu/s7g2/bsp_hw_locks.o
                0x0000055c                g_lock_lookup_DMAC_0U_2U
 .hw_lock_lookup.DMAC_0U_3U
                0x00000560        0x4 ./synergy/ssp/src/bsp/mcu/s7g2/bsp_hw_locks.o
                0x00000560                g_lock_lookup_DMAC_0U_3U
 .hw_lock_lookup.DMAC_0U_4U
                0x00000564        0x4 ./synergy/ssp/src/bsp/mcu/s7g2/bsp_hw_locks.o
                0x00000564                g_lock_lookup_DMAC_0U_4U
 .hw_lock_lookup.DMAC_0U_5U
                0x00000568        0x4 ./synergy/ssp/src/bsp/mcu/s7g2/bsp_hw_locks.o
                0x00000568                g_lock_lookup_DMAC_0U_5U
 .hw_lock_lookup.DMAC_0U_6U
                0x0000056c        0x4 ./synergy/ssp/src/bsp/mcu/s7g2/bsp_hw_locks.o
                0x0000056c                g_lock_lookup_DMAC_0U_6U
 .hw_lock_lookup.DMAC_0U_7U
                0x00000570        0x4 ./synergy/ssp/src/bsp/mcu/s7g2/bsp_hw_locks.o
                0x00000570                g_lock_lookup_DMAC_0U_7U
 .hw_lock_lookup.DOC_0U_0U
                0x00000574        0x4 ./synergy/ssp/src/bsp/mcu/s7g2/bsp_hw_locks.o
                0x00000574                g_lock_lookup_DOC_0U_0U
 .hw_lock_lookup.DRW_0U_0U
                0x00000578        0x4 ./synergy/ssp/src/bsp/mcu/s7g2/bsp_hw_locks.o
                0x00000578                g_lock_lookup_DRW_0U_0U
 .hw_lock_lookup.DTC_0U_0U
                0x0000057c        0x4 ./synergy/ssp/src/bsp/mcu/s7g2/bsp_hw_locks.o
                0x0000057c                g_lock_lookup_DTC_0U_0U
 .hw_lock_lookup.ELC_0U_0U
                0x00000580        0x4 ./synergy/ssp/src/bsp/mcu/s7g2/bsp_hw_locks.o
                0x00000580                g_lock_lookup_ELC_0U_0U
 .hw_lock_lookup.EPTPC_0U_0U
                0x00000584        0x4 ./synergy/ssp/src/bsp/mcu/s7g2/bsp_hw_locks.o
                0x00000584                g_lock_lookup_EPTPC_0U_0U
 .hw_lock_lookup.ETHER_0U_0U
                0x00000588        0x4 ./synergy/ssp/src/bsp/mcu/s7g2/bsp_hw_locks.o
                0x00000588                g_lock_lookup_ETHER_0U_0U
 .hw_lock_lookup.ETHER_0U_1U
                0x0000058c        0x4 ./synergy/ssp/src/bsp/mcu/s7g2/bsp_hw_locks.o
                0x0000058c                g_lock_lookup_ETHER_0U_1U
 .hw_lock_lookup.FCU_0U_0U
                0x00000590        0x4 ./synergy/ssp/src/bsp/mcu/s7g2/bsp_hw_locks.o
                0x00000590                g_lock_lookup_FCU_0U_0U
 .hw_lock_lookup.GLCDC_0U_0U
                0x00000594        0x4 ./synergy/ssp/src/bsp/mcu/s7g2/bsp_hw_locks.o
                0x00000594                g_lock_lookup_GLCDC_0U_0U
 .hw_lock_lookup.GPT_0U_0U
                0x00000598        0x4 ./synergy/ssp/src/bsp/mcu/s7g2/bsp_hw_locks.o
                0x00000598                g_lock_lookup_GPT_0U_0U
 .hw_lock_lookup.GPT_0U_10U
                0x0000059c        0x4 ./synergy/ssp/src/bsp/mcu/s7g2/bsp_hw_locks.o
                0x0000059c                g_lock_lookup_GPT_0U_10U
 .hw_lock_lookup.GPT_0U_11U
                0x000005a0        0x4 ./synergy/ssp/src/bsp/mcu/s7g2/bsp_hw_locks.o
                0x000005a0                g_lock_lookup_GPT_0U_11U
 .hw_lock_lookup.GPT_0U_12U
                0x000005a4        0x4 ./synergy/ssp/src/bsp/mcu/s7g2/bsp_hw_locks.o
                0x000005a4                g_lock_lookup_GPT_0U_12U
 .hw_lock_lookup.GPT_0U_13U
                0x000005a8        0x4 ./synergy/ssp/src/bsp/mcu/s7g2/bsp_hw_locks.o
                0x000005a8                g_lock_lookup_GPT_0U_13U
 .hw_lock_lookup.GPT_0U_1U
                0x000005ac        0x4 ./synergy/ssp/src/bsp/mcu/s7g2/bsp_hw_locks.o
                0x000005ac                g_lock_lookup_GPT_0U_1U
 .hw_lock_lookup.GPT_0U_2U
                0x000005b0        0x4 ./synergy/ssp/src/bsp/mcu/s7g2/bsp_hw_locks.o
                0x000005b0                g_lock_lookup_GPT_0U_2U
 .hw_lock_lookup.GPT_0U_3U
                0x000005b4        0x4 ./synergy/ssp/src/bsp/mcu/s7g2/bsp_hw_locks.o
                0x000005b4                g_lock_lookup_GPT_0U_3U
 .hw_lock_lookup.GPT_0U_4U
                0x000005b8        0x4 ./synergy/ssp/src/bsp/mcu/s7g2/bsp_hw_locks.o
                0x000005b8                g_lock_lookup_GPT_0U_4U
 .hw_lock_lookup.GPT_0U_5U
                0x000005bc        0x4 ./synergy/ssp/src/bsp/mcu/s7g2/bsp_hw_locks.o
                0x000005bc                g_lock_lookup_GPT_0U_5U
 .hw_lock_lookup.GPT_0U_6U
                0x000005c0        0x4 ./synergy/ssp/src/bsp/mcu/s7g2/bsp_hw_locks.o
                0x000005c0                g_lock_lookup_GPT_0U_6U
 .hw_lock_lookup.GPT_0U_7U
                0x000005c4        0x4 ./synergy/ssp/src/bsp/mcu/s7g2/bsp_hw_locks.o
                0x000005c4                g_lock_lookup_GPT_0U_7U
 .hw_lock_lookup.GPT_0U_8U
                0x000005c8        0x4 ./synergy/ssp/src/bsp/mcu/s7g2/bsp_hw_locks.o
                0x000005c8                g_lock_lookup_GPT_0U_8U
 .hw_lock_lookup.GPT_0U_9U
                0x000005cc        0x4 ./synergy/ssp/src/bsp/mcu/s7g2/bsp_hw_locks.o
                0x000005cc                g_lock_lookup_GPT_0U_9U
 .hw_lock_lookup.ICU_0U_0U
                0x000005d0        0x4 ./synergy/ssp/src/bsp/mcu/s7g2/bsp_hw_locks.o
                0x000005d0                g_lock_lookup_ICU_0U_0U
 .hw_lock_lookup.ICU_0U_10U
                0x000005d4        0x4 ./synergy/ssp/src/bsp/mcu/s7g2/bsp_hw_locks.o
                0x000005d4                g_lock_lookup_ICU_0U_10U
 .hw_lock_lookup.ICU_0U_11U
                0x000005d8        0x4 ./synergy/ssp/src/bsp/mcu/s7g2/bsp_hw_locks.o
                0x000005d8                g_lock_lookup_ICU_0U_11U
 .hw_lock_lookup.ICU_0U_12U
                0x000005dc        0x4 ./synergy/ssp/src/bsp/mcu/s7g2/bsp_hw_locks.o
                0x000005dc                g_lock_lookup_ICU_0U_12U
 .hw_lock_lookup.ICU_0U_13U
                0x000005e0        0x4 ./synergy/ssp/src/bsp/mcu/s7g2/bsp_hw_locks.o
                0x000005e0                g_lock_lookup_ICU_0U_13U
 .hw_lock_lookup.ICU_0U_14U
                0x000005e4        0x4 ./synergy/ssp/src/bsp/mcu/s7g2/bsp_hw_locks.o
                0x000005e4                g_lock_lookup_ICU_0U_14U
 .hw_lock_lookup.ICU_0U_15U
                0x000005e8        0x4 ./synergy/ssp/src/bsp/mcu/s7g2/bsp_hw_locks.o
                0x000005e8                g_lock_lookup_ICU_0U_15U
 .hw_lock_lookup.ICU_0U_1U
                0x000005ec        0x4 ./synergy/ssp/src/bsp/mcu/s7g2/bsp_hw_locks.o
                0x000005ec                g_lock_lookup_ICU_0U_1U
 .hw_lock_lookup.ICU_0U_2U
                0x000005f0        0x4 ./synergy/ssp/src/bsp/mcu/s7g2/bsp_hw_locks.o
                0x000005f0                g_lock_lookup_ICU_0U_2U
 .hw_lock_lookup.ICU_0U_3U
                0x000005f4        0x4 ./synergy/ssp/src/bsp/mcu/s7g2/bsp_hw_locks.o
                0x000005f4                g_lock_lookup_ICU_0U_3U
 .hw_lock_lookup.ICU_0U_4U
                0x000005f8        0x4 ./synergy/ssp/src/bsp/mcu/s7g2/bsp_hw_locks.o
                0x000005f8                g_lock_lookup_ICU_0U_4U
 .hw_lock_lookup.ICU_0U_5U
                0x000005fc        0x4 ./synergy/ssp/src/bsp/mcu/s7g2/bsp_hw_locks.o
                0x000005fc                g_lock_lookup_ICU_0U_5U
 .hw_lock_lookup.ICU_0U_6U
                0x00000600        0x4 ./synergy/ssp/src/bsp/mcu/s7g2/bsp_hw_locks.o
                0x00000600                g_lock_lookup_ICU_0U_6U
 .hw_lock_lookup.ICU_0U_7U
                0x00000604        0x4 ./synergy/ssp/src/bsp/mcu/s7g2/bsp_hw_locks.o
                0x00000604                g_lock_lookup_ICU_0U_7U
 .hw_lock_lookup.ICU_0U_8U
                0x00000608        0x4 ./synergy/ssp/src/bsp/mcu/s7g2/bsp_hw_locks.o
                0x00000608                g_lock_lookup_ICU_0U_8U
 .hw_lock_lookup.ICU_0U_9U
                0x0000060c        0x4 ./synergy/ssp/src/bsp/mcu/s7g2/bsp_hw_locks.o
                0x0000060c                g_lock_lookup_ICU_0U_9U
 .hw_lock_lookup.IIC_0U_0U
                0x00000610        0x4 ./synergy/ssp/src/bsp/mcu/s7g2/bsp_hw_locks.o
                0x00000610                g_lock_lookup_IIC_0U_0U
 .hw_lock_lookup.IIC_0U_1U
                0x00000614        0x4 ./synergy/ssp/src/bsp/mcu/s7g2/bsp_hw_locks.o
                0x00000614                g_lock_lookup_IIC_0U_1U
 .hw_lock_lookup.IIC_0U_2U
                0x00000618        0x4 ./synergy/ssp/src/bsp/mcu/s7g2/bsp_hw_locks.o
                0x00000618                g_lock_lookup_IIC_0U_2U
 .hw_lock_lookup.IRDA_0U_0U
                0x0000061c        0x4 ./synergy/ssp/src/bsp/mcu/s7g2/bsp_hw_locks.o
                0x0000061c                g_lock_lookup_IRDA_0U_0U
 .hw_lock_lookup.IWDT_0U_0U
                0x00000620        0x4 ./synergy/ssp/src/bsp/mcu/s7g2/bsp_hw_locks.o
                0x00000620                g_lock_lookup_IWDT_0U_0U
 .hw_lock_lookup.JPEG_0U_0U
                0x00000624        0x4 ./synergy/ssp/src/bsp/mcu/s7g2/bsp_hw_locks.o
                0x00000624                g_lock_lookup_JPEG_0U_0U
 .hw_lock_lookup.KEY_0U_0U
                0x00000628        0x4 ./synergy/ssp/src/bsp/mcu/s7g2/bsp_hw_locks.o
                0x00000628                g_lock_lookup_KEY_0U_0U
 .hw_lock_lookup.LPM_1U_0U
                0x0000062c        0x4 ./synergy/ssp/src/bsp/mcu/s7g2/bsp_hw_locks.o
                0x0000062c                g_lock_lookup_LPM_1U_0U
 .hw_lock_lookup.LVD_0U_0U
                0x00000630        0x4 ./synergy/ssp/src/bsp/mcu/s7g2/bsp_hw_locks.o
                0x00000630                g_lock_lookup_LVD_0U_0U
 .hw_lock_lookup.LVD_0U_1U
                0x00000634        0x4 ./synergy/ssp/src/bsp/mcu/s7g2/bsp_hw_locks.o
                0x00000634                g_lock_lookup_LVD_0U_1U
 .hw_lock_lookup.MMF_0U_0U
                0x00000638        0x4 ./synergy/ssp/src/bsp/mcu/s7g2/bsp_hw_locks.o
                0x00000638                g_lock_lookup_MMF_0U_0U
 .hw_lock_lookup.MPU_0U_0U
                0x0000063c        0x4 ./synergy/ssp/src/bsp/mcu/s7g2/bsp_hw_locks.o
                0x0000063c                g_lock_lookup_MPU_0U_0U
 .hw_lock_lookup.OPS_0U_0U
                0x00000640        0x4 ./synergy/ssp/src/bsp/mcu/s7g2/bsp_hw_locks.o
                0x00000640                g_lock_lookup_OPS_0U_0U
 .hw_lock_lookup.PDC_0U_0U
                0x00000644        0x4 ./synergy/ssp/src/bsp/mcu/s7g2/bsp_hw_locks.o
                0x00000644                g_lock_lookup_PDC_0U_0U
 .hw_lock_lookup.POEG_0U_0U
                0x00000648        0x4 ./synergy/ssp/src/bsp/mcu/s7g2/bsp_hw_locks.o
                0x00000648                g_lock_lookup_POEG_0U_0U
 .hw_lock_lookup.POEG_0U_1U
                0x0000064c        0x4 ./synergy/ssp/src/bsp/mcu/s7g2/bsp_hw_locks.o
                0x0000064c                g_lock_lookup_POEG_0U_1U
 .hw_lock_lookup.POEG_0U_2U
                0x00000650        0x4 ./synergy/ssp/src/bsp/mcu/s7g2/bsp_hw_locks.o
                0x00000650                g_lock_lookup_POEG_0U_2U
 .hw_lock_lookup.POEG_0U_3U
                0x00000654        0x4 ./synergy/ssp/src/bsp/mcu/s7g2/bsp_hw_locks.o
                0x00000654                g_lock_lookup_POEG_0U_3U
 .hw_lock_lookup.QSPI_0U_0U
                0x00000658        0x4 ./synergy/ssp/src/bsp/mcu/s7g2/bsp_hw_locks.o
                0x00000658                g_lock_lookup_QSPI_0U_0U
 .hw_lock_lookup.RTC_0U_0U
                0x0000065c        0x4 ./synergy/ssp/src/bsp/mcu/s7g2/bsp_hw_locks.o
                0x0000065c                g_lock_lookup_RTC_0U_0U
 .hw_lock_lookup.SCE_0U_0U
                0x00000660        0x4 ./synergy/ssp/src/bsp/mcu/s7g2/bsp_hw_locks.o
                0x00000660                g_lock_lookup_SCE_0U_0U
 .hw_lock_lookup.SCI_0U_0U
                0x00000664        0x4 ./synergy/ssp/src/bsp/mcu/s7g2/bsp_hw_locks.o
                0x00000664                g_lock_lookup_SCI_0U_0U
 .hw_lock_lookup.SCI_0U_1U
                0x00000668        0x4 ./synergy/ssp/src/bsp/mcu/s7g2/bsp_hw_locks.o
                0x00000668                g_lock_lookup_SCI_0U_1U
 .hw_lock_lookup.SCI_0U_2U
                0x0000066c        0x4 ./synergy/ssp/src/bsp/mcu/s7g2/bsp_hw_locks.o
                0x0000066c                g_lock_lookup_SCI_0U_2U
 .hw_lock_lookup.SCI_0U_3U
                0x00000670        0x4 ./synergy/ssp/src/bsp/mcu/s7g2/bsp_hw_locks.o
                0x00000670                g_lock_lookup_SCI_0U_3U
 .hw_lock_lookup.SCI_0U_4U
                0x00000674        0x4 ./synergy/ssp/src/bsp/mcu/s7g2/bsp_hw_locks.o
                0x00000674                g_lock_lookup_SCI_0U_4U
 .hw_lock_lookup.SCI_0U_5U
                0x00000678        0x4 ./synergy/ssp/src/bsp/mcu/s7g2/bsp_hw_locks.o
                0x00000678                g_lock_lookup_SCI_0U_5U
 .hw_lock_lookup.SCI_0U_6U
                0x0000067c        0x4 ./synergy/ssp/src/bsp/mcu/s7g2/bsp_hw_locks.o
                0x0000067c                g_lock_lookup_SCI_0U_6U
 .hw_lock_lookup.SCI_0U_7U
                0x00000680        0x4 ./synergy/ssp/src/bsp/mcu/s7g2/bsp_hw_locks.o
                0x00000680                g_lock_lookup_SCI_0U_7U
 .hw_lock_lookup.SCI_0U_8U
                0x00000684        0x4 ./synergy/ssp/src/bsp/mcu/s7g2/bsp_hw_locks.o
                0x00000684                g_lock_lookup_SCI_0U_8U
 .hw_lock_lookup.SCI_0U_9U
                0x00000688        0x4 ./synergy/ssp/src/bsp/mcu/s7g2/bsp_hw_locks.o
                0x00000688                g_lock_lookup_SCI_0U_9U
 .hw_lock_lookup.SDHIMMC_0U_0U
                0x0000068c        0x4 ./synergy/ssp/src/bsp/mcu/s7g2/bsp_hw_locks.o
                0x0000068c                g_lock_lookup_SDHIMMC_0U_0U
 .hw_lock_lookup.SDHIMMC_0U_1U
                0x00000690        0x4 ./synergy/ssp/src/bsp/mcu/s7g2/bsp_hw_locks.o
                0x00000690                g_lock_lookup_SDHIMMC_0U_1U
 .hw_lock_lookup.SPI_0U_0U
                0x00000694        0x4 ./synergy/ssp/src/bsp/mcu/s7g2/bsp_hw_locks.o
                0x00000694                g_lock_lookup_SPI_0U_0U
 .hw_lock_lookup.SPI_0U_1U
                0x00000698        0x4 ./synergy/ssp/src/bsp/mcu/s7g2/bsp_hw_locks.o
                0x00000698                g_lock_lookup_SPI_0U_1U
 .hw_lock_lookup.SRC_0U_0U
                0x0000069c        0x4 ./synergy/ssp/src/bsp/mcu/s7g2/bsp_hw_locks.o
                0x0000069c                g_lock_lookup_SRC_0U_0U
 .hw_lock_lookup.SSI_0U_0U
                0x000006a0        0x4 ./synergy/ssp/src/bsp/mcu/s7g2/bsp_hw_locks.o
                0x000006a0                g_lock_lookup_SSI_0U_0U
 .hw_lock_lookup.SSI_0U_1U
                0x000006a4        0x4 ./synergy/ssp/src/bsp/mcu/s7g2/bsp_hw_locks.o
                0x000006a4                g_lock_lookup_SSI_0U_1U
 .hw_lock_lookup.TSN_0U_0U
                0x000006a8        0x4 ./synergy/ssp/src/bsp/mcu/s7g2/bsp_hw_locks.o
                0x000006a8                g_lock_lookup_TSN_0U_0U
 .hw_lock_lookup.USB_0U_0U
                0x000006ac        0x4 ./synergy/ssp/src/bsp/mcu/s7g2/bsp_hw_locks.o
                0x000006ac                g_lock_lookup_USB_0U_0U
 .hw_lock_lookup.USB_1U_0U
                0x000006b0        0x4 ./synergy/ssp/src/bsp/mcu/s7g2/bsp_hw_locks.o
                0x000006b0                g_lock_lookup_USB_1U_0U
 .hw_lock_lookup.WDT_0U_0U
                0x000006b4        0x4 ./synergy/ssp/src/bsp/mcu/s7g2/bsp_hw_locks.o
                0x000006b4                g_lock_lookup_WDT_0U_0U
                0x000006b8                __Lock_Lookup_End = .
 *(.text*)
 .text          0x000006b8       0x40 c:/renesas/synergy/e2studio_v2024-01.1_ssp_v2.6.1/toolchains/gcc_arm/gcc-arm-none-eabi-10.3-2021.10/bin/../lib/gcc/arm-none-eabi/10.3.1/thumb/v7e-m+fp/hard/crtbegin.o
 .text.ioport_port_address_get
                0x000006f8       0x26 ./synergy/ssp/src/driver/r_ioport/r_ioport.o
 .text.ioport_pfs_address_get
                0x0000071e       0x2e ./synergy/ssp/src/driver/r_ioport/r_ioport.o
 .text.HW_IOPORT_EthernetModeCfg
                0x0000074c       0x66 ./synergy/ssp/src/driver/r_ioport/r_ioport.o
 .text.HW_IOPORT_PortWriteWithPCNTR3
                0x000007b2       0x3e ./synergy/ssp/src/driver/r_ioport/r_ioport.o
 .text.HW_IOPORT_PortEventInputDataRead
                0x000007f0       0x3c ./synergy/ssp/src/driver/r_ioport/r_ioport.o
 .text.HW_IOPORT_PortEventOutputDataWrite
                0x0000082c       0x44 ./synergy/ssp/src/driver/r_ioport/r_ioport.o
 .text.HW_IOPORT_PinEventOutputDataWrite
                0x00000870       0x88 ./synergy/ssp/src/driver/r_ioport/r_ioport.o
 .text.HW_IOPORT_PinRead
                0x000008f8       0x30 ./synergy/ssp/src/driver/r_ioport/r_ioport.o
 .text.HW_IOPORT_PortRead
                0x00000928       0x36 ./synergy/ssp/src/driver/r_ioport/r_ioport.o
 .text.HW_IOPORT_PortDirectionRead
                0x0000095e       0x32 ./synergy/ssp/src/driver/r_ioport/r_ioport.o
 .text.HW_IOPORT_PinDirectionSet
                0x00000990       0x5c ./synergy/ssp/src/driver/r_ioport/r_ioport.o
 .text.HW_IOPORT_PortDirectionSet
                0x000009ec       0x42 ./synergy/ssp/src/driver/r_ioport/r_ioport.o
 *fill*         0x00000a2e        0x2 ff
 .text.HW_IOPORT_PFSAccessEnable
                0x00000a30       0x64 ./synergy/ssp/src/driver/r_ioport/r_ioport.o
 .text.HW_IOPORT_PFSAccessDisable
                0x00000a94       0x6c ./synergy/ssp/src/driver/r_ioport/r_ioport.o
 .text.HW_IOPORT_PFSRead
                0x00000b00       0x24 ./synergy/ssp/src/driver/r_ioport/r_ioport.o
 .text.HW_IOPORT_PFSWrite
                0x00000b24       0x66 ./synergy/ssp/src/driver/r_ioport/r_ioport.o
 *fill*         0x00000b8a        0x2 ff
 .text.R_IOPORT_Init
                0x00000b8c       0xbc ./synergy/ssp/src/driver/r_ioport/r_ioport.o
                0x00000b8c                R_IOPORT_Init
 .text.R_IOPORT_PinsCfg
                0x00000c48       0x78 ./synergy/ssp/src/driver/r_ioport/r_ioport.o
                0x00000c48                R_IOPORT_PinsCfg
 .text.R_IOPORT_PinCfg
                0x00000cc0       0x64 ./synergy/ssp/src/driver/r_ioport/r_ioport.o
                0x00000cc0                R_IOPORT_PinCfg
 .text.R_IOPORT_PinRead
                0x00000d24       0x54 ./synergy/ssp/src/driver/r_ioport/r_ioport.o
                0x00000d24                R_IOPORT_PinRead
 .text.R_IOPORT_PortRead
                0x00000d78       0x54 ./synergy/ssp/src/driver/r_ioport/r_ioport.o
                0x00000d78                R_IOPORT_PortRead
 .text.R_IOPORT_PortWrite
                0x00000dcc       0x6c ./synergy/ssp/src/driver/r_ioport/r_ioport.o
                0x00000dcc                R_IOPORT_PortWrite
 .text.R_IOPORT_PinWrite
                0x00000e38       0x80 ./synergy/ssp/src/driver/r_ioport/r_ioport.o
                0x00000e38                R_IOPORT_PinWrite
 .text.R_IOPORT_PortDirectionSet
                0x00000eb8       0x94 ./synergy/ssp/src/driver/r_ioport/r_ioport.o
                0x00000eb8                R_IOPORT_PortDirectionSet
 .text.R_IOPORT_PinDirectionSet
                0x00000f4c       0x5c ./synergy/ssp/src/driver/r_ioport/r_ioport.o
                0x00000f4c                R_IOPORT_PinDirectionSet
 .text.R_IOPORT_PortEventInputRead
                0x00000fa8       0x54 ./synergy/ssp/src/driver/r_ioport/r_ioport.o
                0x00000fa8                R_IOPORT_PortEventInputRead
 .text.R_IOPORT_PinEventInputRead
                0x00000ffc       0x88 ./synergy/ssp/src/driver/r_ioport/r_ioport.o
                0x00000ffc                R_IOPORT_PinEventInputRead
 .text.R_IOPORT_PortEventOutputWrite
                0x00001084       0x6c ./synergy/ssp/src/driver/r_ioport/r_ioport.o
                0x00001084                R_IOPORT_PortEventOutputWrite
 .text.R_IOPORT_PinEventOutputWrite
                0x000010f0       0x94 ./synergy/ssp/src/driver/r_ioport/r_ioport.o
                0x000010f0                R_IOPORT_PinEventOutputWrite
 .text.R_IOPORT_VersionGet
                0x00001184       0x38 ./synergy/ssp/src/driver/r_ioport/r_ioport.o
                0x00001184                R_IOPORT_VersionGet
 .text.R_IOPORT_EthernetModeCfg
                0x000011bc       0x60 ./synergy/ssp/src/driver/r_ioport/r_ioport.o
                0x000011bc                R_IOPORT_EthernetModeCfg
 .text.r_ioport_pin_exists
                0x0000121c       0x5c ./synergy/ssp/src/driver/r_ioport/r_ioport.o
 .text.r_ioport_port_exists
                0x00001278       0x34 ./synergy/ssp/src/driver/r_ioport/r_ioport.o
 .text.bsp_vbatt_init
                0x000012ac       0xd8 ./synergy/ssp/src/driver/r_ioport/r_ioport.o
 .text.__NVIC_EnableIRQ
                0x00001384       0x3c ./synergy/ssp/src/driver/r_icu/r_icu.o
 .text.__NVIC_DisableIRQ
                0x000013c0       0x48 ./synergy/ssp/src/driver/r_icu/r_icu.o
 .text.__NVIC_ClearPendingIRQ
                0x00001408       0x3c ./synergy/ssp/src/driver/r_icu/r_icu.o
 .text.__NVIC_SetPriority
                0x00001444       0x54 ./synergy/ssp/src/driver/r_icu/r_icu.o
 .text.R_SSP_CurrentIrqGet
                0x00001498       0x32 ./synergy/ssp/src/driver/r_icu/r_icu.o
 *fill*         0x000014ca        0x2 ff
 .text.R_SSP_VectorInfoGet
                0x000014cc       0x2c ./synergy/ssp/src/driver/r_icu/r_icu.o
 .text.HW_ICU_DivisorSet
                0x000014f8       0x30 ./synergy/ssp/src/driver/r_icu/r_icu.o
 .text.HW_ICU_FilterDisable
                0x00001528       0x24 ./synergy/ssp/src/driver/r_icu/r_icu.o
 .text.HW_ICU_FilterEnable
                0x0000154c       0x24 ./synergy/ssp/src/driver/r_icu/r_icu.o
 .text.HW_ICU_FilterSet
                0x00001570       0x2a ./synergy/ssp/src/driver/r_icu/r_icu.o
 .text.HW_ICU_TriggerSet
                0x0000159a       0x30 ./synergy/ssp/src/driver/r_icu/r_icu.o
 *fill*         0x000015ca        0x2 ff
 .text.R_ICU_ExternalIrqOpen
                0x000015cc      0x130 ./synergy/ssp/src/driver/r_icu/r_icu.o
                0x000015cc                R_ICU_ExternalIrqOpen
 .text.R_ICU_ExternalIrqEnable
                0x000016fc       0x68 ./synergy/ssp/src/driver/r_icu/r_icu.o
                0x000016fc                R_ICU_ExternalIrqEnable
 .text.R_ICU_ExternalIrqDisable
                0x00001764       0x68 ./synergy/ssp/src/driver/r_icu/r_icu.o
                0x00001764                R_ICU_ExternalIrqDisable
 .text.R_ICU_ExternalIrqTriggerSet
                0x000017cc       0x48 ./synergy/ssp/src/driver/r_icu/r_icu.o
                0x000017cc                R_ICU_ExternalIrqTriggerSet
 .text.R_ICU_ExternalIrqFilterEnable
                0x00001814       0x44 ./synergy/ssp/src/driver/r_icu/r_icu.o
                0x00001814                R_ICU_ExternalIrqFilterEnable
 .text.R_ICU_ExternalIrqFilterDisable
                0x00001858       0x44 ./synergy/ssp/src/driver/r_icu/r_icu.o
                0x00001858                R_ICU_ExternalIrqFilterDisable
 .text.R_ICU_ExternalIrqVersionGet
                0x0000189c       0x28 ./synergy/ssp/src/driver/r_icu/r_icu.o
                0x0000189c                R_ICU_ExternalIrqVersionGet
 .text.R_ICU_ExternalIrqClose
                0x000018c4       0xa0 ./synergy/ssp/src/driver/r_icu/r_icu.o
                0x000018c4                R_ICU_ExternalIrqClose
 .text.icu_irq_isr
                0x00001964       0x58 ./synergy/ssp/src/driver/r_icu/r_icu.o
                0x00001964                icu_irq_isr
 .text.r_icu_externalIRQ_initialize_interrupt
                0x000019bc       0xa8 ./synergy/ssp/src/driver/r_icu/r_icu.o
                0x000019bc                r_icu_externalIRQ_initialize_interrupt
 .text.HW_ELC_SoftwareEvent0Generate
                0x00001a64       0x26 ./synergy/ssp/src/driver/r_elc/r_elc.o
 .text.HW_ELC_SoftwareEvent1Generate
                0x00001a8a       0x26 ./synergy/ssp/src/driver/r_elc/r_elc.o
 .text.HW_ELC_Enable
                0x00001ab0       0x1e ./synergy/ssp/src/driver/r_elc/r_elc.o
 .text.HW_ELC_Disable
                0x00001ace       0x1e ./synergy/ssp/src/driver/r_elc/r_elc.o
 .text.HW_ELC_LinkSet
                0x00001aec       0x26 ./synergy/ssp/src/driver/r_elc/r_elc.o
 .text.HW_ELC_LinkBreak
                0x00001b12       0x22 ./synergy/ssp/src/driver/r_elc/r_elc.o
 .text.R_ELC_Init
                0x00001b34       0xb0 ./synergy/ssp/src/driver/r_elc/r_elc.o
                0x00001b34                R_ELC_Init
 .text.R_ELC_SoftwareEventGenerate
                0x00001be4       0x40 ./synergy/ssp/src/driver/r_elc/r_elc.o
                0x00001be4                R_ELC_SoftwareEventGenerate
 .text.R_ELC_LinkSet
                0x00001c24       0x2c ./synergy/ssp/src/driver/r_elc/r_elc.o
                0x00001c24                R_ELC_LinkSet
 .text.R_ELC_LinkBreak
                0x00001c50       0x28 ./synergy/ssp/src/driver/r_elc/r_elc.o
                0x00001c50                R_ELC_LinkBreak
 .text.R_ELC_Enable
                0x00001c78       0x18 ./synergy/ssp/src/driver/r_elc/r_elc.o
                0x00001c78                R_ELC_Enable
 .text.R_ELC_Disable
                0x00001c90       0x18 ./synergy/ssp/src/driver/r_elc/r_elc.o
                0x00001c90                R_ELC_Disable
 .text.R_ELC_VersionGet
                0x00001ca8       0x28 ./synergy/ssp/src/driver/r_elc/r_elc.o
                0x00001ca8                R_ELC_VersionGet
 .text.__NVIC_SetPriority
                0x00001cd0       0x54 ./synergy/ssp/src/driver/r_cgc/r_cgc.o
 .text.__NVIC_GetPriority
                0x00001d24       0x50 ./synergy/ssp/src/driver/r_cgc/r_cgc.o
 .text.SysTick_Config
                0x00001d74       0x44 ./synergy/ssp/src/driver/r_cgc/r_cgc.o
 .text.HW_CGC_SetHighSpeedMode
                0x00001db8       0x18 ./synergy/ssp/src/driver/r_cgc/r_cgc.o
 .text.HW_CGC_SetLowSpeedMode
                0x00001dd0       0x18 ./synergy/ssp/src/driver/r_cgc/r_cgc.o
 .text.HW_CGC_SetSubOscSpeedMode
                0x00001de8       0x18 ./synergy/ssp/src/driver/r_cgc/r_cgc.o
 .text.HW_CGC_HardwareLock
                0x00001e00        0xe ./synergy/ssp/src/driver/r_cgc/r_cgc.o
 .text.HW_CGC_HardwareUnLock
                0x00001e0e        0xe ./synergy/ssp/src/driver/r_cgc/r_cgc.o
 .text.HW_CGC_LPMHardwareLock
                0x00001e1c        0xe ./synergy/ssp/src/driver/r_cgc/r_cgc.o
 .text.HW_CGC_LPMHardwareUnLock
                0x00001e2a        0xe ./synergy/ssp/src/driver/r_cgc/r_cgc.o
 .text.HW_CGC_ClockSourceValidCheck
                0x00001e38       0x22 ./synergy/ssp/src/driver/r_cgc/r_cgc.o
 .text.HW_CGC_ClockSourceGet
                0x00001e5a       0x20 ./synergy/ssp/src/driver/r_cgc/r_cgc.o
 .text.HW_CGC_OscStopDetectEnabledGet
                0x00001e7a       0x2a ./synergy/ssp/src/driver/r_cgc/r_cgc.o
 .text.HW_CGC_OscStopDetectGet
                0x00001ea4       0x2a ./synergy/ssp/src/driver/r_cgc/r_cgc.o
 .text.HW_CGC_BusClockOutCfg
                0x00001ece       0x32 ./synergy/ssp/src/driver/r_cgc/r_cgc.o
 .text.HW_CGC_BusClockOutEnable
                0x00001f00       0x26 ./synergy/ssp/src/driver/r_cgc/r_cgc.o
 .text.HW_CGC_BusClockOutDisable
                0x00001f26       0x26 ./synergy/ssp/src/driver/r_cgc/r_cgc.o
 .text.HW_CGC_SDRAMClockOutEnable
                0x00001f4c       0x26 ./synergy/ssp/src/driver/r_cgc/r_cgc.o
 .text.HW_CGC_SDRAMClockOutDisable
                0x00001f72       0x26 ./synergy/ssp/src/driver/r_cgc/r_cgc.o
 .text.HW_CGC_USBClockCfg
                0x00001f98       0x32 ./synergy/ssp/src/driver/r_cgc/r_cgc.o
 *fill*         0x00001fca        0x2 ff
 .text.R_CGC_Init
                0x00001fcc       0xec ./synergy/ssp/src/driver/r_cgc/r_cgc.o
                0x00001fcc                R_CGC_Init
 .text.R_CGC_ClocksCfg
                0x000020b8      0x188 ./synergy/ssp/src/driver/r_cgc/r_cgc.o
                0x000020b8                R_CGC_ClocksCfg
 .text.R_CGC_ClockStart
                0x00002240      0x13c ./synergy/ssp/src/driver/r_cgc/r_cgc.o
                0x00002240                R_CGC_ClockStart
 .text.R_CGC_ClockStop
                0x0000237c       0xfc ./synergy/ssp/src/driver/r_cgc/r_cgc.o
                0x0000237c                R_CGC_ClockStop
 .text.R_CGC_SystemClockSet
                0x00002478      0x19c ./synergy/ssp/src/driver/r_cgc/r_cgc.o
                0x00002478                R_CGC_SystemClockSet
 .text.R_CGC_SystemClockGet
                0x00002614       0x4c ./synergy/ssp/src/driver/r_cgc/r_cgc.o
                0x00002614                R_CGC_SystemClockGet
 .text.R_CGC_SystemClockFreqGet
                0x00002660       0x64 ./synergy/ssp/src/driver/r_cgc/r_cgc.o
                0x00002660                R_CGC_SystemClockFreqGet
 .text.R_CGC_ClockCheck
                0x000026c4       0xa8 ./synergy/ssp/src/driver/r_cgc/r_cgc.o
                0x000026c4                R_CGC_ClockCheck
 .text.R_CGC_OscStopDetect
                0x0000276c       0xf0 ./synergy/ssp/src/driver/r_cgc/r_cgc.o
                0x0000276c                R_CGC_OscStopDetect
 .text.R_CGC_OscStopStatusClear
                0x0000285c       0x8c ./synergy/ssp/src/driver/r_cgc/r_cgc.o
                0x0000285c                R_CGC_OscStopStatusClear
 .text.R_CGC_BusClockOutCfg
                0x000028e8       0x28 ./synergy/ssp/src/driver/r_cgc/r_cgc.o
                0x000028e8                R_CGC_BusClockOutCfg
 .text.R_CGC_BusClockOutEnable
                0x00002910       0x18 ./synergy/ssp/src/driver/r_cgc/r_cgc.o
                0x00002910                R_CGC_BusClockOutEnable
 .text.R_CGC_BusClockOutDisable
                0x00002928       0x18 ./synergy/ssp/src/driver/r_cgc/r_cgc.o
                0x00002928                R_CGC_BusClockOutDisable
 .text.R_CGC_ClockOutCfg
                0x00002940       0x5c ./synergy/ssp/src/driver/r_cgc/r_cgc.o
                0x00002940                R_CGC_ClockOutCfg
 .text.R_CGC_ClockOutEnable
                0x0000299c       0x18 ./synergy/ssp/src/driver/r_cgc/r_cgc.o
                0x0000299c                R_CGC_ClockOutEnable
 .text.R_CGC_ClockOutDisable
                0x000029b4       0x18 ./synergy/ssp/src/driver/r_cgc/r_cgc.o
                0x000029b4                R_CGC_ClockOutDisable
 .text.R_CGC_LCDClockCfg
                0x000029cc       0x18 ./synergy/ssp/src/driver/r_cgc/r_cgc.o
                0x000029cc                R_CGC_LCDClockCfg
 .text.R_CGC_LCDClockEnable
                0x000029e4       0x10 ./synergy/ssp/src/driver/r_cgc/r_cgc.o
                0x000029e4                R_CGC_LCDClockEnable
 .text.R_CGC_LCDClockDisable
                0x000029f4       0x10 ./synergy/ssp/src/driver/r_cgc/r_cgc.o
                0x000029f4                R_CGC_LCDClockDisable
 .text.R_CGC_SDADCClockCfg
                0x00002a04       0x18 ./synergy/ssp/src/driver/r_cgc/r_cgc.o
                0x00002a04                R_CGC_SDADCClockCfg
 .text.R_CGC_SDADCClockEnable
                0x00002a1c       0x10 ./synergy/ssp/src/driver/r_cgc/r_cgc.o
                0x00002a1c                R_CGC_SDADCClockEnable
 .text.R_CGC_SDADCClockDisable
                0x00002a2c       0x10 ./synergy/ssp/src/driver/r_cgc/r_cgc.o
                0x00002a2c                R_CGC_SDADCClockDisable
 .text.R_CGC_SDRAMClockOutEnable
                0x00002a3c       0x18 ./synergy/ssp/src/driver/r_cgc/r_cgc.o
                0x00002a3c                R_CGC_SDRAMClockOutEnable
 .text.R_CGC_SDRAMClockOutDisable
                0x00002a54       0x18 ./synergy/ssp/src/driver/r_cgc/r_cgc.o
                0x00002a54                R_CGC_SDRAMClockOutDisable
 .text.R_CGC_USBClockCfg
                0x00002a6c       0x28 ./synergy/ssp/src/driver/r_cgc/r_cgc.o
                0x00002a6c                R_CGC_USBClockCfg
 .text.R_CGC_SystickUpdate
                0x00002a94       0x82 ./synergy/ssp/src/driver/r_cgc/r_cgc.o
                0x00002a94                R_CGC_SystickUpdate
 .text.R_CGC_VersionGet
                0x00002b16       0x28 ./synergy/ssp/src/driver/r_cgc/r_cgc.o
                0x00002b16                R_CGC_VersionGet
 .text.r_cgc_stabilization_wait
                0x00002b3e       0x64 ./synergy/ssp/src/driver/r_cgc/r_cgc.o
 .text.r_cgc_clock_start_stop
                0x00002ba2       0xa2 ./synergy/ssp/src/driver/r_cgc/r_cgc.o
 .text.r_cgc_check_peripheral_clocks
                0x00002c44       0x40 ./synergy/ssp/src/driver/r_cgc/r_cgc.o
 .text.r_cgc_subosc_mode_possible
                0x00002c84       0x74 ./synergy/ssp/src/driver/r_cgc/r_cgc.o
 .text.r_cgc_low_speed_mode_possible
                0x00002cf8       0x30 ./synergy/ssp/src/driver/r_cgc/r_cgc.o
 .text.r_cgc_operating_mode_set
                0x00002d28       0x60 ./synergy/ssp/src/driver/r_cgc/r_cgc.o
 .text.r_cgc_check_dividers
                0x00002d88       0x88 ./synergy/ssp/src/driver/r_cgc/r_cgc.o
 .text.r_cgc_check_config_dividers
                0x00002e10       0x86 ./synergy/ssp/src/driver/r_cgc/r_cgc.o
 *fill*         0x00002e96        0x2 ff
 .text.r_cgc_wait_to_complete
                0x00002e98       0x68 ./synergy/ssp/src/driver/r_cgc/r_cgc.o
 .text.r_cgc_clock_running_status_check
                0x00002f00       0x60 ./synergy/ssp/src/driver/r_cgc/r_cgc.o
 .text.r_cgc_adjust_subosc_speed_mode
                0x00002f60       0x28 ./synergy/ssp/src/driver/r_cgc/r_cgc.o
 .text.r_cgc_apply_start_stop_options
                0x00002f88       0x7a ./synergy/ssp/src/driver/r_cgc/r_cgc.o
 *fill*         0x00003002        0x2 ff
 .text.r_cgc_prepare_pll_clock
                0x00003004       0xac ./synergy/ssp/src/driver/r_cgc/r_cgc.o
 .text.r_cgc_hw_init
                0x000030b0       0x4c ./synergy/ssp/src/driver/r_cgc/r_cgc.o
 .text.r_cgc_init_pllfreq
                0x000030fc       0xa8 ./synergy/ssp/src/driver/r_cgc/r_cgc.o
 .text.r_cgc_main_clock_drive_set
                0x000031a4       0x68 ./synergy/ssp/src/driver/r_cgc/r_cgc.o
 .text.r_cgc_subclock_drive_set
                0x0000320c       0x78 ./synergy/ssp/src/driver/r_cgc/r_cgc.o
 .text.r_cgc_clock_start
                0x00003284       0xa4 ./synergy/ssp/src/driver/r_cgc/r_cgc.o
 .text.r_cgc_clock_stop
                0x00003328       0xa4 ./synergy/ssp/src/driver/r_cgc/r_cgc.o
 .text.r_cgc_clock_check
                0x000033cc       0x78 ./synergy/ssp/src/driver/r_cgc/r_cgc.o
 .text.r_cgc_delay_cycles
                0x00003444       0x54 ./synergy/ssp/src/driver/r_cgc/r_cgc.o
 .text.r_cgc_mainosc_source_set
                0x00003498       0x32 ./synergy/ssp/src/driver/r_cgc/r_cgc.o
 .text.r_cgc_clock_wait_set
                0x000034ca       0x36 ./synergy/ssp/src/driver/r_cgc/r_cgc.o
 .text.r_cgc_clock_source_set
                0x00003500       0x32 ./synergy/ssp/src/driver/r_cgc/r_cgc.o
 *fill*         0x00003532        0x2 ff
 .text.r_cgc_pll_clocksource_get
                0x00003534       0x40 ./synergy/ssp/src/driver/r_cgc/r_cgc.o
 .text.r_cgc_pll_clocksource_set
                0x00003574       0x38 ./synergy/ssp/src/driver/r_cgc/r_cgc.o
 .text.r_cgc_pll_multiplier_set
                0x000035ac       0x98 ./synergy/ssp/src/driver/r_cgc/r_cgc.o
 .text.r_cgc_pll_multiplier_get
                0x00003644       0x8c ./synergy/ssp/src/driver/r_cgc/r_cgc.o
 .text.r_cgc_pll_divider_set
                0x000036d0       0x90 ./synergy/ssp/src/driver/r_cgc/r_cgc.o
 .text.r_cgc_pll_divider_get
                0x00003760       0x74 ./synergy/ssp/src/driver/r_cgc/r_cgc.o
 .text.r_cgc_system_dividers_get
                0x000037d4       0x86 ./synergy/ssp/src/driver/r_cgc/r_cgc.o
 *fill*         0x0000385a        0x2 ff
 .text.r_cgc_clockcfg_valid_check
                0x0000385c       0x88 ./synergy/ssp/src/driver/r_cgc/r_cgc.o
 .text.r_cgc_clock_divider_get
                0x000038e4       0xac ./synergy/ssp/src/driver/r_cgc/r_cgc.o
 .text.r_cgc_clock_hzget
                0x00003990       0x3c ./synergy/ssp/src/driver/r_cgc/r_cgc.o
 .text.r_cgc_clockhz_calculate
                0x000039cc       0x30 ./synergy/ssp/src/driver/r_cgc/r_cgc.o
 .text.r_cgc_oscstop_detect_enable
                0x000039fc       0x34 ./synergy/ssp/src/driver/r_cgc/r_cgc.o
 .text.r_cgc_oscstop_detect_disable
                0x00003a30       0x34 ./synergy/ssp/src/driver/r_cgc/r_cgc.o
 .text.r_cgc_oscstop_status_clear
                0x00003a64       0x3c ./synergy/ssp/src/driver/r_cgc/r_cgc.o
 .text.r_cgc_clockout_cfg
                0x00003aa0       0x5a ./synergy/ssp/src/driver/r_cgc/r_cgc.o
 .text.r_cgc_clockout_enable
                0x00003afa       0x26 ./synergy/ssp/src/driver/r_cgc/r_cgc.o
 .text.r_cgc_clockout_disable
                0x00003b20       0x26 ./synergy/ssp/src/driver/r_cgc/r_cgc.o
 *fill*         0x00003b46        0x2 ff
 .text.r_cgc_systick_update
                0x00003b48       0x54 ./synergy/ssp/src/driver/r_cgc/r_cgc.o
 .text.r_cgc_system_dividers_set
                0x00003b9c       0xcc ./synergy/ssp/src/driver/r_cgc/r_cgc.o
 .text.r_cgc_clock_run_state_get
                0x00003c68       0xd0 ./synergy/ssp/src/driver/r_cgc/r_cgc.o
                0x00003c68                r_cgc_clock_run_state_get
 .text.r_cgc_operating_mode_get
                0x00003d38       0x3e ./synergy/ssp/src/driver/r_cgc/r_cgc.o
                0x00003d38                r_cgc_operating_mode_get
 .text.r_cgc_operating_hw_modeset
                0x00003d76      0x164 ./synergy/ssp/src/driver/r_cgc/r_cgc.o
                0x00003d76                r_cgc_operating_hw_modeset
 .text.r_cgc_hoco_wait_control_set
                0x00003eda       0x32 ./synergy/ssp/src/driver/r_cgc/r_cgc.o
                0x00003eda                r_cgc_hoco_wait_control_set
 .text.R_BSP_CacheOff
                0x00003f0c       0x50 ./synergy/ssp/src/bsp/mcu/s7g2/bsp_cache.o
                0x00003f0c                R_BSP_CacheOff
 .text.R_BSP_CacheSet
                0x00003f5c       0x74 ./synergy/ssp/src/bsp/mcu/s7g2/bsp_cache.o
                0x00003f5c                R_BSP_CacheSet
 .text.bsp_clock_init
                0x00003fd0       0xf0 ./synergy/ssp/src/bsp/mcu/s7g2/bsp_clocks.o
                0x00003fd0                bsp_clock_init
 .text.bsp_cpu_clock_get
                0x000040c0       0x24 ./synergy/ssp/src/bsp/mcu/s7g2/bsp_clocks.o
                0x000040c0                bsp_cpu_clock_get
 .text.bsp_clocks_rom_wait_set
                0x000040e4       0x30 ./synergy/ssp/src/bsp/mcu/s7g2/bsp_clocks.o
 .text.bsp_clocks_rom_wait_get
                0x00004114       0x20 ./synergy/ssp/src/bsp/mcu/s7g2/bsp_clocks.o
 .text.bsp_clocks_sram_wait_set
                0x00004134       0x6c ./synergy/ssp/src/bsp/mcu/s7g2/bsp_clocks.o
 .text.bsp_clocks_hsram_wait_set
                0x000041a0       0x38 ./synergy/ssp/src/bsp/mcu/s7g2/bsp_clocks.o
 .text.bsp_clock_set_callback
                0x000041d8       0x2e ./synergy/ssp/src/bsp/mcu/s7g2/bsp_clocks.o
                0x000041d8                bsp_clock_set_callback
 *fill*         0x00004206        0x2 ff
 .text.bsp_clock_set_prechange
                0x00004208       0x84 ./synergy/ssp/src/bsp/mcu/s7g2/bsp_clocks.o
 .text.bsp_clock_set_postchange
                0x0000428c       0x54 ./synergy/ssp/src/bsp/mcu/s7g2/bsp_clocks.o
 .text.R_BSP_FeatureIoportGet
                0x000042e0       0x28 ./synergy/ssp/src/bsp/mcu/s7g2/bsp_feature.o
                0x000042e0                R_BSP_FeatureIoportGet
 .text.R_BSP_FeatureCgcGet
                0x00004308       0x20 ./synergy/ssp/src/bsp/mcu/s7g2/bsp_feature.o
                0x00004308                R_BSP_FeatureCgcGet
 .text.bsp_group_interrupt_open
                0x00004328       0x34 ./synergy/ssp/src/bsp/mcu/s7g2/bsp_group_irq.o
                0x00004328                bsp_group_interrupt_open
 .text.bsp_group_irq_call
                0x0000435c       0x3c ./synergy/ssp/src/bsp/mcu/s7g2/bsp_group_irq.o
                0x0000435c                bsp_group_irq_call
 .text.R_BSP_GroupIrqWrite
                0x00004398       0x40 ./synergy/ssp/src/bsp/mcu/s7g2/bsp_group_irq.o
                0x00004398                R_BSP_GroupIrqWrite
 .text.NMI_Handler
                0x000043d8      0x1bc ./synergy/ssp/src/bsp/mcu/s7g2/bsp_group_irq.o
                0x000043d8                NMI_Handler
 .text.R_BSP_ModuleStart
                0x00004594       0x1c ./synergy/ssp/src/bsp/mcu/s7g2/bsp_module_stop.o
                0x00004594                R_BSP_ModuleStart
 .text.r_bsp_module_start_stop
                0x000045b0       0xec ./synergy/ssp/src/bsp/mcu/s7g2/bsp_module_stop.o
 .text.r_bsp_get_mstp_mask
                0x0000469c       0xb8 ./synergy/ssp/src/bsp/mcu/s7g2/bsp_module_stop.o
 .text.R_BSP_SoftwareDelay
                0x00004754      0x160 ./synergy/ssp/src/bsp/mcu/all/bsp_delay.o
                0x00004754                R_BSP_SoftwareDelay
 .text.software_delay_loop
                0x000048b4        0xc ./synergy/ssp/src/bsp/mcu/all/bsp_delay.o
 .text.R_BSP_IrqStatusClear
                0x000048c0       0x34 ./synergy/ssp/src/bsp/mcu/all/bsp_irq.o
                0x000048c0                R_BSP_IrqStatusClear
 .text.bsp_irq_cfg
                0x000048f4       0x68 ./synergy/ssp/src/bsp/mcu/all/bsp_irq.o
                0x000048f4                bsp_irq_cfg
 .text.R_BSP_SoftwareLock
                0x0000495c       0x1e ./synergy/ssp/src/bsp/mcu/all/bsp_locking.o
                0x0000495c                R_BSP_SoftwareLock
 .text.r_bsp_software_lock_cm4
                0x0000497a       0x70 ./synergy/ssp/src/bsp/mcu/all/bsp_locking.o
 .text.R_BSP_SoftwareUnlock
                0x000049ea       0x1a ./synergy/ssp/src/bsp/mcu/all/bsp_locking.o
                0x000049ea                R_BSP_SoftwareUnlock
 .text.R_BSP_HardwareLock
                0x00004a04       0x5c ./synergy/ssp/src/bsp/mcu/all/bsp_locking.o
                0x00004a04                R_BSP_HardwareLock
 .text.R_BSP_HardwareUnlock
                0x00004a60       0x54 ./synergy/ssp/src/bsp/mcu/all/bsp_locking.o
                0x00004a60                R_BSP_HardwareUnlock
 .text.bsp_init_hardware_locks
                0x00004ab4       0x68 ./synergy/ssp/src/bsp/mcu/all/bsp_locking.o
                0x00004ab4                bsp_init_hardware_locks
 .text.R_BSP_RegisterProtectEnable
                0x00004b1c       0xa0 ./synergy/ssp/src/bsp/mcu/all/bsp_register_protection.o
                0x00004b1c                R_BSP_RegisterProtectEnable
 .text.R_BSP_RegisterProtectDisable
                0x00004bbc       0x90 ./synergy/ssp/src/bsp/mcu/all/bsp_register_protection.o
                0x00004bbc                R_BSP_RegisterProtectDisable
 .text.bsp_register_protect_open
                0x00004c4c       0x34 ./synergy/ssp/src/bsp/mcu/all/bsp_register_protection.o
                0x00004c4c                bsp_register_protect_open
 .text._sbrk    0x00004c80       0x6c ./synergy/ssp/src/bsp/mcu/all/bsp_sbrk.o
                0x00004c80                _sbrk
 .text.Reset_Handler
                0x00004cec        0xe ./synergy/ssp/src/bsp/cmsis/Device/RENESAS/S7G2/Source/startup_S7G2.o
                0x00004cec                Reset_Handler
 .text.Default_Handler
                0x00004cfa       0x10 ./synergy/ssp/src/bsp/cmsis/Device/RENESAS/S7G2/Source/startup_S7G2.o
                0x00004cfa                DebugMon_Handler
                0x00004cfa                HardFault_Handler
                0x00004cfa                SysTick_Handler
                0x00004cfa                PendSV_Handler
                0x00004cfa                UsageFault_Handler
                0x00004cfa                Default_Handler
                0x00004cfa                MemManage_Handler
                0x00004cfa                SVC_Handler
                0x00004cfa                BusFault_Handler
 *fill*         0x00004d0a        0x2 ff
 .text.HW_IOPORT_Init_Reference_Counter
                0x00004d0c       0x18 ./synergy/ssp/src/bsp/cmsis/Device/RENESAS/S7G2/Source/system_S7G2.o
 .text.SystemCoreClockUpdate
                0x00004d24       0x18 ./synergy/ssp/src/bsp/cmsis/Device/RENESAS/S7G2/Source/system_S7G2.o
                0x00004d24                SystemCoreClockUpdate
 .text.SystemInit
                0x00004d3c      0x128 ./synergy/ssp/src/bsp/cmsis/Device/RENESAS/S7G2/Source/system_S7G2.o
                0x00004d3c                SystemInit
 .text.bsp_section_zero
                0x00004e64       0x30 ./synergy/ssp/src/bsp/cmsis/Device/RENESAS/S7G2/Source/system_S7G2.o
 .text.bsp_section_copy
                0x00004e94       0x42 ./synergy/ssp/src/bsp/cmsis/Device/RENESAS/S7G2/Source/system_S7G2.o
 .text.R_BSP_WarmStart
                0x00004ed6       0x16 ./synergy/ssp/src/bsp/cmsis/Device/RENESAS/S7G2/Source/system_S7G2.o
                0x00004ed6                R_BSP_WarmStart
 *fill*         0x00004eec        0x4 ff
 .text.bsp_init_prng
                0x00004ef0       0x84 ./synergy/ssp/src/bsp/cmsis/Device/RENESAS/S7G2/Source/system_S7G2.o
 .text.bsp_init
                0x00004f74       0x14 ./synergy/board/s7g2_sk/bsp_init.o
                0x00004f74                bsp_init
 .text.bsp_qspi_device_reset
                0x00004f88       0x4a ./synergy/board/s7g2_sk/bsp_qspi.o
 .text.bsp_qspi_xip_mode
                0x00004fd2       0xc0 ./synergy/board/s7g2_sk/bsp_qspi.o
 *fill*         0x00005092        0x2 ff
 .text.bsp_qspi_init
                0x00005094      0x2a0 ./synergy/board/s7g2_sk/bsp_qspi.o
                0x00005094                bsp_qspi_init
 .text.bsp_qspi_xip_enter
                0x00005334       0x20 ./synergy/board/s7g2_sk/bsp_qspi.o
                0x00005334                bsp_qspi_xip_enter
 .text.bsp_qspi_status_get
                0x00005354       0x50 ./synergy/board/s7g2_sk/bsp_qspi.o
                0x00005354                bsp_qspi_status_get
 .text.main     0x000053a4        0xe ./src/synergy_gen/main.o
                0x000053a4                main
 *fill*         0x000053b2        0x2 ff
 .text.g_external_irq11_callback
                0x000053b4       0x64 ./src/hal_entry.o
                0x000053b4                g_external_irq11_callback
 .text.hal_entry
                0x00005418       0x3c ./src/hal_entry.o
                0x00005418                hal_entry
 .text.R_FMI_ProductInfoGet
                0x00005454       0x34 D:\Documents\File_code\RENESAS\RENESAS_SSP_S7G2\GPIOInterrupt\synergy\ssp\src\driver\r_fmi\libs\libfmi_cm4_s7g2_gcc.a(r_fmi.o)
 .text.R_FMI_VersionGet
                0x00005488       0x10 D:\Documents\File_code\RENESAS\RENESAS_SSP_S7G2\GPIOInterrupt\synergy\ssp\src\driver\r_fmi\libs\libfmi_cm4_s7g2_gcc.a(r_fmi.o)
 .text.R_FMI_UniqueIdGet
                0x00005498       0x40 D:\Documents\File_code\RENESAS\RENESAS_SSP_S7G2\GPIOInterrupt\synergy\ssp\src\driver\r_fmi\libs\libfmi_cm4_s7g2_gcc.a(r_fmi.o)
 .text.R_FMI_EventInfoGet
                0x000054d8       0x8c D:\Documents\File_code\RENESAS\RENESAS_SSP_S7G2\GPIOInterrupt\synergy\ssp\src\driver\r_fmi\libs\libfmi_cm4_s7g2_gcc.a(r_fmi.o)
 .text.R_FMI_Init
                0x00005564       0x90 D:\Documents\File_code\RENESAS\RENESAS_SSP_S7G2\GPIOInterrupt\synergy\ssp\src\driver\r_fmi\libs\libfmi_cm4_s7g2_gcc.a(r_fmi.o)
 .text.R_FMI_FeatureGet
                0x000055f4      0x238 D:\Documents\File_code\RENESAS\RENESAS_SSP_S7G2\GPIOInterrupt\synergy\ssp\src\driver\r_fmi\libs\libfmi_cm4_s7g2_gcc.a(r_fmi.o)
 .text.__errno  0x0000582c        0xc c:/renesas/synergy/e2studio_v2024-01.1_ssp_v2.6.1/toolchains/gcc_arm/gcc-arm-none-eabi-10.3-2021.10/bin/../lib/gcc/arm-none-eabi/10.3.1/../../../../arm-none-eabi/lib/thumb/v7e-m+fp/hard\libg_nano.a(lib_a-errno.o)
                0x0000582c                __errno
 .text.memset   0x00005838       0x10 c:/renesas/synergy/e2studio_v2024-01.1_ssp_v2.6.1/toolchains/gcc_arm/gcc-arm-none-eabi-10.3-2021.10/bin/../lib/gcc/arm-none-eabi/10.3.1/../../../../arm-none-eabi/lib/thumb/v7e-m+fp/hard\libg_nano.a(lib_a-memset.o)
                0x00005838                memset
 .text.srand    0x00005848       0x5c c:/renesas/synergy/e2studio_v2024-01.1_ssp_v2.6.1/toolchains/gcc_arm/gcc-arm-none-eabi-10.3-2021.10/bin/../lib/gcc/arm-none-eabi/10.3.1/../../../../arm-none-eabi/lib/thumb/v7e-m+fp/hard\libg_nano.a(lib_a-rand.o)
                0x00005848                srand
 .text.__assert_func
                0x000058a4       0x3c c:/renesas/synergy/e2studio_v2024-01.1_ssp_v2.6.1/toolchains/gcc_arm/gcc-arm-none-eabi-10.3-2021.10/bin/../lib/gcc/arm-none-eabi/10.3.1/../../../../arm-none-eabi/lib/thumb/v7e-m+fp/hard\libg_nano.a(lib_a-assert.o)
                0x000058a4                __assert_func
 .text.fprintf  0x000058e0       0x24 c:/renesas/synergy/e2studio_v2024-01.1_ssp_v2.6.1/toolchains/gcc_arm/gcc-arm-none-eabi-10.3-2021.10/bin/../lib/gcc/arm-none-eabi/10.3.1/../../../../arm-none-eabi/lib/thumb/v7e-m+fp/hard\libg_nano.a(lib_a-fprintf.o)
                0x000058e0                fiprintf
                0x000058e0                fprintf
 .text.malloc   0x00005904       0x10 c:/renesas/synergy/e2studio_v2024-01.1_ssp_v2.6.1/toolchains/gcc_arm/gcc-arm-none-eabi-10.3-2021.10/bin/../lib/gcc/arm-none-eabi/10.3.1/../../../../arm-none-eabi/lib/thumb/v7e-m+fp/hard\libg_nano.a(lib_a-malloc.o)
                0x00005904                malloc
 .text._free_r  0x00005914       0x98 c:/renesas/synergy/e2studio_v2024-01.1_ssp_v2.6.1/toolchains/gcc_arm/gcc-arm-none-eabi-10.3-2021.10/bin/../lib/gcc/arm-none-eabi/10.3.1/../../../../arm-none-eabi/lib/thumb/v7e-m+fp/hard\libg_nano.a(lib_a-nano-freer.o)
                0x00005914                _free_r
 .text.sbrk_aligned
                0x000059ac       0x40 c:/renesas/synergy/e2studio_v2024-01.1_ssp_v2.6.1/toolchains/gcc_arm/gcc-arm-none-eabi-10.3-2021.10/bin/../lib/gcc/arm-none-eabi/10.3.1/../../../../arm-none-eabi/lib/thumb/v7e-m+fp/hard\libg_nano.a(lib_a-nano-mallocr.o)
 .text._malloc_r
                0x000059ec       0xe8 c:/renesas/synergy/e2studio_v2024-01.1_ssp_v2.6.1/toolchains/gcc_arm/gcc-arm-none-eabi-10.3-2021.10/bin/../lib/gcc/arm-none-eabi/10.3.1/../../../../arm-none-eabi/lib/thumb/v7e-m+fp/hard\libg_nano.a(lib_a-nano-mallocr.o)
                0x000059ec                _malloc_r
 .text.__sfputc_r
                0x00005ad4       0x2e c:/renesas/synergy/e2studio_v2024-01.1_ssp_v2.6.1/toolchains/gcc_arm/gcc-arm-none-eabi-10.3-2021.10/bin/../lib/gcc/arm-none-eabi/10.3.1/../../../../arm-none-eabi/lib/thumb/v7e-m+fp/hard\libg_nano.a(lib_a-nano-vfprintf.o)
 .text.__sfputs_r
                0x00005b02       0x24 c:/renesas/synergy/e2studio_v2024-01.1_ssp_v2.6.1/toolchains/gcc_arm/gcc-arm-none-eabi-10.3-2021.10/bin/../lib/gcc/arm-none-eabi/10.3.1/../../../../arm-none-eabi/lib/thumb/v7e-m+fp/hard\libg_nano.a(lib_a-nano-vfprintf.o)
                0x00005b02                __sfputs_r
 *fill*         0x00005b26        0x2 ff
 .text._vfprintf_r
                0x00005b28      0x260 c:/renesas/synergy/e2studio_v2024-01.1_ssp_v2.6.1/toolchains/gcc_arm/gcc-arm-none-eabi-10.3-2021.10/bin/../lib/gcc/arm-none-eabi/10.3.1/../../../../arm-none-eabi/lib/thumb/v7e-m+fp/hard\libg_nano.a(lib_a-nano-vfprintf.o)
                0x00005b28                _vfprintf_r
                0x00005b28                _vfiprintf_r
 .text._printf_common
                0x00005d88       0xda c:/renesas/synergy/e2studio_v2024-01.1_ssp_v2.6.1/toolchains/gcc_arm/gcc-arm-none-eabi-10.3-2021.10/bin/../lib/gcc/arm-none-eabi/10.3.1/../../../../arm-none-eabi/lib/thumb/v7e-m+fp/hard\libg_nano.a(lib_a-nano-vfprintf_i.o)
                0x00005d88                _printf_common
 *fill*         0x00005e62        0x2 ff
 .text._printf_i
                0x00005e64      0x24c c:/renesas/synergy/e2studio_v2024-01.1_ssp_v2.6.1/toolchains/gcc_arm/gcc-arm-none-eabi-10.3-2021.10/bin/../lib/gcc/arm-none-eabi/10.3.1/../../../../arm-none-eabi/lib/thumb/v7e-m+fp/hard\libg_nano.a(lib_a-nano-vfprintf_i.o)
                0x00005e64                _printf_i
 .text._sbrk_r  0x000060b0       0x20 c:/renesas/synergy/e2studio_v2024-01.1_ssp_v2.6.1/toolchains/gcc_arm/gcc-arm-none-eabi-10.3-2021.10/bin/../lib/gcc/arm-none-eabi/10.3.1/../../../../arm-none-eabi/lib/thumb/v7e-m+fp/hard\libg_nano.a(lib_a-sbrkr.o)
                0x000060b0                _sbrk_r
 .text.__swbuf_r
                0x000060d0       0xa4 c:/renesas/synergy/e2studio_v2024-01.1_ssp_v2.6.1/toolchains/gcc_arm/gcc-arm-none-eabi-10.3-2021.10/bin/../lib/gcc/arm-none-eabi/10.3.1/../../../../arm-none-eabi/lib/thumb/v7e-m+fp/hard\libg_nano.a(lib_a-wbuf.o)
                0x000060d0                __swbuf_r
 .text.__swsetup_r
                0x00006174       0xdc c:/renesas/synergy/e2studio_v2024-01.1_ssp_v2.6.1/toolchains/gcc_arm/gcc-arm-none-eabi-10.3-2021.10/bin/../lib/gcc/arm-none-eabi/10.3.1/../../../../arm-none-eabi/lib/thumb/v7e-m+fp/hard\libg_nano.a(lib_a-wsetup.o)
                0x00006174                __swsetup_r
 .text.abort    0x00006250        0xe c:/renesas/synergy/e2studio_v2024-01.1_ssp_v2.6.1/toolchains/gcc_arm/gcc-arm-none-eabi-10.3-2021.10/bin/../lib/gcc/arm-none-eabi/10.3.1/../../../../arm-none-eabi/lib/thumb/v7e-m+fp/hard\libg_nano.a(lib_a-abort.o)
                0x00006250                abort
 *fill*         0x0000625e        0x2 ff
 .text.__sflush_r
                0x00006260      0x10c c:/renesas/synergy/e2studio_v2024-01.1_ssp_v2.6.1/toolchains/gcc_arm/gcc-arm-none-eabi-10.3-2021.10/bin/../lib/gcc/arm-none-eabi/10.3.1/../../../../arm-none-eabi/lib/thumb/v7e-m+fp/hard\libg_nano.a(lib_a-fflush.o)
                0x00006260                __sflush_r
 .text._fflush_r
                0x0000636c       0x78 c:/renesas/synergy/e2studio_v2024-01.1_ssp_v2.6.1/toolchains/gcc_arm/gcc-arm-none-eabi-10.3-2021.10/bin/../lib/gcc/arm-none-eabi/10.3.1/../../../../arm-none-eabi/lib/thumb/v7e-m+fp/hard\libg_nano.a(lib_a-fflush.o)
                0x0000636c                _fflush_r
 .text.std      0x000063e4       0x48 c:/renesas/synergy/e2studio_v2024-01.1_ssp_v2.6.1/toolchains/gcc_arm/gcc-arm-none-eabi-10.3-2021.10/bin/../lib/gcc/arm-none-eabi/10.3.1/../../../../arm-none-eabi/lib/thumb/v7e-m+fp/hard\libg_nano.a(lib_a-findfp.o)
 .text._cleanup_r
                0x0000642c        0xc c:/renesas/synergy/e2studio_v2024-01.1_ssp_v2.6.1/toolchains/gcc_arm/gcc-arm-none-eabi-10.3-2021.10/bin/../lib/gcc/arm-none-eabi/10.3.1/../../../../arm-none-eabi/lib/thumb/v7e-m+fp/hard\libg_nano.a(lib_a-findfp.o)
                0x0000642c                _cleanup_r
 .text.__sfmoreglue
                0x00006438       0x2c c:/renesas/synergy/e2studio_v2024-01.1_ssp_v2.6.1/toolchains/gcc_arm/gcc-arm-none-eabi-10.3-2021.10/bin/../lib/gcc/arm-none-eabi/10.3.1/../../../../arm-none-eabi/lib/thumb/v7e-m+fp/hard\libg_nano.a(lib_a-findfp.o)
                0x00006438                __sfmoreglue
 .text.__sfp_lock_acquire
                0x00006464        0xc c:/renesas/synergy/e2studio_v2024-01.1_ssp_v2.6.1/toolchains/gcc_arm/gcc-arm-none-eabi-10.3-2021.10/bin/../lib/gcc/arm-none-eabi/10.3.1/../../../../arm-none-eabi/lib/thumb/v7e-m+fp/hard\libg_nano.a(lib_a-findfp.o)
                0x00006464                __sfp_lock_acquire
 .text.__sfp_lock_release
                0x00006470        0xc c:/renesas/synergy/e2studio_v2024-01.1_ssp_v2.6.1/toolchains/gcc_arm/gcc-arm-none-eabi-10.3-2021.10/bin/../lib/gcc/arm-none-eabi/10.3.1/../../../../arm-none-eabi/lib/thumb/v7e-m+fp/hard\libg_nano.a(lib_a-findfp.o)
                0x00006470                __sfp_lock_release
 .text.__sinit_lock_acquire
                0x0000647c        0xc c:/renesas/synergy/e2studio_v2024-01.1_ssp_v2.6.1/toolchains/gcc_arm/gcc-arm-none-eabi-10.3-2021.10/bin/../lib/gcc/arm-none-eabi/10.3.1/../../../../arm-none-eabi/lib/thumb/v7e-m+fp/hard\libg_nano.a(lib_a-findfp.o)
                0x0000647c                __sinit_lock_acquire
 .text.__sinit_lock_release
                0x00006488        0xc c:/renesas/synergy/e2studio_v2024-01.1_ssp_v2.6.1/toolchains/gcc_arm/gcc-arm-none-eabi-10.3-2021.10/bin/../lib/gcc/arm-none-eabi/10.3.1/../../../../arm-none-eabi/lib/thumb/v7e-m+fp/hard\libg_nano.a(lib_a-findfp.o)
                0x00006488                __sinit_lock_release
 .text.__sinit  0x00006494       0x70 c:/renesas/synergy/e2studio_v2024-01.1_ssp_v2.6.1/toolchains/gcc_arm/gcc-arm-none-eabi-10.3-2021.10/bin/../lib/gcc/arm-none-eabi/10.3.1/../../../../arm-none-eabi/lib/thumb/v7e-m+fp/hard\libg_nano.a(lib_a-findfp.o)
                0x00006494                __sinit
 .text.__sfp    0x00006504       0x8c c:/renesas/synergy/e2studio_v2024-01.1_ssp_v2.6.1/toolchains/gcc_arm/gcc-arm-none-eabi-10.3-2021.10/bin/../lib/gcc/arm-none-eabi/10.3.1/../../../../arm-none-eabi/lib/thumb/v7e-m+fp/hard\libg_nano.a(lib_a-findfp.o)
                0x00006504                __sfp
 .text._fwalk_reent
                0x00006590       0x3e c:/renesas/synergy/e2studio_v2024-01.1_ssp_v2.6.1/toolchains/gcc_arm/gcc-arm-none-eabi-10.3-2021.10/bin/../lib/gcc/arm-none-eabi/10.3.1/../../../../arm-none-eabi/lib/thumb/v7e-m+fp/hard\libg_nano.a(lib_a-fwalk.o)
                0x00006590                _fwalk_reent
 .text.__retarget_lock_init_recursive
                0x000065ce        0x2 c:/renesas/synergy/e2studio_v2024-01.1_ssp_v2.6.1/toolchains/gcc_arm/gcc-arm-none-eabi-10.3-2021.10/bin/../lib/gcc/arm-none-eabi/10.3.1/../../../../arm-none-eabi/lib/thumb/v7e-m+fp/hard\libg_nano.a(lib_a-lock.o)
                0x000065ce                __retarget_lock_init_recursive
 .text.__retarget_lock_acquire_recursive
                0x000065d0        0x2 c:/renesas/synergy/e2studio_v2024-01.1_ssp_v2.6.1/toolchains/gcc_arm/gcc-arm-none-eabi-10.3-2021.10/bin/../lib/gcc/arm-none-eabi/10.3.1/../../../../arm-none-eabi/lib/thumb/v7e-m+fp/hard\libg_nano.a(lib_a-lock.o)
                0x000065d0                __retarget_lock_acquire_recursive
 .text.__retarget_lock_release_recursive
                0x000065d2        0x2 c:/renesas/synergy/e2studio_v2024-01.1_ssp_v2.6.1/toolchains/gcc_arm/gcc-arm-none-eabi-10.3-2021.10/bin/../lib/gcc/arm-none-eabi/10.3.1/../../../../arm-none-eabi/lib/thumb/v7e-m+fp/hard\libg_nano.a(lib_a-lock.o)
                0x000065d2                __retarget_lock_release_recursive
 .text.__swhatbuf_r
                0x000065d4       0x4a c:/renesas/synergy/e2studio_v2024-01.1_ssp_v2.6.1/toolchains/gcc_arm/gcc-arm-none-eabi-10.3-2021.10/bin/../lib/gcc/arm-none-eabi/10.3.1/../../../../arm-none-eabi/lib/thumb/v7e-m+fp/hard\libg_nano.a(lib_a-makebuf.o)
                0x000065d4                __swhatbuf_r
 *fill*         0x0000661e        0x2 ff
 .text.__smakebuf_r
                0x00006620       0x80 c:/renesas/synergy/e2studio_v2024-01.1_ssp_v2.6.1/toolchains/gcc_arm/gcc-arm-none-eabi-10.3-2021.10/bin/../lib/gcc/arm-none-eabi/10.3.1/../../../../arm-none-eabi/lib/thumb/v7e-m+fp/hard\libg_nano.a(lib_a-makebuf.o)
                0x00006620                __smakebuf_r
 .text          0x000066a0       0xa0 c:/renesas/synergy/e2studio_v2024-01.1_ssp_v2.6.1/toolchains/gcc_arm/gcc-arm-none-eabi-10.3-2021.10/bin/../lib/gcc/arm-none-eabi/10.3.1/../../../../arm-none-eabi/lib/thumb/v7e-m+fp/hard\libg_nano.a(lib_a-memchr.o)
                0x000066a0                memchr
 .text.__malloc_lock
                0x00006740        0xc c:/renesas/synergy/e2studio_v2024-01.1_ssp_v2.6.1/toolchains/gcc_arm/gcc-arm-none-eabi-10.3-2021.10/bin/../lib/gcc/arm-none-eabi/10.3.1/../../../../arm-none-eabi/lib/thumb/v7e-m+fp/hard\libg_nano.a(lib_a-mlock.o)
                0x00006740                __malloc_lock
 .text.__malloc_unlock
                0x0000674c        0xc c:/renesas/synergy/e2studio_v2024-01.1_ssp_v2.6.1/toolchains/gcc_arm/gcc-arm-none-eabi-10.3-2021.10/bin/../lib/gcc/arm-none-eabi/10.3.1/../../../../arm-none-eabi/lib/thumb/v7e-m+fp/hard\libg_nano.a(lib_a-mlock.o)
                0x0000674c                __malloc_unlock
 .text._raise_r
                0x00006758       0x50 c:/renesas/synergy/e2studio_v2024-01.1_ssp_v2.6.1/toolchains/gcc_arm/gcc-arm-none-eabi-10.3-2021.10/bin/../lib/gcc/arm-none-eabi/10.3.1/../../../../arm-none-eabi/lib/thumb/v7e-m+fp/hard\libg_nano.a(lib_a-signal.o)
                0x00006758                _raise_r
 .text.raise    0x000067a8       0x10 c:/renesas/synergy/e2studio_v2024-01.1_ssp_v2.6.1/toolchains/gcc_arm/gcc-arm-none-eabi-10.3-2021.10/bin/../lib/gcc/arm-none-eabi/10.3.1/../../../../arm-none-eabi/lib/thumb/v7e-m+fp/hard\libg_nano.a(lib_a-signal.o)
                0x000067a8                raise
 .text._kill_r  0x000067b8       0x24 c:/renesas/synergy/e2studio_v2024-01.1_ssp_v2.6.1/toolchains/gcc_arm/gcc-arm-none-eabi-10.3-2021.10/bin/../lib/gcc/arm-none-eabi/10.3.1/../../../../arm-none-eabi/lib/thumb/v7e-m+fp/hard\libg_nano.a(lib_a-signalr.o)
                0x000067b8                _kill_r
 .text._getpid_r
                0x000067dc        0x4 c:/renesas/synergy/e2studio_v2024-01.1_ssp_v2.6.1/toolchains/gcc_arm/gcc-arm-none-eabi-10.3-2021.10/bin/../lib/gcc/arm-none-eabi/10.3.1/../../../../arm-none-eabi/lib/thumb/v7e-m+fp/hard\libg_nano.a(lib_a-signalr.o)
                0x000067dc                _getpid_r
 .text.__sread  0x000067e0       0x22 c:/renesas/synergy/e2studio_v2024-01.1_ssp_v2.6.1/toolchains/gcc_arm/gcc-arm-none-eabi-10.3-2021.10/bin/../lib/gcc/arm-none-eabi/10.3.1/../../../../arm-none-eabi/lib/thumb/v7e-m+fp/hard\libg_nano.a(lib_a-stdio.o)
                0x000067e0                __sread
 .text.__swrite
                0x00006802       0x38 c:/renesas/synergy/e2studio_v2024-01.1_ssp_v2.6.1/toolchains/gcc_arm/gcc-arm-none-eabi-10.3-2021.10/bin/../lib/gcc/arm-none-eabi/10.3.1/../../../../arm-none-eabi/lib/thumb/v7e-m+fp/hard\libg_nano.a(lib_a-stdio.o)
                0x00006802                __swrite
 .text.__sseek  0x0000683a       0x24 c:/renesas/synergy/e2studio_v2024-01.1_ssp_v2.6.1/toolchains/gcc_arm/gcc-arm-none-eabi-10.3-2021.10/bin/../lib/gcc/arm-none-eabi/10.3.1/../../../../arm-none-eabi/lib/thumb/v7e-m+fp/hard\libg_nano.a(lib_a-stdio.o)
                0x0000683a                __sseek
 .text.__sclose
                0x0000685e        0x8 c:/renesas/synergy/e2studio_v2024-01.1_ssp_v2.6.1/toolchains/gcc_arm/gcc-arm-none-eabi-10.3-2021.10/bin/../lib/gcc/arm-none-eabi/10.3.1/../../../../arm-none-eabi/lib/thumb/v7e-m+fp/hard\libg_nano.a(lib_a-stdio.o)
                0x0000685e                __sclose
 *fill*         0x00006866        0x2 ff
 .text._write_r
                0x00006868       0x24 c:/renesas/synergy/e2studio_v2024-01.1_ssp_v2.6.1/toolchains/gcc_arm/gcc-arm-none-eabi-10.3-2021.10/bin/../lib/gcc/arm-none-eabi/10.3.1/../../../../arm-none-eabi/lib/thumb/v7e-m+fp/hard\libg_nano.a(lib_a-writer.o)
                0x00006868                _write_r
 .text._close_r
                0x0000688c       0x20 c:/renesas/synergy/e2studio_v2024-01.1_ssp_v2.6.1/toolchains/gcc_arm/gcc-arm-none-eabi-10.3-2021.10/bin/../lib/gcc/arm-none-eabi/10.3.1/../../../../arm-none-eabi/lib/thumb/v7e-m+fp/hard\libg_nano.a(lib_a-closer.o)
                0x0000688c                _close_r
 .text._fstat_r
                0x000068ac       0x24 c:/renesas/synergy/e2studio_v2024-01.1_ssp_v2.6.1/toolchains/gcc_arm/gcc-arm-none-eabi-10.3-2021.10/bin/../lib/gcc/arm-none-eabi/10.3.1/../../../../arm-none-eabi/lib/thumb/v7e-m+fp/hard\libg_nano.a(lib_a-fstatr.o)
                0x000068ac                _fstat_r
 .text._isatty_r
                0x000068d0       0x20 c:/renesas/synergy/e2studio_v2024-01.1_ssp_v2.6.1/toolchains/gcc_arm/gcc-arm-none-eabi-10.3-2021.10/bin/../lib/gcc/arm-none-eabi/10.3.1/../../../../arm-none-eabi/lib/thumb/v7e-m+fp/hard\libg_nano.a(lib_a-isattyr.o)
                0x000068d0                _isatty_r
 .text._lseek_r
                0x000068f0       0x24 c:/renesas/synergy/e2studio_v2024-01.1_ssp_v2.6.1/toolchains/gcc_arm/gcc-arm-none-eabi-10.3-2021.10/bin/../lib/gcc/arm-none-eabi/10.3.1/../../../../arm-none-eabi/lib/thumb/v7e-m+fp/hard\libg_nano.a(lib_a-lseekr.o)
                0x000068f0                _lseek_r
 .text._read_r  0x00006914       0x24 c:/renesas/synergy/e2studio_v2024-01.1_ssp_v2.6.1/toolchains/gcc_arm/gcc-arm-none-eabi-10.3-2021.10/bin/../lib/gcc/arm-none-eabi/10.3.1/../../../../arm-none-eabi/lib/thumb/v7e-m+fp/hard\libg_nano.a(lib_a-readr.o)
                0x00006914                _read_r
 .text.findslot
                0x00006938       0x34 c:/renesas/synergy/e2studio_v2024-01.1_ssp_v2.6.1/toolchains/gcc_arm/gcc-arm-none-eabi-10.3-2021.10/bin/../lib/gcc/arm-none-eabi/10.3.1/../../../../arm-none-eabi/lib/thumb/v7e-m+fp/hard\librdimon_nano.a(rdimon-syscalls.o)
 .text.error    0x0000696c       0x1c c:/renesas/synergy/e2studio_v2024-01.1_ssp_v2.6.1/toolchains/gcc_arm/gcc-arm-none-eabi-10.3-2021.10/bin/../lib/gcc/arm-none-eabi/10.3.1/../../../../arm-none-eabi/lib/thumb/v7e-m+fp/hard\librdimon_nano.a(rdimon-syscalls.o)
 .text.checkerror
                0x00006988        0xa c:/renesas/synergy/e2studio_v2024-01.1_ssp_v2.6.1/toolchains/gcc_arm/gcc-arm-none-eabi-10.3-2021.10/bin/../lib/gcc/arm-none-eabi/10.3.1/../../../../arm-none-eabi/lib/thumb/v7e-m+fp/hard\librdimon_nano.a(rdimon-syscalls.o)
 .text._swiread
                0x00006992       0x20 c:/renesas/synergy/e2studio_v2024-01.1_ssp_v2.6.1/toolchains/gcc_arm/gcc-arm-none-eabi-10.3-2021.10/bin/../lib/gcc/arm-none-eabi/10.3.1/../../../../arm-none-eabi/lib/thumb/v7e-m+fp/hard\librdimon_nano.a(rdimon-syscalls.o)
                0x00006992                _swiread
 .text._read    0x000069b2       0x38 c:/renesas/synergy/e2studio_v2024-01.1_ssp_v2.6.1/toolchains/gcc_arm/gcc-arm-none-eabi-10.3-2021.10/bin/../lib/gcc/arm-none-eabi/10.3.1/../../../../arm-none-eabi/lib/thumb/v7e-m+fp/hard\librdimon_nano.a(rdimon-syscalls.o)
                0x000069b2                _read
 .text._swilseek
                0x000069ea       0x78 c:/renesas/synergy/e2studio_v2024-01.1_ssp_v2.6.1/toolchains/gcc_arm/gcc-arm-none-eabi-10.3-2021.10/bin/../lib/gcc/arm-none-eabi/10.3.1/../../../../arm-none-eabi/lib/thumb/v7e-m+fp/hard\librdimon_nano.a(rdimon-syscalls.o)
                0x000069ea                _swilseek
 .text._lseek   0x00006a62        0x4 c:/renesas/synergy/e2studio_v2024-01.1_ssp_v2.6.1/toolchains/gcc_arm/gcc-arm-none-eabi-10.3-2021.10/bin/../lib/gcc/arm-none-eabi/10.3.1/../../../../arm-none-eabi/lib/thumb/v7e-m+fp/hard\librdimon_nano.a(rdimon-syscalls.o)
                0x00006a62                _lseek
 .text._swiwrite
                0x00006a66       0x20 c:/renesas/synergy/e2studio_v2024-01.1_ssp_v2.6.1/toolchains/gcc_arm/gcc-arm-none-eabi-10.3-2021.10/bin/../lib/gcc/arm-none-eabi/10.3.1/../../../../arm-none-eabi/lib/thumb/v7e-m+fp/hard\librdimon_nano.a(rdimon-syscalls.o)
                0x00006a66                _swiwrite
 .text._write   0x00006a86       0x48 c:/renesas/synergy/e2studio_v2024-01.1_ssp_v2.6.1/toolchains/gcc_arm/gcc-arm-none-eabi-10.3-2021.10/bin/../lib/gcc/arm-none-eabi/10.3.1/../../../../arm-none-eabi/lib/thumb/v7e-m+fp/hard\librdimon_nano.a(rdimon-syscalls.o)
                0x00006a86                _write
 .text._swiclose
                0x00006ace       0x1a c:/renesas/synergy/e2studio_v2024-01.1_ssp_v2.6.1/toolchains/gcc_arm/gcc-arm-none-eabi-10.3-2021.10/bin/../lib/gcc/arm-none-eabi/10.3.1/../../../../arm-none-eabi/lib/thumb/v7e-m+fp/hard\librdimon_nano.a(rdimon-syscalls.o)
                0x00006ace                _swiclose
 .text._close   0x00006ae8       0x4c c:/renesas/synergy/e2studio_v2024-01.1_ssp_v2.6.1/toolchains/gcc_arm/gcc-arm-none-eabi-10.3-2021.10/bin/../lib/gcc/arm-none-eabi/10.3.1/../../../../arm-none-eabi/lib/thumb/v7e-m+fp/hard\librdimon_nano.a(rdimon-syscalls.o)
                0x00006ae8                _close
 .text._getpid  0x00006b34        0x4 c:/renesas/synergy/e2studio_v2024-01.1_ssp_v2.6.1/toolchains/gcc_arm/gcc-arm-none-eabi-10.3-2021.10/bin/../lib/gcc/arm-none-eabi/10.3.1/../../../../arm-none-eabi/lib/thumb/v7e-m+fp/hard\librdimon_nano.a(rdimon-syscalls.o)
                0x00006b34                _getpid
 .text._swistat
                0x00006b38       0x42 c:/renesas/synergy/e2studio_v2024-01.1_ssp_v2.6.1/toolchains/gcc_arm/gcc-arm-none-eabi-10.3-2021.10/bin/../lib/gcc/arm-none-eabi/10.3.1/../../../../arm-none-eabi/lib/thumb/v7e-m+fp/hard\librdimon_nano.a(rdimon-syscalls.o)
                0x00006b38                _swistat
 .text._fstat   0x00006b7a       0x1c c:/renesas/synergy/e2studio_v2024-01.1_ssp_v2.6.1/toolchains/gcc_arm/gcc-arm-none-eabi-10.3-2021.10/bin/../lib/gcc/arm-none-eabi/10.3.1/../../../../arm-none-eabi/lib/thumb/v7e-m+fp/hard\librdimon_nano.a(rdimon-syscalls.o)
                0x00006b7a                _fstat
 .text._stat    0x00006b96       0x3a c:/renesas/synergy/e2studio_v2024-01.1_ssp_v2.6.1/toolchains/gcc_arm/gcc-arm-none-eabi-10.3-2021.10/bin/../lib/gcc/arm-none-eabi/10.3.1/../../../../arm-none-eabi/lib/thumb/v7e-m+fp/hard\librdimon_nano.a(rdimon-syscalls.o)
                0x00006b96                _stat
 .text._swiopen
                0x00006bd0       0xb4 c:/renesas/synergy/e2studio_v2024-01.1_ssp_v2.6.1/toolchains/gcc_arm/gcc-arm-none-eabi-10.3-2021.10/bin/../lib/gcc/arm-none-eabi/10.3.1/../../../../arm-none-eabi/lib/thumb/v7e-m+fp/hard\librdimon_nano.a(rdimon-syscalls.o)
                0x00006bd0                _swiopen
 .text._get_semihosting_exts
                0x00006c84       0xb8 c:/renesas/synergy/e2studio_v2024-01.1_ssp_v2.6.1/toolchains/gcc_arm/gcc-arm-none-eabi-10.3-2021.10/bin/../lib/gcc/arm-none-eabi/10.3.1/../../../../arm-none-eabi/lib/thumb/v7e-m+fp/hard\librdimon_nano.a(rdimon-syscalls.o)
                0x00006c84                _get_semihosting_exts
 .text.initialise_semihosting_exts
                0x00006d3c       0x34 c:/renesas/synergy/e2studio_v2024-01.1_ssp_v2.6.1/toolchains/gcc_arm/gcc-arm-none-eabi-10.3-2021.10/bin/../lib/gcc/arm-none-eabi/10.3.1/../../../../arm-none-eabi/lib/thumb/v7e-m+fp/hard\librdimon_nano.a(rdimon-syscalls.o)
 .text._has_ext_exit_extended
                0x00006d70       0x18 c:/renesas/synergy/e2studio_v2024-01.1_ssp_v2.6.1/toolchains/gcc_arm/gcc-arm-none-eabi-10.3-2021.10/bin/../lib/gcc/arm-none-eabi/10.3.1/../../../../arm-none-eabi/lib/thumb/v7e-m+fp/hard\librdimon_nano.a(rdimon-syscalls.o)
                0x00006d70                _has_ext_exit_extended
 .text._isatty  0x00006d88       0x38 c:/renesas/synergy/e2studio_v2024-01.1_ssp_v2.6.1/toolchains/gcc_arm/gcc-arm-none-eabi-10.3-2021.10/bin/../lib/gcc/arm-none-eabi/10.3.1/../../../../arm-none-eabi/lib/thumb/v7e-m+fp/hard\librdimon_nano.a(rdimon-syscalls.o)
                0x00006d88                _isatty
 .text._exit    0x00006dc0       0x14 c:/renesas/synergy/e2studio_v2024-01.1_ssp_v2.6.1/toolchains/gcc_arm/gcc-arm-none-eabi-10.3-2021.10/bin/../lib/gcc/arm-none-eabi/10.3.1/../../../../arm-none-eabi/lib/thumb/v7e-m+fp/hard\librdimon_nano.a(rdimon-_exit.o)
                0x00006dc0                _exit
 .text._kill_shared
                0x00006dd4       0x26 c:/renesas/synergy/e2studio_v2024-01.1_ssp_v2.6.1/toolchains/gcc_arm/gcc-arm-none-eabi-10.3-2021.10/bin/../lib/gcc/arm-none-eabi/10.3.1/../../../../arm-none-eabi/lib/thumb/v7e-m+fp/hard\librdimon_nano.a(rdimon-_kill.o)
                0x00006dd4                _kill_shared
 *fill*         0x00006dfa        0x2 ff
 .text._kill    0x00006dfc       0x18 c:/renesas/synergy/e2studio_v2024-01.1_ssp_v2.6.1/toolchains/gcc_arm/gcc-arm-none-eabi-10.3-2021.10/bin/../lib/gcc/arm-none-eabi/10.3.1/../../../../arm-none-eabi/lib/thumb/v7e-m+fp/hard\librdimon_nano.a(rdimon-_kill.o)
                0x00006dfc                _kill
 .text          0x00006e14       0x10 c:/renesas/synergy/e2studio_v2024-01.1_ssp_v2.6.1/toolchains/gcc_arm/gcc-arm-none-eabi-10.3-2021.10/bin/../lib/gcc/arm-none-eabi/10.3.1/../../../../arm-none-eabi/lib/thumb/v7e-m+fp/hard\libc_nano.a(lib_a-strlen.o)
                0x00006e14                strlen
 *(.version)
 .version       0x00006e24       0x7a ./synergy/ssp/src/bsp/mcu/all/bsp_common.o
 *(.init)
 *fill*         0x00006e9e        0x2 ff
 .init          0x00006ea0        0x4 c:/renesas/synergy/e2studio_v2024-01.1_ssp_v2.6.1/toolchains/gcc_arm/gcc-arm-none-eabi-10.3-2021.10/bin/../lib/gcc/arm-none-eabi/10.3.1/thumb/v7e-m+fp/hard/crti.o
                0x00006ea0                _init
 .init          0x00006ea4        0x8 c:/renesas/synergy/e2studio_v2024-01.1_ssp_v2.6.1/toolchains/gcc_arm/gcc-arm-none-eabi-10.3-2021.10/bin/../lib/gcc/arm-none-eabi/10.3.1/thumb/v7e-m+fp/hard/crtn.o
 *(.fini)
 .fini          0x00006eac        0x4 c:/renesas/synergy/e2studio_v2024-01.1_ssp_v2.6.1/toolchains/gcc_arm/gcc-arm-none-eabi-10.3-2021.10/bin/../lib/gcc/arm-none-eabi/10.3.1/thumb/v7e-m+fp/hard/crti.o
                0x00006eac                _fini
 .fini          0x00006eb0        0x8 c:/renesas/synergy/e2studio_v2024-01.1_ssp_v2.6.1/toolchains/gcc_arm/gcc-arm-none-eabi-10.3-2021.10/bin/../lib/gcc/arm-none-eabi/10.3.1/thumb/v7e-m+fp/hard/crtn.o
 *crtbegin.o(.ctors)
 *crtbegin?.o(.ctors)
 *(EXCLUDE_FILE(*crtend.o *crtend?.o) .ctors)
 *(SORT_BY_NAME(.ctors.*))
 *(.ctors)
 *crtbegin.o(.dtors)
 *crtbegin?.o(.dtors)
 *(EXCLUDE_FILE(*crtend.o *crtend?.o) .dtors)
 *(SORT_BY_NAME(.dtors.*))
 *(.dtors)
 *(.rodata*)
 .rodata.g_ioport_on_ioport
                0x00006eb8       0x3c ./synergy/ssp/src/driver/r_ioport/r_ioport.o
                0x00006eb8                g_ioport_on_ioport
 .rodata.g_vbatt_pins_input
                0x00006ef4        0x6 ./synergy/ssp/src/driver/r_ioport/r_ioport.o
 *fill*         0x00006efa        0x2 ff
 .rodata.g_external_irq_on_icu
                0x00006efc       0x20 ./synergy/ssp/src/driver/r_icu/r_icu.o
                0x00006efc                g_external_irq_on_icu
 .rodata.g_elc_on_elc
                0x00006f1c       0x1c ./synergy/ssp/src/driver/r_elc/r_elc.o
                0x00006f1c                g_elc_on_elc
 .rodata.g_pllccr_div_value
                0x00006f38        0x6 ./synergy/ssp/src/driver/r_cgc/r_cgc.o
 *fill*         0x00006f3e        0x2 ff
 .rodata.g_pllccr_div_setting
                0x00006f40        0x6 ./synergy/ssp/src/driver/r_cgc/r_cgc.o
 *fill*         0x00006f46        0x2 ff
 .rodata.g_pllccr2_div_value
                0x00006f48        0x6 ./synergy/ssp/src/driver/r_cgc/r_cgc.o
 *fill*         0x00006f4e        0x2 ff
 .rodata.g_pllccr2_div_setting
                0x00006f50        0x8 ./synergy/ssp/src/driver/r_cgc/r_cgc.o
 .rodata.g_cgc_on_cgc
                0x00006f58       0x6c ./synergy/ssp/src/driver/r_cgc/r_cgc.o
                0x00006f58                g_cgc_on_cgc
 .rodata.g_cgc_feature
                0x00006fc4       0x2c ./synergy/ssp/src/bsp/mcu/s7g2/bsp_feature.o
 .rodata.g_bsp_module_stop
                0x00006ff0       0x46 ./synergy/ssp/src/bsp/mcu/s7g2/bsp_module_stop.o
 *fill*         0x00007036        0x2 ff
 .rodata.gp_mstp
                0x00007038       0x10 ./synergy/ssp/src/bsp/mcu/s7g2/bsp_module_stop.o
 .rodata.gp_vector_information
                0x00007048        0x4 ./synergy/ssp/src/bsp/mcu/all/bsp_irq.o
                0x00007048                gp_vector_information
 .rodata.g_prcr_masks
                0x0000704c        0x6 ./synergy/ssp/src/bsp/mcu/all/bsp_register_protection.o
 *fill*         0x00007052        0x2 ff
 .rodata.g_elc_cfg
                0x00007054        0xc ./synergy/ssp/src/bsp/cmsis/Device/RENESAS/S7G2/Source/system_S7G2.o
 .rodata.g_ioport
                0x00007060        0x8 ./src/synergy_gen/common_data.o
                0x00007060                g_ioport
 .rodata.g_external_irq11_cfg
                0x00007068       0x14 ./src/synergy_gen/hal_data.o
 .rodata.g_external_irq11
                0x0000707c        0xc ./src/synergy_gen/hal_data.o
                0x0000707c                g_external_irq11
 .rodata.g_bsp_pin_cfg_data
                0x00007088      0x370 ./src/synergy_gen/pin_data.o
                0x00007088                g_bsp_pin_cfg_data
 .rodata.g_bsp_pin_cfg
                0x000073f8        0x8 ./src/synergy_gen/pin_data.o
                0x000073f8                g_bsp_pin_cfg
 .rodata.bit_count
                0x00007400       0x80 D:\Documents\File_code\RENESAS\RENESAS_SSP_S7G2\GPIOInterrupt\synergy\ssp\src\driver\r_fmi\libs\libfmi_cm4_s7g2_gcc.a(r_fmi.o)
 .rodata.bit_count_mask
                0x00007480        0x8 D:\Documents\File_code\RENESAS\RENESAS_SSP_S7G2\GPIOInterrupt\synergy\ssp\src\driver\r_fmi\libs\libfmi_cm4_s7g2_gcc.a(r_fmi.o)
 .rodata.g_fmi_on_fmi
                0x00007488       0x18 D:\Documents\File_code\RENESAS\RENESAS_SSP_S7G2\GPIOInterrupt\synergy\ssp\src\driver\r_fmi\libs\libfmi_cm4_s7g2_gcc.a(r_fmi.o)
                0x00007488                g_fmi_on_fmi
 .rodata.g_fmi_data
                0x000074a0      0x400 D:\Documents\File_code\RENESAS\RENESAS_SSP_S7G2\GPIOInterrupt\synergy\ssp\src\bsp\mcu\s7g2\libfmi_R7FS7G27H3A01CFC_gcc.a(bsp_fmi_R7FS7G27H3A01CFC.o)
                0x000074a0                g_fmi_data
 .rodata._global_impure_ptr
                0x000078a0        0x4 c:/renesas/synergy/e2studio_v2024-01.1_ssp_v2.6.1/toolchains/gcc_arm/gcc-arm-none-eabi-10.3-2021.10/bin/../lib/gcc/arm-none-eabi/10.3.1/../../../../arm-none-eabi/lib/thumb/v7e-m+fp/hard\libg_nano.a(lib_a-impure.o)
                0x000078a0                _global_impure_ptr
 .rodata.srand.str1.1
                0x000078a4       0x95 c:/renesas/synergy/e2studio_v2024-01.1_ssp_v2.6.1/toolchains/gcc_arm/gcc-arm-none-eabi-10.3-2021.10/bin/../lib/gcc/arm-none-eabi/10.3.1/../../../../arm-none-eabi/lib/thumb/v7e-m+fp/hard\libg_nano.a(lib_a-rand.o)
 .rodata.__assert_func.str1.1
                0x00007939       0x3c c:/renesas/synergy/e2studio_v2024-01.1_ssp_v2.6.1/toolchains/gcc_arm/gcc-arm-none-eabi-10.3-2021.10/bin/../lib/gcc/arm-none-eabi/10.3.1/../../../../arm-none-eabi/lib/thumb/v7e-m+fp/hard\libg_nano.a(lib_a-assert.o)
                                 0x3d (size before relaxing)
 .rodata._vfprintf_r.str1.1
                0x00007975       0x11 c:/renesas/synergy/e2studio_v2024-01.1_ssp_v2.6.1/toolchains/gcc_arm/gcc-arm-none-eabi-10.3-2021.10/bin/../lib/gcc/arm-none-eabi/10.3.1/../../../../arm-none-eabi/lib/thumb/v7e-m+fp/hard\libg_nano.a(lib_a-nano-vfprintf.o)
 .rodata._printf_i.str1.1
                0x00007986       0x22 c:/renesas/synergy/e2studio_v2024-01.1_ssp_v2.6.1/toolchains/gcc_arm/gcc-arm-none-eabi-10.3-2021.10/bin/../lib/gcc/arm-none-eabi/10.3.1/../../../../arm-none-eabi/lib/thumb/v7e-m+fp/hard\libg_nano.a(lib_a-nano-vfprintf_i.o)
 .rodata.__sf_fake_stderr
                0x000079a8       0x20 c:/renesas/synergy/e2studio_v2024-01.1_ssp_v2.6.1/toolchains/gcc_arm/gcc-arm-none-eabi-10.3-2021.10/bin/../lib/gcc/arm-none-eabi/10.3.1/../../../../arm-none-eabi/lib/thumb/v7e-m+fp/hard\libg_nano.a(lib_a-findfp.o)
                0x000079a8                __sf_fake_stderr
 .rodata.__sf_fake_stdin
                0x000079c8       0x20 c:/renesas/synergy/e2studio_v2024-01.1_ssp_v2.6.1/toolchains/gcc_arm/gcc-arm-none-eabi-10.3-2021.10/bin/../lib/gcc/arm-none-eabi/10.3.1/../../../../arm-none-eabi/lib/thumb/v7e-m+fp/hard\libg_nano.a(lib_a-findfp.o)
                0x000079c8                __sf_fake_stdin
 .rodata.__sf_fake_stdout
                0x000079e8       0x20 c:/renesas/synergy/e2studio_v2024-01.1_ssp_v2.6.1/toolchains/gcc_arm/gcc-arm-none-eabi-10.3-2021.10/bin/../lib/gcc/arm-none-eabi/10.3.1/../../../../arm-none-eabi/lib/thumb/v7e-m+fp/hard\libg_nano.a(lib_a-findfp.o)
                0x000079e8                __sf_fake_stdout
 .rodata._get_semihosting_exts.str1.1
                0x00007a08       0x16 c:/renesas/synergy/e2studio_v2024-01.1_ssp_v2.6.1/toolchains/gcc_arm/gcc-arm-none-eabi-10.3-2021.10/bin/../lib/gcc/arm-none-eabi/10.3.1/../../../../arm-none-eabi/lib/thumb/v7e-m+fp/hard\librdimon_nano.a(rdimon-syscalls.o)
                0x00007a1e                __usb_dev_descriptor_start_fs = .
 *(.usb_device_desc_fs*)
                0x00007a1e                __usb_cfg_descriptor_start_fs = .
 *(.usb_config_desc_fs*)
                0x00007a1e                __usb_interface_descriptor_start_fs = .
 *(.usb_interface_desc_fs*)
                0x00007a1e                __usb_descriptor_end_fs = .
                0x00007a1e                __usb_dev_descriptor_start_hs = .
 *(.usb_device_desc_hs*)
                0x00007a1e                __usb_cfg_descriptor_start_hs = .
 *(.usb_config_desc_hs*)
                0x00007a1e                __usb_interface_descriptor_start_hs = .
 *(.usb_interface_desc_hs*)
                0x00007a1e                __usb_descriptor_end_hs = .
 *(.eh_frame*)
 *fill*         0x00007a1e        0x2 ff
 .eh_frame      0x00007a20        0x0 c:/renesas/synergy/e2studio_v2024-01.1_ssp_v2.6.1/toolchains/gcc_arm/gcc-arm-none-eabi-10.3-2021.10/bin/../lib/gcc/arm-none-eabi/10.3.1/thumb/v7e-m+fp/hard/crtbegin.o
 .eh_frame      0x00007a20        0x4 c:/renesas/synergy/e2studio_v2024-01.1_ssp_v2.6.1/toolchains/gcc_arm/gcc-arm-none-eabi-10.3-2021.10/bin/../lib/gcc/arm-none-eabi/10.3.1/thumb/v7e-m+fp/hard/crtend.o
                0x00007a24                __ROM_End = .
                0x00000044                __Vectors_Size = (__Vectors_End - __Vectors)
                0x00000008                __Vector_Info_Size = (__Vector_Info_End - __Vector_Info_Start)
                0x000001b0                __Lock_Lookup_Size = (__Lock_Lookup_End - __Lock_Lookup_Start)

.glue_7         0x00007a24        0x0
 .glue_7        0x00007a24        0x0 linker stubs

.glue_7t        0x00007a24        0x0
 .glue_7t       0x00007a24        0x0 linker stubs

.vfp11_veneer   0x00007a24        0x0
 .vfp11_veneer  0x00007a24        0x0 linker stubs

.v4_bx          0x00007a24        0x0
 .v4_bx         0x00007a24        0x0 linker stubs

.iplt           0x00007a24        0x0
 .iplt          0x00007a24        0x0 c:/renesas/synergy/e2studio_v2024-01.1_ssp_v2.6.1/toolchains/gcc_arm/gcc-arm-none-eabi-10.3-2021.10/bin/../lib/gcc/arm-none-eabi/10.3.1/thumb/v7e-m+fp/hard/crtbegin.o

.ARM.extab
 *(.ARM.extab* .gnu.linkonce.armextab.*)
                0x00007a24                __exidx_start = .

.ARM.exidx
 *(.ARM.exidx* .gnu.linkonce.armexidx.*)
                0x00007a24                __exidx_end = .
                0x00007a24                __etext = .

.ssp_dtc_vector_table
                0x1ffe0000        0x0
                0x1ffe0000                . = ORIGIN (RAM)
 *(.ssp_dtc_vector_table)

.data           0x1ffe0000       0xe0 load address 0x00007a24
                0x1ffe0000                __data_start__ = .
 *(vtable)
 *(.data*)
 .data._impure_ptr
                0x1ffe0000        0x4 c:/renesas/synergy/e2studio_v2024-01.1_ssp_v2.6.1/toolchains/gcc_arm/gcc-arm-none-eabi-10.3-2021.10/bin/../lib/gcc/arm-none-eabi/10.3.1/../../../../arm-none-eabi/lib/thumb/v7e-m+fp/hard\libg_nano.a(lib_a-impure.o)
                0x1ffe0000                _impure_ptr
 .data.impure_data
                0x1ffe0004       0x60 c:/renesas/synergy/e2studio_v2024-01.1_ssp_v2.6.1/toolchains/gcc_arm/gcc-arm-none-eabi-10.3-2021.10/bin/../lib/gcc/arm-none-eabi/10.3.1/../../../../arm-none-eabi/lib/thumb/v7e-m+fp/hard\libg_nano.a(lib_a-impure.o)
 .data.supports_ext_exit_extended
                0x1ffe0064        0x4 c:/renesas/synergy/e2studio_v2024-01.1_ssp_v2.6.1/toolchains/gcc_arm/gcc-arm-none-eabi-10.3-2021.10/bin/../lib/gcc/arm-none-eabi/10.3.1/../../../../arm-none-eabi/lib/thumb/v7e-m+fp/hard\librdimon_nano.a(rdimon-syscalls.o)
 .data.supports_ext_stdout_stderr
                0x1ffe0068        0x4 c:/renesas/synergy/e2studio_v2024-01.1_ssp_v2.6.1/toolchains/gcc_arm/gcc-arm-none-eabi-10.3-2021.10/bin/../lib/gcc/arm-none-eabi/10.3.1/../../../../arm-none-eabi/lib/thumb/v7e-m+fp/hard\librdimon_nano.a(rdimon-syscalls.o)
                0x1ffe006c                . = ALIGN (0x4)
                0x1ffe006c                PROVIDE (__preinit_array_start = .)
 *(.preinit_array)
                0x1ffe006c                PROVIDE (__preinit_array_end = .)
                0x1ffe006c                . = ALIGN (0x4)
                0x1ffe006c                PROVIDE (__init_array_start = .)
 *(SORT_BY_NAME(.init_array.*))
 *(.init_array)