Archive member included to satisfy reference by file (symbol)

D:\Documents\File_code\RENESAS\adc_framework_thd\synergy\ssp\src\driver\r_fmi\libs\libfmi_cm4_s7g2_gcc.a(r_fmi.o)
                              ./synergy/ssp/src/driver/r_ioport/r_ioport.o (g_fmi_on_fmi)
D:\Documents\File_code\RENESAS\adc_framework_thd\synergy\ssp\src\bsp\mcu\s7g2\libfmi_R7FS7G27H3A01CFC_gcc.a(bsp_fmi_R7FS7G27H3A01CFC.o)
                              D:\Documents\File_code\RENESAS\adc_framework_thd\synergy\ssp\src\driver\r_fmi\libs\libfmi_cm4_s7g2_gcc.a(r_fmi.o) (g_fmi_data)
D:\Documents\File_code\RENESAS\adc_framework_thd\synergy\ssp\src\framework\el\tx\cm4_gcc\libtx.a(txe_mutex_create.o)
                              ./synergy/ssp/src/framework/sf_adc_periodic/sf_adc_periodic.o (_txe_mutex_create)
D:\Documents\File_code\RENESAS\adc_framework_thd\synergy\ssp\src\framework\el\tx\cm4_gcc\libtx.a(txe_mutex_delete.o)
                              ./synergy/ssp/src/framework/sf_adc_periodic/sf_adc_periodic.o (_txe_mutex_delete)
D:\Documents\File_code\RENESAS\adc_framework_thd\synergy\ssp\src\framework\el\tx\cm4_gcc\libtx.a(txe_mutex_get.o)
                              ./synergy/ssp/src/framework/sf_adc_periodic/sf_adc_periodic.o (_txe_mutex_get)
D:\Documents\File_code\RENESAS\adc_framework_thd\synergy\ssp\src\framework\el\tx\cm4_gcc\libtx.a(txe_mutex_put.o)
                              ./synergy/ssp/src/framework/sf_adc_periodic/sf_adc_periodic.o (_txe_mutex_put)
D:\Documents\File_code\RENESAS\adc_framework_thd\synergy\ssp\src\framework\el\tx\cm4_gcc\libtx.a(txe_semaphore_create.o)
                              ./src/synergy_gen/main.o (_txe_semaphore_create)
D:\Documents\File_code\RENESAS\adc_framework_thd\synergy\ssp\src\framework\el\tx\cm4_gcc\libtx.a(txe_semaphore_get.o)
                              ./src/synergy_gen/main.o (_txe_semaphore_get)
D:\Documents\File_code\RENESAS\adc_framework_thd\synergy\ssp\src\framework\el\tx\cm4_gcc\libtx.a(txe_semaphore_put.o)
                              ./src/synergy_gen/main.o (_txe_semaphore_put)
D:\Documents\File_code\RENESAS\adc_framework_thd\synergy\ssp\src\framework\el\tx\cm4_gcc\libtx.a(txe_thread_create.o)
                              ./src/synergy_gen/adc_framework_thd.o (_txe_thread_create)
D:\Documents\File_code\RENESAS\adc_framework_thd\synergy\ssp\src\framework\el\tx\cm4_gcc\libtx.a(tx_initialize_high_level.o)
                              D:\Documents\File_code\RENESAS\adc_framework_thd\synergy\ssp\src\framework\el\tx\cm4_gcc\libtx.a(txe_mutex_create.o) (_tx_mutex_created_count)
D:\Documents\File_code\RENESAS\adc_framework_thd\synergy\ssp\src\framework\el\tx\cm4_gcc\libtx.a(tx_initialize_kernel_enter.o)
                              ./src/synergy_gen/main.o (_tx_initialize_kernel_enter)
D:\Documents\File_code\RENESAS\adc_framework_thd\synergy\ssp\src\framework\el\tx\cm4_gcc\libtx.a(tx_isr_end.o)
                              ./synergy/ssp/src/driver/r_gpt/r_gpt.o (tx_isr_end)
D:\Documents\File_code\RENESAS\adc_framework_thd\synergy\ssp\src\framework\el\tx\cm4_gcc\libtx.a(tx_isr_start.o)
                              ./synergy/ssp/src/driver/r_gpt/r_gpt.o (tx_isr_start)
D:\Documents\File_code\RENESAS\adc_framework_thd\synergy\ssp\src\framework\el\tx\cm4_gcc\libtx.a(tx_mutex_create.o)
                              D:\Documents\File_code\RENESAS\adc_framework_thd\synergy\ssp\src\framework\el\tx\cm4_gcc\libtx.a(txe_mutex_create.o) (_tx_mutex_create)
D:\Documents\File_code\RENESAS\adc_framework_thd\synergy\ssp\src\framework\el\tx\cm4_gcc\libtx.a(tx_mutex_delete.o)
                              D:\Documents\File_code\RENESAS\adc_framework_thd\synergy\ssp\src\framework\el\tx\cm4_gcc\libtx.a(txe_mutex_delete.o) (_tx_mutex_delete)
D:\Documents\File_code\RENESAS\adc_framework_thd\synergy\ssp\src\framework\el\tx\cm4_gcc\libtx.a(tx_mutex_get.o)
                              D:\Documents\File_code\RENESAS\adc_framework_thd\synergy\ssp\src\framework\el\tx\cm4_gcc\libtx.a(txe_mutex_get.o) (_tx_mutex_get)
D:\Documents\File_code\RENESAS\adc_framework_thd\synergy\ssp\src\framework\el\tx\cm4_gcc\libtx.a(tx_mutex_priority_change.o)
                              D:\Documents\File_code\RENESAS\adc_framework_thd\synergy\ssp\src\framework\el\tx\cm4_gcc\libtx.a(tx_mutex_get.o) (_tx_mutex_priority_change)
D:\Documents\File_code\RENESAS\adc_framework_thd\synergy\ssp\src\framework\el\tx\cm4_gcc\libtx.a(tx_mutex_put.o)
                              D:\Documents\File_code\RENESAS\adc_framework_thd\synergy\ssp\src\framework\el\tx\cm4_gcc\libtx.a(txe_mutex_put.o) (_tx_mutex_put)
D:\Documents\File_code\RENESAS\adc_framework_thd\synergy\ssp\src\framework\el\tx\cm4_gcc\libtx.a(tx_semaphore_create.o)
                              D:\Documents\File_code\RENESAS\adc_framework_thd\synergy\ssp\src\framework\el\tx\cm4_gcc\libtx.a(txe_semaphore_create.o) (_tx_semaphore_create)
D:\Documents\File_code\RENESAS\adc_framework_thd\synergy\ssp\src\framework\el\tx\cm4_gcc\libtx.a(tx_semaphore_get.o)
[...]
Memory Configuration

Name             Origin             Length             Attributes
FLASH            0x00000000         0x00400000         xr
RAM              0x1ffe0000         0x000a0000         xrw
DATA_FLASH       0x40100000         0x00010000         xr
QSPI_FLASH       0x60000000         0x04000000         xr
SDRAM            0x90000000         0x02000000         xrw
ID_CODES         0x40120050         0x00000010         xr
*default*        0x00000000         0xffffffff

Linker script and memory map

LOAD c:/renesas/synergy/e2studio_v2024-01.1_ssp_v2.6.1/toolchains/gcc_arm/gcc-arm-none-eabi-10.3-2021.10/bin/../lib/gcc/arm-none-eabi/10.3.1/thumb/v7e-m+fp/hard/crti.o
LOAD c:/renesas/synergy/e2studio_v2024-01.1_ssp_v2.6.1/toolchains/gcc_arm/gcc-arm-none-eabi-10.3-2021.10/bin/../lib/gcc/arm-none-eabi/10.3.1/thumb/v7e-m+fp/hard/crtbegin.o
LOAD c:/renesas/synergy/e2studio_v2024-01.1_ssp_v2.6.1/toolchains/gcc_arm/gcc-arm-none-eabi-10.3-2021.10/bin/../lib/gcc/arm-none-eabi/10.3.1/../../../../arm-none-eabi/lib/thumb/v7e-m+fp/hard/rdimon-crt0.o
START GROUP
LOAD ./synergy/ssp/src/framework/sf_adc_periodic/sf_adc_periodic.o
LOAD ./synergy/ssp/src/driver/r_ioport/r_ioport.o
LOAD ./synergy/ssp/src/driver/r_gpt/r_gpt.o
LOAD ./synergy/ssp/src/driver/r_elc/r_elc.o
LOAD ./synergy/ssp/src/driver/r_dtc/r_dtc.o
LOAD ./synergy/ssp/src/driver/r_cgc/r_cgc.o
LOAD ./synergy/ssp/src/driver/r_adc/r_adc.o
LOAD ./synergy/ssp/src/bsp/mcu/s7g2/bsp_cache.o
LOAD ./synergy/ssp/src/bsp/mcu/s7g2/bsp_clocks.o
LOAD ./synergy/ssp/src/bsp/mcu/s7g2/bsp_feature.o
LOAD ./synergy/ssp/src/bsp/mcu/s7g2/bsp_group_irq.o
LOAD ./synergy/ssp/src/bsp/mcu/s7g2/bsp_hw_locks.o
LOAD ./synergy/ssp/src/bsp/mcu/s7g2/bsp_module_stop.o
LOAD ./synergy/ssp/src/bsp/mcu/s7g2/bsp_rom_registers.o
LOAD ./synergy/ssp/src/bsp/mcu/all/bsp_common.o
LOAD ./synergy/ssp/src/bsp/mcu/all/bsp_common_leds.o
LOAD ./synergy/ssp/src/bsp/mcu/all/bsp_delay.o
LOAD ./synergy/ssp/src/bsp/mcu/all/bsp_irq.o
LOAD ./synergy/ssp/src/bsp/mcu/all/bsp_locking.o
LOAD ./synergy/ssp/src/bsp/mcu/all/bsp_register_protection.o
LOAD ./synergy/ssp/src/bsp/mcu/all/bsp_sbrk.o
LOAD ./synergy/ssp/src/bsp/cmsis/Device/RENESAS/S7G2/Source/startup_S7G2.o
LOAD ./synergy/ssp/src/bsp/cmsis/Device/RENESAS/S7G2/Source/system_S7G2.o
LOAD ./synergy/board/s7g2_sk/bsp_init.o
LOAD ./synergy/board/s7g2_sk/bsp_leds.o
LOAD ./synergy/board/s7g2_sk/bsp_qspi.o
LOAD ./src/synergy_gen/adc_framework_thd.o
LOAD ./src/synergy_gen/common_data.o
LOAD ./src/synergy_gen/hal_data.o
LOAD ./src/synergy_gen/main.o
LOAD ./src/synergy_gen/pin_data.o
LOAD ./src/adc_framework_thd_entry.o
LOAD ./src/hal_entry.o
LOAD D:\Documents\File_code\RENESAS\adc_framework_thd\synergy\ssp\src\bsp\cmsis\DSP_Lib\cm4_gcc\libDSP_Lib.a
LOAD D:\Documents\File_code\RENESAS\adc_framework_thd\synergy\ssp\src\bsp\cmsis\NN_Lib\cm4_gcc\libNN_Lib.a
LOAD D:\Documents\File_code\RENESAS\adc_framework_thd\synergy\ssp\src\driver\r_fmi\libs\libfmi_cm4_s7g2_gcc.a
LOAD D:\Documents\File_code\RENESAS\adc_framework_thd\synergy\ssp\src\bsp\mcu\s7g2\libfmi_R7FS7G27H3A01CFC_gcc.a
LOAD D:\Documents\File_code\RENESAS\adc_framework_thd\synergy\ssp\src\framework\el\tx\cm4_gcc\libtx.a
END GROUP
START GROUP
LOAD c:/renesas/synergy/e2studio_v2024-01.1_ssp_v2.6.1/toolchains/gcc_arm/gcc-arm-none-eabi-10.3-2021.10/bin/../lib/gcc/arm-none-eabi/10.3.1/thumb/v7e-m+fp/hard\libgcc.a
LOAD c:/renesas/synergy/e2studio_v2024-01.1_ssp_v2.6.1/toolchains/gcc_arm/gcc-arm-none-eabi-10.3-2021.10/bin/../lib/gcc/arm-none-eabi/10.3.1/../../../../arm-none-eabi/lib/thumb/v7e-m+fp/hard\libg_nano.a
LOAD c:/renesas/synergy/e2studio_v2024-01.1_ssp_v2.6.1/toolchains/gcc_arm/gcc-arm-none-eabi-10.3-2021.10/bin/../lib/gcc/arm-none-eabi/10.3.1/../../../../arm-none-eabi/lib/thumb/v7e-m+fp/hard\libc_nano.a
END GROUP
START GROUP
LOAD c:/renesas/synergy/e2studio_v2024-01.1_ssp_v2.6.1/toolchains/gcc_arm/gcc-arm-none-eabi-10.3-2021.10/bin/../lib/gcc/arm-none-eabi/10.3.1/thumb/v7e-m+fp/hard\libgcc.a
LOAD c:/renesas/synergy/e2studio_v2024-01.1_ssp_v2.6.1/toolchains/gcc_arm/gcc-arm-none-eabi-10.3-2021.10/bin/../lib/gcc/arm-none-eabi/10.3.1/../../../../arm-none-eabi/lib/thumb/v7e-m+fp/hard\libc_nano.a
LOAD c:/renesas/synergy/e2studio_v2024-01.1_ssp_v2.6.1/toolchains/gcc_arm/gcc-arm-none-eabi-10.3-2021.10/bin/../lib/gcc/arm-none-eabi/10.3.1/../../../../arm-none-eabi/lib/thumb/v7e-m+fp/hard\librdimon_nano.a
END GROUP
START GROUP
LOAD c:/renesas/synergy/e2studio_v2024-01.1_ssp_v2.6.1/toolchains/gcc_arm/gcc-arm-none-eabi-10.3-2021.10/bin/../lib/gcc/arm-none-eabi/10.3.1/thumb/v7e-m+fp/hard\libgcc.a
LOAD c:/renesas/synergy/e2studio_v2024-01.1_ssp_v2.6.1/toolchains/gcc_arm/gcc-arm-none-eabi-10.3-2021.10/bin/../lib/gcc/arm-none-eabi/10.3.1/../../../../arm-none-eabi/lib/thumb/v7e-m+fp/hard\libc_nano.a
LOAD c:/renesas/synergy/e2studio_v2024-01.1_ssp_v2.6.1/toolchains/gcc_arm/gcc-arm-none-eabi-10.3-2021.10/bin/../lib/gcc/arm-none-eabi/10.3.1/../../../../arm-none-eabi/lib/thumb/v7e-m+fp/hard\librdimon_nano.a
END GROUP
LOAD c:/renesas/synergy/e2studio_v2024-01.1_ssp_v2.6.1/toolchains/gcc_arm/gcc-arm-none-eabi-10.3-2021.10/bin/../lib/gcc/arm-none-eabi/10.3.1/thumb/v7e-m+fp/hard/crtend.o
LOAD c:/renesas/synergy/e2studio_v2024-01.1_ssp_v2.6.1/toolchains/gcc_arm/gcc-arm-none-eabi-10.3-2021.10/bin/../lib/gcc/arm-none-eabi/10.3.1/thumb/v7e-m+fp/hard/crtn.o
START GROUP
LOAD c:/renesas/synergy/e2studio_v2024-01.1_ssp_v2.6.1/toolchains/gcc_arm/gcc-arm-none-eabi-10.3-2021.10/bin/../lib/gcc/arm-none-eabi/10.3.1/thumb/v7e-m+fp/hard\libgcc.a
LOAD c:/renesas/synergy/e2studio_v2024-01.1_ssp_v2.6.1/toolchains/gcc_arm/gcc-arm-none-eabi-10.3-2021.10/bin/../lib/gcc/arm-none-eabi/10.3.1/../../../../arm-none-eabi/lib/thumb/v7e-m+fp/hard\libc.a
LOAD c:/renesas/synergy/e2studio_v2024-01.1_ssp_v2.6.1/toolchains/gcc_arm/gcc-arm-none-eabi-10.3-2021.10/bin/../lib/gcc/arm-none-eabi/10.3.1/../../../../arm-none-eabi/lib/thumb/v7e-m+fp/hard\libm.a
LOAD c:/renesas/synergy/e2studio_v2024-01.1_ssp_v2.6.1/toolchains/gcc_arm/gcc-arm-none-eabi-10.3-2021.10/bin/../lib/gcc/arm-none-eabi/10.3.1/../../../../arm-none-eabi/lib/thumb/v7e-m+fp/hard\libnosys.a
END GROUP

.text           0x00000000     0x9254
                0x00000000                __ROM_Start = .
 *(.vectors)
 .vectors       0x00000000       0x40 ./synergy/ssp/src/bsp/cmsis/Device/RENESAS/S7G2/Source/startup_S7G2.o
                0x00000000                __Vectors
 *(SORT_BY_NAME(.vector.*))
 .vector.ADC_0_SCAN_END
                0x00000040        0x4 ./src/synergy_gen/adc_framework_thd.o
                0x00000040                g_vector_ADC_0_SCAN_END
                0x00000044                __Vectors_End = .
                0x1ffe07f0                __end__ = .
                0x00000400                . = (__ROM_Start + 0x400)
 *fill*         0x00000044      0x3bc ff
 *(.rom_registers*)
 .rom_registers
                0x00000400       0x3c ./synergy/ssp/src/bsp/mcu/s7g2/bsp_rom_registers.o
                0x00000500                . = (__ROM_Start + 0x500)
 *fill*         0x0000043c       0xc4 ff
                0x00000500                __Vector_Info_Start = .
 *(SORT_BY_NAME(.vector_info.*))
 .vector_info.ADC_0_SCAN_END
                0x00000500        0x8 ./src/synergy_gen/adc_framework_thd.o
                0x00000500                g_vector_info_ADC_0_SCAN_END
                0x00000508                __Vector_Info_End = .
                0x00000508                __Lock_Lookup_Start = .
 *(SORT_BY_NAME(.hw_lock_lookup.*))
 .hw_lock_lookup.ADC_0U_0U
                0x00000508        0x4 ./synergy/ssp/src/bsp/mcu/s7g2/bsp_hw_locks.o
                0x00000508                g_lock_lookup_ADC_0U_0U
 .hw_lock_lookup.ADC_0U_1U
                0x0000050c        0x4 ./synergy/ssp/src/bsp/mcu/s7g2/bsp_hw_locks.o
                0x0000050c                g_lock_lookup_ADC_0U_1U
 .hw_lock_lookup.AGT_0U_0U
                0x00000510        0x4 ./synergy/ssp/src/bsp/mcu/s7g2/bsp_hw_locks.o
                0x00000510                g_lock_lookup_AGT_0U_0U
 .hw_lock_lookup.AGT_0U_1U
                0x00000514        0x4 ./synergy/ssp/src/bsp/mcu/s7g2/bsp_hw_locks.o
                0x00000514                g_lock_lookup_AGT_0U_1U
 .hw_lock_lookup.BSC_0U_1U
                0x00000518        0x4 ./synergy/ssp/src/bsp/mcu/s7g2/bsp_hw_locks.o
                0x00000518                g_lock_lookup_BSC_0U_1U
 .hw_lock_lookup.CAC_0U_0U
                0x0000051c        0x4 ./synergy/ssp/src/bsp/mcu/s7g2/bsp_hw_locks.o
                0x0000051c                g_lock_lookup_CAC_0U_0U
 .hw_lock_lookup.CAN_0U_0U
                0x00000520        0x4 ./synergy/ssp/src/bsp/mcu/s7g2/bsp_hw_locks.o
                0x00000520                g_lock_lookup_CAN_0U_0U
 .hw_lock_lookup.CAN_0U_1U
                0x00000524        0x4 ./synergy/ssp/src/bsp/mcu/s7g2/bsp_hw_locks.o
                0x00000524                g_lock_lookup_CAN_0U_1U
 .hw_lock_lookup.COMP_HS_0U_0U
                0x00000528        0x4 ./synergy/ssp/src/bsp/mcu/s7g2/bsp_hw_locks.o
                0x00000528                g_lock_lookup_COMP_HS_0U_0U
 .hw_lock_lookup.COMP_HS_0U_1U
                0x0000052c        0x4 ./synergy/ssp/src/bsp/mcu/s7g2/bsp_hw_locks.o
                0x0000052c                g_lock_lookup_COMP_HS_0U_1U
 .hw_lock_lookup.COMP_HS_0U_2U
                0x00000530        0x4 ./synergy/ssp/src/bsp/mcu/s7g2/bsp_hw_locks.o
                0x00000530                g_lock_lookup_COMP_HS_0U_2U
 .hw_lock_lookup.COMP_HS_0U_3U
                0x00000534        0x4 ./synergy/ssp/src/bsp/mcu/s7g2/bsp_hw_locks.o
                0x00000534                g_lock_lookup_COMP_HS_0U_3U
 .hw_lock_lookup.COMP_HS_0U_4U
                0x00000538        0x4 ./synergy/ssp/src/bsp/mcu/s7g2/bsp_hw_locks.o
                0x00000538                g_lock_lookup_COMP_HS_0U_4U
 .hw_lock_lookup.COMP_HS_0U_5U
                0x0000053c        0x4 ./synergy/ssp/src/bsp/mcu/s7g2/bsp_hw_locks.o
                0x0000053c                g_lock_lookup_COMP_HS_0U_5U
 .hw_lock_lookup.CRC_0U_0U
                0x00000540        0x4 ./synergy/ssp/src/bsp/mcu/s7g2/bsp_hw_locks.o
                0x00000540                g_lock_lookup_CRC_0U_0U
 .hw_lock_lookup.CTSU_0U_0U
                0x00000544        0x4 ./synergy/ssp/src/bsp/mcu/s7g2/bsp_hw_locks.o
                0x00000544                g_lock_lookup_CTSU_0U_0U
 .hw_lock_lookup.DAAD_0U_0U
                0x00000548        0x4 ./synergy/ssp/src/bsp/mcu/s7g2/bsp_hw_locks.o
                0x00000548                g_lock_lookup_DAAD_0U_0U
 .hw_lock_lookup.DAC_0U_0U
                0x0000054c        0x4 ./synergy/ssp/src/bsp/mcu/s7g2/bsp_hw_locks.o
                0x0000054c                g_lock_lookup_DAC_0U_0U
 .hw_lock_lookup.DAC_0U_1U
                0x00000550        0x4 ./synergy/ssp/src/bsp/mcu/s7g2/bsp_hw_locks.o
                0x00000550                g_lock_lookup_DAC_0U_1U
 .hw_lock_lookup.DMAC_0U_0U
                0x00000554        0x4 ./synergy/ssp/src/bsp/mcu/s7g2/bsp_hw_locks.o
                0x00000554                g_lock_lookup_DMAC_0U_0U
 .hw_lock_lookup.DMAC_0U_1U
                0x00000558        0x4 ./synergy/ssp/src/bsp/mcu/s7g2/bsp_hw_locks.o
                0x00000558                g_lock_lookup_DMAC_0U_1U
 .hw_lock_lookup.DMAC_0U_2U
                0x0000055c        0x4 ./synergy/ssp/src/bsp/mcu/s7g2/bsp_hw_locks.o
                0x0000055c                g_lock_lookup_DMAC_0U_2U
 .hw_lock_lookup.DMAC_0U_3U
                0x00000560        0x4 ./synergy/ssp/src/bsp/mcu/s7g2/bsp_hw_locks.o
                0x00000560                g_lock_lookup_DMAC_0U_3U
 .hw_lock_lookup.DMAC_0U_4U
                0x00000564        0x4 ./synergy/ssp/src/bsp/mcu/s7g2/bsp_hw_locks.o
                0x00000564                g_lock_lookup_DMAC_0U_4U
 .hw_lock_lookup.DMAC_0U_5U
                0x00000568        0x4 ./synergy/ssp/src/bsp/mcu/s7g2/bsp_hw_locks.o
                0x00000568                g_lock_lookup_DMAC_0U_5U
 .hw_lock_lookup.DMAC_0U_6U
                0x0000056c        0x4 ./synergy/ssp/src/bsp/mcu/s7g2/bsp_hw_locks.o
                0x0000056c                g_lock_lookup_DMAC_0U_6U
 .hw_lock_lookup.DMAC_0U_7U
                0x00000570        0x4 ./synergy/ssp/src/bsp/mcu/s7g2/bsp_hw_locks.o
                0x00000570                g_lock_lookup_DMAC_0U_7U
 .hw_lock_lookup.DOC_0U_0U
                0x00000574        0x4 ./synergy/ssp/src/bsp/mcu/s7g2/bsp_hw_locks.o
                0x00000574                g_lock_lookup_DOC_0U_0U
 .hw_lock_lookup.DRW_0U_0U
                0x00000578        0x4 ./synergy/ssp/src/bsp/mcu/s7g2/bsp_hw_locks.o
                0x00000578                g_lock_lookup_DRW_0U_0U
 .hw_lock_lookup.DTC_0U_0U
                0x0000057c        0x4 ./synergy/ssp/src/bsp/mcu/s7g2/bsp_hw_locks.o
                0x0000057c                g_lock_lookup_DTC_0U_0U
 .hw_lock_lookup.ELC_0U_0U
                0x00000580        0x4 ./synergy/ssp/src/bsp/mcu/s7g2/bsp_hw_locks.o
                0x00000580                g_lock_lookup_ELC_0U_0U
 .hw_lock_lookup.EPTPC_0U_0U
                0x00000584        0x4 ./synergy/ssp/src/bsp/mcu/s7g2/bsp_hw_locks.o
                0x00000584                g_lock_lookup_EPTPC_0U_0U
 .hw_lock_lookup.ETHER_0U_0U
                0x00000588        0x4 ./synergy/ssp/src/bsp/mcu/s7g2/bsp_hw_locks.o
                0x00000588                g_lock_lookup_ETHER_0U_0U
 .hw_lock_lookup.ETHER_0U_1U
                0x0000058c        0x4 ./synergy/ssp/src/bsp/mcu/s7g2/bsp_hw_locks.o
                0x0000058c                g_lock_lookup_ETHER_0U_1U
 .hw_lock_lookup.FCU_0U_0U
                0x00000590        0x4 ./synergy/ssp/src/bsp/mcu/s7g2/bsp_hw_locks.o
                0x00000590                g_lock_lookup_FCU_0U_0U
 .hw_lock_lookup.GLCDC_0U_0U
                0x00000594        0x4 ./synergy/ssp/src/bsp/mcu/s7g2/bsp_hw_locks.o
                0x00000594                g_lock_lookup_GLCDC_0U_0U
 .hw_lock_lookup.GPT_0U_0U
                0x00000598        0x4 ./synergy/ssp/src/bsp/mcu/s7g2/bsp_hw_locks.o
                0x00000598                g_lock_lookup_GPT_0U_0U
 .hw_lock_lookup.GPT_0U_10U
                0x0000059c        0x4 ./synergy/ssp/src/bsp/mcu/s7g2/bsp_hw_locks.o
                0x0000059c                g_lock_lookup_GPT_0U_10U
 .hw_lock_lookup.GPT_0U_11U
                0x000005a0        0x4 ./synergy/ssp/src/bsp/mcu/s7g2/bsp_hw_locks.o
                0x000005a0                g_lock_lookup_GPT_0U_11U
 .hw_lock_lookup.GPT_0U_12U
                0x000005a4        0x4 ./synergy/ssp/src/bsp/mcu/s7g2/bsp_hw_locks.o
                0x000005a4                g_lock_lookup_GPT_0U_12U
 .hw_lock_lookup.GPT_0U_13U
                0x000005a8        0x4 ./synergy/ssp/src/bsp/mcu/s7g2/bsp_hw_locks.o
                0x000005a8                g_lock_lookup_GPT_0U_13U
 .hw_lock_lookup.GPT_0U_1U
                0x000005ac        0x4 ./synergy/ssp/src/bsp/mcu/s7g2/bsp_hw_locks.o
                0x000005ac                g_lock_lookup_GPT_0U_1U
 .hw_lock_lookup.GPT_0U_2U
                0x000005b0        0x4 ./synergy/ssp/src/bsp/mcu/s7g2/bsp_hw_locks.o
                0x000005b0                g_lock_lookup_GPT_0U_2U
 .hw_lock_lookup.GPT_0U_3U
                0x000005b4        0x4 ./synergy/ssp/src/bsp/mcu/s7g2/bsp_hw_locks.o
                0x000005b4                g_lock_lookup_GPT_0U_3U
 .hw_lock_lookup.GPT_0U_4U
                0x000005b8        0x4 ./synergy/ssp/src/bsp/mcu/s7g2/bsp_hw_locks.o
                0x000005b8                g_lock_lookup_GPT_0U_4U
 .hw_lock_lookup.GPT_0U_5U
                0x000005bc        0x4 ./synergy/ssp/src/bsp/mcu/s7g2/bsp_hw_locks.o
                0x000005bc                g_lock_lookup_GPT_0U_5U
 .hw_lock_lookup.GPT_0U_6U
                0x000005c0        0x4 ./synergy/ssp/src/bsp/mcu/s7g2/bsp_hw_locks.o
                0x000005c0                g_lock_lookup_GPT_0U_6U
 .hw_lock_lookup.GPT_0U_7U
                0x000005c4        0x4 ./synergy/ssp/src/bsp/mcu/s7g2/bsp_hw_locks.o
                0x000005c4                g_lock_lookup_GPT_0U_7U
 .hw_lock_lookup.GPT_0U_8U
                0x000005c8        0x4 ./synergy/ssp/src/bsp/mcu/s7g2/bsp_hw_locks.o
                0x000005c8                g_lock_lookup_GPT_0U_8U
 .hw_lock_lookup.GPT_0U_9U
                0x000005cc        0x4 ./synergy/ssp/src/bsp/mcu/s7g2/bsp_hw_locks.o
                0x000005cc                g_lock_lookup_GPT_0U_9U
 .hw_lock_lookup.ICU_0U_0U
                0x000005d0        0x4 ./synergy/ssp/src/bsp/mcu/s7g2/bsp_hw_locks.o
                0x000005d0                g_lock_lookup_ICU_0U_0U
 .hw_lock_lookup.ICU_0U_10U
                0x000005d4        0x4 ./synergy/ssp/src/bsp/mcu/s7g2/bsp_hw_locks.o
                0x000005d4                g_lock_lookup_ICU_0U_10U
 .hw_lock_lookup.ICU_0U_11U
                0x000005d8        0x4 ./synergy/ssp/src/bsp/mcu/s7g2/bsp_hw_locks.o
                0x000005d8                g_lock_lookup_ICU_0U_11U
 .hw_lock_lookup.ICU_0U_12U
                0x000005dc        0x4 ./synergy/ssp/src/bsp/mcu/s7g2/bsp_hw_locks.o
                0x000005dc                g_lock_lookup_ICU_0U_12U
 .hw_lock_lookup.ICU_0U_13U
                0x000005e0        0x4 ./synergy/ssp/src/bsp/mcu/s7g2/bsp_hw_locks.o
                0x000005e0                g_lock_lookup_ICU_0U_13U
 .hw_lock_lookup.ICU_0U_14U
                0x000005e4        0x4 ./synergy/ssp/src/bsp/mcu/s7g2/bsp_hw_locks.o
                0x000005e4                g_lock_lookup_ICU_0U_14U
 .hw_lock_lookup.ICU_0U_15U
                0x000005e8        0x4 ./synergy/ssp/src/bsp/mcu/s7g2/bsp_hw_locks.o
                0x000005e8                g_lock_lookup_ICU_0U_15U
 .hw_lock_lookup.ICU_0U_1U
                0x000005ec        0x4 ./synergy/ssp/src/bsp/mcu/s7g2/bsp_hw_locks.o
                0x000005ec                g_lock_lookup_ICU_0U_1U
 .hw_lock_lookup.ICU_0U_2U
                0x000005f0        0x4 ./synergy/ssp/src/bsp/mcu/s7g2/bsp_hw_locks.o
                0x000005f0                g_lock_lookup_ICU_0U_2U
 .hw_lock_lookup.ICU_0U_3U
                0x000005f4        0x4 ./synergy/ssp/src/bsp/mcu/s7g2/bsp_hw_locks.o
                0x000005f4                g_lock_lookup_ICU_0U_3U
 .hw_lock_lookup.ICU_0U_4U
                0x000005f8        0x4 ./synergy/ssp/src/bsp/mcu/s7g2/bsp_hw_locks.o
                0x000005f8                g_lock_lookup_ICU_0U_4U
 .hw_lock_lookup.ICU_0U_5U
                0x000005fc        0x4 ./synergy/ssp/src/bsp/mcu/s7g2/bsp_hw_locks.o
                0x000005fc                g_lock_lookup_ICU_0U_5U
 .hw_lock_lookup.ICU_0U_6U
                0x00000600        0x4 ./synergy/ssp/src/bsp/mcu/s7g2/bsp_hw_locks.o
                0x00000600                g_lock_lookup_ICU_0U_6U
 .hw_lock_lookup.ICU_0U_7U
                0x00000604        0x4 ./synergy/ssp/src/bsp/mcu/s7g2/bsp_hw_locks.o
                0x00000604                g_lock_lookup_ICU_0U_7U
 .hw_lock_lookup.ICU_0U_8U
                0x00000608        0x4 ./synergy/ssp/src/bsp/mcu/s7g2/bsp_hw_locks.o
                0x00000608                g_lock_lookup_ICU_0U_8U
 .hw_lock_lookup.ICU_0U_9U
                0x0000060c        0x4 ./synergy/ssp/src/bsp/mcu/s7g2/bsp_hw_locks.o
                0x0000060c                g_lock_lookup_ICU_0U_9U
 .hw_lock_lookup.IIC_0U_0U
                0x00000610        0x4 ./synergy/ssp/src/bsp/mcu/s7g2/bsp_hw_locks.o
                0x00000610                g_lock_lookup_IIC_0U_0U
 .hw_lock_lookup.IIC_0U_1U
                0x00000614        0x4 ./synergy/ssp/src/bsp/mcu/s7g2/bsp_hw_locks.o
                0x00000614                g_lock_lookup_IIC_0U_1U
 .hw_lock_lookup.IIC_0U_2U
                0x00000618        0x4 ./synergy/ssp/src/bsp/mcu/s7g2/bsp_hw_locks.o
                0x00000618                g_lock_lookup_IIC_0U_2U
 .hw_lock_lookup.IRDA_0U_0U
                0x0000061c        0x4 ./synergy/ssp/src/bsp/mcu/s7g2/bsp_hw_locks.o
                0x0000061c                g_lock_lookup_IRDA_0U_0U
 .hw_lock_lookup.IWDT_0U_0U
                0x00000620        0x4 ./synergy/ssp/src/bsp/mcu/s7g2/bsp_hw_locks.o
                0x00000620                g_lock_lookup_IWDT_0U_0U
 .hw_lock_lookup.JPEG_0U_0U
                0x00000624        0x4 ./synergy/ssp/src/bsp/mcu/s7g2/bsp_hw_locks.o
                0x00000624                g_lock_lookup_JPEG_0U_0U
 .hw_lock_lookup.KEY_0U_0U
                0x00000628        0x4 ./synergy/ssp/src/bsp/mcu/s7g2/bsp_hw_locks.o
                0x00000628                g_lock_lookup_KEY_0U_0U
 .hw_lock_lookup.LPM_1U_0U
                0x0000062c        0x4 ./synergy/ssp/src/bsp/mcu/s7g2/bsp_hw_locks.o
                0x0000062c                g_lock_lookup_LPM_1U_0U
 .hw_lock_lookup.LVD_0U_0U
                0x00000630        0x4 ./synergy/ssp/src/bsp/mcu/s7g2/bsp_hw_locks.o
                0x00000630                g_lock_lookup_LVD_0U_0U
 .hw_lock_lookup.LVD_0U_1U
                0x00000634        0x4 ./synergy/ssp/src/bsp/mcu/s7g2/bsp_hw_locks.o
                0x00000634                g_lock_lookup_LVD_0U_1U
 .hw_lock_lookup.MMF_0U_0U
                0x00000638        0x4 ./synergy/ssp/src/bsp/mcu/s7g2/bsp_hw_locks.o
                0x00000638                g_lock_lookup_MMF_0U_0U
 .hw_lock_lookup.MPU_0U_0U
                0x0000063c        0x4 ./synergy/ssp/src/bsp/mcu/s7g2/bsp_hw_locks.o
                0x0000063c                g_lock_lookup_MPU_0U_0U
 .hw_lock_lookup.OPS_0U_0U
                0x00000640        0x4 ./synergy/ssp/src/bsp/mcu/s7g2/bsp_hw_locks.o
                0x00000640                g_lock_lookup_OPS_0U_0U
 .hw_lock_lookup.PDC_0U_0U
                0x00000644        0x4 ./synergy/ssp/src/bsp/mcu/s7g2/bsp_hw_locks.o
                0x00000644                g_lock_lookup_PDC_0U_0U
 .hw_lock_lookup.POEG_0U_0U
                0x00000648        0x4 ./synergy/ssp/src/bsp/mcu/s7g2/bsp_hw_locks.o
                0x00000648                g_lock_lookup_POEG_0U_0U
 .hw_lock_lookup.POEG_0U_1U
                0x0000064c        0x4 ./synergy/ssp/src/bsp/mcu/s7g2/bsp_hw_locks.o
                0x0000064c                g_lock_lookup_POEG_0U_1U
 .hw_lock_lookup.POEG_0U_2U
                0x00000650        0x4 ./synergy/ssp/src/bsp/mcu/s7g2/bsp_hw_locks.o
                0x00000650                g_lock_lookup_POEG_0U_2U
 .hw_lock_lookup.POEG_0U_3U
                0x00000654        0x4 ./synergy/ssp/src/bsp/mcu/s7g2/bsp_hw_locks.o
                0x00000654                g_lock_lookup_POEG_0U_3U
 .hw_lock_lookup.QSPI_0U_0U
                0x00000658        0x4 ./synergy/ssp/src/bsp/mcu/s7g2/bsp_hw_locks.o
                0x00000658                g_lock_lookup_QSPI_0U_0U
 .hw_lock_lookup.RTC_0U_0U
                0x0000065c        0x4 ./synergy/ssp/src/bsp/mcu/s7g2/bsp_hw_locks.o
                0x0000065c                g_lock_lookup_RTC_0U_0U
 .hw_lock_lookup.SCE_0U_0U
                0x00000660        0x4 ./synergy/ssp/src/bsp/mcu/s7g2/bsp_hw_locks.o
                0x00000660                g_lock_lookup_SCE_0U_0U
 .hw_lock_lookup.SCI_0U_0U
                0x00000664        0x4 ./synergy/ssp/src/bsp/mcu/s7g2/bsp_hw_locks.o
                0x00000664                g_lock_lookup_SCI_0U_0U
 .hw_lock_lookup.SCI_0U_1U
                0x00000668        0x4 ./synergy/ssp/src/bsp/mcu/s7g2/bsp_hw_locks.o
                0x00000668                g_lock_lookup_SCI_0U_1U
 .hw_lock_lookup.SCI_0U_2U
                0x0000066c        0x4 ./synergy/ssp/src/bsp/mcu/s7g2/bsp_hw_locks.o
                0x0000066c                g_lock_lookup_SCI_0U_2U
 .hw_lock_lookup.SCI_0U_3U
                0x00000670        0x4 ./synergy/ssp/src/bsp/mcu/s7g2/bsp_hw_locks.o
                0x00000670                g_lock_lookup_SCI_0U_3U
 .hw_lock_lookup.SCI_0U_4U
                0x00000674        0x4 ./synergy/ssp/src/bsp/mcu/s7g2/bsp_hw_locks.o
                0x00000674                g_lock_lookup_SCI_0U_4U
 .hw_lock_lookup.SCI_0U_5U
                0x00000678        0x4 ./synergy/ssp/src/bsp/mcu/s7g2/bsp_hw_locks.o
                0x00000678                g_lock_lookup_SCI_0U_5U
 .hw_lock_lookup.SCI_0U_6U
                0x0000067c        0x4 ./synergy/ssp/src/bsp/mcu/s7g2/bsp_hw_locks.o
                0x0000067c                g_lock_lookup_SCI_0U_6U
 .hw_lock_lookup.SCI_0U_7U
                0x00000680        0x4 ./synergy/ssp/src/bsp/mcu/s7g2/bsp_hw_locks.o
                0x00000680                g_lock_lookup_SCI_0U_7U
 .hw_lock_lookup.SCI_0U_8U
                0x00000684        0x4 ./synergy/ssp/src/bsp/mcu/s7g2/bsp_hw_locks.o
                0x00000684                g_lock_lookup_SCI_0U_8U
 .hw_lock_lookup.SCI_0U_9U
                0x00000688        0x4 ./synergy/ssp/src/bsp/mcu/s7g2/bsp_hw_locks.o
                0x00000688                g_lock_lookup_SCI_0U_9U
 .hw_lock_lookup.SDHIMMC_0U_0U
                0x0000068c        0x4 ./synergy/ssp/src/bsp/mcu/s7g2/bsp_hw_locks.o
                0x0000068c                g_lock_lookup_SDHIMMC_0U_0U
 .hw_lock_lookup.SDHIMMC_0U_1U
                0x00000690        0x4 ./synergy/ssp/src/bsp/mcu/s7g2/bsp_hw_locks.o
                0x00000690                g_lock_lookup_SDHIMMC_0U_1U
 .hw_lock_lookup.SPI_0U_0U
                0x00000694        0x4 ./synergy/ssp/src/bsp/mcu/s7g2/bsp_hw_locks.o
                0x00000694                g_lock_lookup_SPI_0U_0U
 .hw_lock_lookup.SPI_0U_1U
                0x00000698        0x4 ./synergy/ssp/src/bsp/mcu/s7g2/bsp_hw_locks.o
                0x00000698                g_lock_lookup_SPI_0U_1U
 .hw_lock_lookup.SRC_0U_0U
                0x0000069c        0x4 ./synergy/ssp/src/bsp/mcu/s7g2/bsp_hw_locks.o
                0x0000069c                g_lock_lookup_SRC_0U_0U
 .hw_lock_lookup.SSI_0U_0U
                0x000006a0        0x4 ./synergy/ssp/src/bsp/mcu/s7g2/bsp_hw_locks.o
                0x000006a0                g_lock_lookup_SSI_0U_0U
 .hw_lock_lookup.SSI_0U_1U
                0x000006a4        0x4 ./synergy/ssp/src/bsp/mcu/s7g2/bsp_hw_locks.o
                0x000006a4                g_lock_lookup_SSI_0U_1U
 .hw_lock_lookup.TSN_0U_0U
                0x000006a8        0x4 ./synergy/ssp/src/bsp/mcu/s7g2/bsp_hw_locks.o
                0x000006a8                g_lock_lookup_TSN_0U_0U
 .hw_lock_lookup.USB_0U_0U
                0x000006ac        0x4 ./synergy/ssp/src/bsp/mcu/s7g2/bsp_hw_locks.o
                0x000006ac                g_lock_lookup_USB_0U_0U
 .hw_lock_lookup.USB_1U_0U
                0x000006b0        0x4 ./synergy/ssp/src/bsp/mcu/s7g2/bsp_hw_locks.o
                0x000006b0                g_lock_lookup_USB_1U_0U
 .hw_lock_lookup.WDT_0U_0U
                0x000006b4        0x4 ./synergy/ssp/src/bsp/mcu/s7g2/bsp_hw_locks.o
                0x000006b4                g_lock_lookup_WDT_0U_0U
                0x000006b8                __Lock_Lookup_End = .
 *(.text*)
 .text          0x000006b8       0x40 c:/renesas/synergy/e2studio_v2024-01.1_ssp_v2.6.1/toolchains/gcc_arm/gcc-arm-none-eabi-10.3-2021.10/bin/../lib/gcc/arm-none-eabi/10.3.1/thumb/v7e-m+fp/hard/crtbegin.o
 .text.SF_ADC_PERIODIC_VersionGet
                0x000006f8       0x10 ./synergy/ssp/src/framework/sf_adc_periodic/sf_adc_periodic.o
                0x000006f8                SF_ADC_PERIODIC_VersionGet
 .text.sf_adc_periodic_callback
                0x00000708       0xf0 ./synergy/ssp/src/framework/sf_adc_periodic/sf_adc_periodic.o
 .text.SF_ADC_PERIODIC_Close
                0x000007f8       0x54 ./synergy/ssp/src/framework/sf_adc_periodic/sf_adc_periodic.o
                0x000007f8                SF_ADC_PERIODIC_Close
 .text.SF_ADC_PERIODIC_Start
                0x0000084c       0x60 ./synergy/ssp/src/framework/sf_adc_periodic/sf_adc_periodic.o
                0x0000084c                SF_ADC_PERIODIC_Start
 .text.SF_ADC_PERIODIC_Stop
                0x000008ac       0x48 ./synergy/ssp/src/framework/sf_adc_periodic/sf_adc_periodic.o
                0x000008ac                SF_ADC_PERIODIC_Stop
 .text.SF_ADC_PERIODIC_Open
                0x000008f4      0x29c ./synergy/ssp/src/framework/sf_adc_periodic/sf_adc_periodic.o
                0x000008f4                SF_ADC_PERIODIC_Open
 .text.R_IOPORT_PortRead
                0x00000b90       0x34 ./synergy/ssp/src/driver/r_ioport/r_ioport.o
                0x00000b90                R_IOPORT_PortRead
 .text.R_IOPORT_PortWrite
                0x00000bc4       0x40 ./synergy/ssp/src/driver/r_ioport/r_ioport.o
                0x00000bc4                R_IOPORT_PortWrite
 .text.R_IOPORT_PortDirectionSet
                0x00000c04       0x50 ./synergy/ssp/src/driver/r_ioport/r_ioport.o
                0x00000c04                R_IOPORT_PortDirectionSet
 .text.R_IOPORT_PortEventInputRead
                0x00000c54       0x34 ./synergy/ssp/src/driver/r_ioport/r_ioport.o
                0x00000c54                R_IOPORT_PortEventInputRead
 .text.R_IOPORT_PortEventOutputWrite
                0x00000c88       0x3c ./synergy/ssp/src/driver/r_ioport/r_ioport.o
                0x00000c88                R_IOPORT_PortEventOutputWrite
 .text.R_IOPORT_VersionGet
                0x00000cc4       0x10 ./synergy/ssp/src/driver/r_ioport/r_ioport.o
                0x00000cc4                R_IOPORT_VersionGet
 .text.bsp_vbatt_init
                0x00000cd4       0xac ./synergy/ssp/src/driver/r_ioport/r_ioport.o
 .text.R_IOPORT_PinDirectionSet
                0x00000d80       0xd0 ./synergy/ssp/src/driver/r_ioport/r_ioport.o
                0x00000d80                R_IOPORT_PinDirectionSet
 .text.R_IOPORT_EthernetModeCfg
                0x00000e50       0x50 ./synergy/ssp/src/driver/r_ioport/r_ioport.o
                0x00000e50                R_IOPORT_EthernetModeCfg
 .text.R_IOPORT_PinsCfg
                0x00000ea0       0xd4 ./synergy/ssp/src/driver/r_ioport/r_ioport.o
                0x00000ea0                R_IOPORT_PinsCfg
 .text.R_IOPORT_Init
                0x00000f74       0x74 ./synergy/ssp/src/driver/r_ioport/r_ioport.o
                0x00000f74                R_IOPORT_Init
 .text.R_IOPORT_PinRead
                0x00000fe8       0x50 ./synergy/ssp/src/driver/r_ioport/r_ioport.o
                0x00000fe8                R_IOPORT_PinRead
 .text.R_IOPORT_PinEventInputRead
                0x00001038       0x5c ./synergy/ssp/src/driver/r_ioport/r_ioport.o
                0x00001038                R_IOPORT_PinEventInputRead
 .text.R_IOPORT_PinEventOutputWrite
                0x00001094       0x64 ./synergy/ssp/src/driver/r_ioport/r_ioport.o
                0x00001094                R_IOPORT_PinEventOutputWrite
 .text.R_IOPORT_PinWrite
                0x000010f8       0x54 ./synergy/ssp/src/driver/r_ioport/r_ioport.o
                0x000010f8                R_IOPORT_PinWrite
 .text.R_IOPORT_PinCfg
                0x0000114c       0xc8 ./synergy/ssp/src/driver/r_ioport/r_ioport.o
                0x0000114c                R_IOPORT_PinCfg
 .text.R_GPT_Stop
                0x00001214       0x28 ./synergy/ssp/src/driver/r_gpt/r_gpt.o
                0x00001214                R_GPT_Stop
 .text.R_GPT_Start
                0x0000123c       0x28 ./synergy/ssp/src/driver/r_gpt/r_gpt.o
                0x0000123c                R_GPT_Start
 .text.R_GPT_VersionGet
                0x00001264       0x10 ./synergy/ssp/src/driver/r_gpt/r_gpt.o
                0x00001264                R_GPT_VersionGet
 .text.R_GPT_Close
                0x00001274       0xa4 ./synergy/ssp/src/driver/r_gpt/r_gpt.o
                0x00001274                R_GPT_Close
 .text.R_GPT_CounterGet
                0x00001318       0x24 ./synergy/ssp/src/driver/r_gpt/r_gpt.o
                0x00001318                R_GPT_CounterGet
 .text.R_GPT_Reset
                0x0000133c       0x5c ./synergy/ssp/src/driver/r_gpt/r_gpt.o
                0x0000133c                R_GPT_Reset
 .text.gpt_duty_cycle_to_pclk.constprop.0
                0x00001398       0x8c ./synergy/ssp/src/driver/r_gpt/r_gpt.o
 .text.R_GPT_InfoGet
                0x00001424       0x8c ./synergy/ssp/src/driver/r_gpt/r_gpt.o
                0x00001424                R_GPT_InfoGet
 .text.gpt_set_duty_cycle.isra.0
                0x000014b0       0x5c ./synergy/ssp/src/driver/r_gpt/r_gpt.o
 .text.gpt_set_output_pin
                0x0000150c      0x13c ./synergy/ssp/src/driver/r_gpt/r_gpt.o
 .text.R_GPT_DutyCycleSet
                0x00001648       0x64 ./synergy/ssp/src/driver/r_gpt/r_gpt.o
                0x00001648                R_GPT_DutyCycleSet
 *fill*         0x000016ac        0x4 ff
 .text.gpt_period_to_pclk
                0x000016b0      0x110 ./synergy/ssp/src/driver/r_gpt/r_gpt.o
 .text.R_GPT_PeriodSet
                0x000017c0       0x7c ./synergy/ssp/src/driver/r_gpt/r_gpt.o
                0x000017c0                R_GPT_PeriodSet
 .text.R_GPT_TimerOpen
                0x0000183c      0x2ac ./synergy/ssp/src/driver/r_gpt/r_gpt.o
                0x0000183c                R_GPT_TimerOpen
 .text.R_ELC_LinkSet
                0x00001ae8       0x14 ./synergy/ssp/src/driver/r_elc/r_elc.o
                0x00001ae8                R_ELC_LinkSet
 .text.R_ELC_LinkBreak
                0x00001afc       0x14 ./synergy/ssp/src/driver/r_elc/r_elc.o
                0x00001afc                R_ELC_LinkBreak
 .text.R_ELC_Enable
                0x00001b10       0x14 ./synergy/ssp/src/driver/r_elc/r_elc.o
                0x00001b10                R_ELC_Enable
 .text.R_ELC_Disable
                0x00001b24       0x14 ./synergy/ssp/src/driver/r_elc/r_elc.o
                0x00001b24                R_ELC_Disable
 .text.R_ELC_VersionGet
                0x00001b38       0x10 ./synergy/ssp/src/driver/r_elc/r_elc.o
                0x00001b38                R_ELC_VersionGet
 .text.R_ELC_Init
                0x00001b48       0x80 ./synergy/ssp/src/driver/r_elc/r_elc.o
                0x00001b48                R_ELC_Init
 .text.R_ELC_SoftwareEventGenerate
                0x00001bc8       0x30 ./synergy/ssp/src/driver/r_elc/r_elc.o
                0x00001bc8                R_ELC_SoftwareEventGenerate
 .text.R_DTC_Start
                0x00001bf8        0x4 ./synergy/ssp/src/driver/r_dtc/r_dtc.o
                0x00001bf8                R_DTC_Start
 .text.R_DTC_Stop
                0x00001bfc        0x4 ./synergy/ssp/src/driver/r_dtc/r_dtc.o
                0x00001bfc                R_DTC_Stop
 .text.R_DTC_Disable
                0x00001c00       0x34 ./synergy/ssp/src/driver/r_dtc/r_dtc.o
                0x00001c00                R_DTC_Disable
 .text.R_DTC_VersionGet
                0x00001c34       0x10 ./synergy/ssp/src/driver/r_dtc/r_dtc.o
                0x00001c34                R_DTC_VersionGet
 .text.R_DTC_InfoGet
                0x00001c44       0xa0 ./synergy/ssp/src/driver/r_dtc/r_dtc.o
                0x00001c44                R_DTC_InfoGet
 .text.R_DTC_Close
                0x00001ce4       0x58 ./synergy/ssp/src/driver/r_dtc/r_dtc.o
                0x00001ce4                R_DTC_Close
 .text.R_DTC_Enable
                0x00001d3c       0x8c ./synergy/ssp/src/driver/r_dtc/r_dtc.o
                0x00001d3c                R_DTC_Enable
 .text.R_DTC_Reset
                0x00001dc8       0xc8 ./synergy/ssp/src/driver/r_dtc/r_dtc.o
                0x00001dc8                R_DTC_Reset
 .text.R_DTC_BlockReset
                0x00001e90       0xdc ./synergy/ssp/src/driver/r_dtc/r_dtc.o
                0x00001e90                R_DTC_BlockReset
 .text.R_DTC_Open
                0x00001f6c      0x17c ./synergy/ssp/src/driver/r_dtc/r_dtc.o
                0x00001f6c                R_DTC_Open
 .text.R_DTC_Stop_ActivationRequest
                0x000020e8        0x4 ./synergy/ssp/src/driver/r_dtc/r_dtc.o
                0x000020e8                R_DTC_Stop_ActivationRequest
 .text.R_CGC_LCDClockCfg
                0x000020ec        0x4 ./synergy/ssp/src/driver/r_cgc/r_cgc.o
                0x000020ec                R_CGC_LCDClockCfg
 .text.R_CGC_LCDClockEnable
                0x000020f0        0x4 ./synergy/ssp/src/driver/r_cgc/r_cgc.o
                0x000020f0                R_CGC_LCDClockEnable
 .text.R_CGC_VersionGet
                0x000020f4       0x10 ./synergy/ssp/src/driver/r_cgc/r_cgc.o
                0x000020f4                R_CGC_VersionGet
 .text.r_cgc_init_pllfreq
                0x00002104       0xd8 ./synergy/ssp/src/driver/r_cgc/r_cgc.o
 .text.R_CGC_SystemClockFreqGet
                0x000021dc       0xb0 ./synergy/ssp/src/driver/r_cgc/r_cgc.o
                0x000021dc                R_CGC_SystemClockFreqGet
 .text.R_CGC_BusClockOutCfg
                0x0000228c       0x28 ./synergy/ssp/src/driver/r_cgc/r_cgc.o
                0x0000228c                R_CGC_BusClockOutCfg
 .text.R_CGC_BusClockOutEnable
                0x000022b4       0x28 ./synergy/ssp/src/driver/r_cgc/r_cgc.o
                0x000022b4                R_CGC_BusClockOutEnable
 .text.R_CGC_BusClockOutDisable
                0x000022dc       0x28 ./synergy/ssp/src/driver/r_cgc/r_cgc.o
                0x000022dc                R_CGC_BusClockOutDisable
 .text.R_CGC_ClockOutEnable
                0x00002304       0x28 ./synergy/ssp/src/driver/r_cgc/r_cgc.o
                0x00002304                R_CGC_ClockOutEnable
 .text.R_CGC_ClockOutDisable
                0x0000232c       0x28 ./synergy/ssp/src/driver/r_cgc/r_cgc.o
                0x0000232c                R_CGC_ClockOutDisable
 .text.R_CGC_SDRAMClockOutEnable
                0x00002354       0x28 ./synergy/ssp/src/driver/r_cgc/r_cgc.o
                0x00002354                R_CGC_SDRAMClockOutEnable
 .text.R_CGC_SDRAMClockOutDisable
                0x0000237c       0x28 ./synergy/ssp/src/driver/r_cgc/r_cgc.o
                0x0000237c                R_CGC_SDRAMClockOutDisable
 .text.R_CGC_USBClockCfg
                0x000023a4       0x28 ./synergy/ssp/src/driver/r_cgc/r_cgc.o
                0x000023a4                R_CGC_USBClockCfg
 .text.R_CGC_SystickUpdate.part.0
                0x000023cc       0x84 ./synergy/ssp/src/driver/r_cgc/r_cgc.o
 .text.R_CGC_SystickUpdate
                0x00002450        0xc ./synergy/ssp/src/driver/r_cgc/r_cgc.o
                0x00002450                R_CGC_SystickUpdate
 .text.R_CGC_ClockOutCfg
                0x0000245c       0x5c ./synergy/ssp/src/driver/r_cgc/r_cgc.o
                0x0000245c                R_CGC_ClockOutCfg
 .text.r_cgc_system_dividers_set.isra.0
                0x000024b8       0x5c ./synergy/ssp/src/driver/r_cgc/r_cgc.o
 .text.R_CGC_OscStopStatusClear
                0x00002514       0x64 ./synergy/ssp/src/driver/r_cgc/r_cgc.o
                0x00002514                R_CGC_OscStopStatusClear
 .text.R_CGC_SDADCClockCfg
                0x00002578        0x4 ./synergy/ssp/src/driver/r_cgc/r_cgc.o
                0x00002578                R_CGC_SDADCClockCfg
 .text.R_CGC_SDADCClockEnable
                0x0000257c        0x4 ./synergy/ssp/src/driver/r_cgc/r_cgc.o
                0x0000257c                R_CGC_SDADCClockEnable
 .text.R_CGC_SDADCClockDisable
                0x00002580        0x4 ./synergy/ssp/src/driver/r_cgc/r_cgc.o
                0x00002580                R_CGC_SDADCClockDisable
 .text.R_CGC_LCDClockDisable
                0x00002584        0x4 ./synergy/ssp/src/driver/r_cgc/r_cgc.o
                0x00002584                R_CGC_LCDClockDisable
 .text.R_CGC_SystemClockGet
                0x00002588       0x5c ./synergy/ssp/src/driver/r_cgc/r_cgc.o
                0x00002588                R_CGC_SystemClockGet
 .text.R_CGC_OscStopDetect
                0x000025e4      0x108 ./synergy/ssp/src/driver/r_cgc/r_cgc.o
                0x000025e4                R_CGC_OscStopDetect
 .text.R_CGC_Init
                0x000026ec      0x11c ./synergy/ssp/src/driver/r_cgc/r_cgc.o
                0x000026ec                R_CGC_Init
 .text.r_cgc_clock_run_state_get
                0x00002808       0x68 ./synergy/ssp/src/driver/r_cgc/r_cgc.o
                0x00002808                r_cgc_clock_run_state_get
 .text.R_CGC_ClockStop
                0x00002870      0x160 ./synergy/ssp/src/driver/r_cgc/r_cgc.o
                0x00002870                R_CGC_ClockStop
 .text.R_CGC_ClockCheck
                0x000029d0       0x8c ./synergy/ssp/src/driver/r_cgc/r_cgc.o
                0x000029d0                R_CGC_ClockCheck
 .text.r_cgc_operating_hw_modeset
                0x00002a5c      0x100 ./synergy/ssp/src/driver/r_cgc/r_cgc.o
                0x00002a5c                r_cgc_operating_hw_modeset
 .text.r_cgc_operating_mode_set
                0x00002b5c       0x50 ./synergy/ssp/src/driver/r_cgc/r_cgc.o
 .text.R_CGC_SystemClockSet
                0x00002bac      0x1e0 ./synergy/ssp/src/driver/r_cgc/r_cgc.o
                0x00002bac                R_CGC_SystemClockSet
 .text.R_CGC_ClockStart.part.0
                0x00002d8c      0x3e4 ./synergy/ssp/src/driver/r_cgc/r_cgc.o
 .text.R_CGC_ClockStart
                0x00003170       0x70 ./synergy/ssp/src/driver/r_cgc/r_cgc.o
                0x00003170                R_CGC_ClockStart
 .text.r_cgc_clock_start_stop
                0x000031e0       0xc8 ./synergy/ssp/src/driver/r_cgc/r_cgc.o
 .text.R_CGC_ClocksCfg
                0x000032a8      0x16c ./synergy/ssp/src/driver/r_cgc/r_cgc.o
                0x000032a8                R_CGC_ClocksCfg
 .text.R_ADC_VersionGet
                0x00003414       0x10 ./synergy/ssp/src/driver/r_adc/r_adc.o
                0x00003414                R_ADC_VersionGet
 .text.R_ADC_OffsetSet
                0x00003424        0x4 ./synergy/ssp/src/driver/r_adc/r_adc.o
                0x00003424                R_ADC_OffsetSet
 .text.R_ADC_ScanStart
                0x00003428       0x44 ./synergy/ssp/src/driver/r_adc/r_adc.o
                0x00003428                R_ADC_ScanStart
 .text.R_ADC_ScanStop
                0x0000346c       0x34 ./synergy/ssp/src/driver/r_adc/r_adc.o
                0x0000346c                R_ADC_ScanStop
 .text.R_ADC_CheckScanDone
                0x000034a0       0x28 ./synergy/ssp/src/driver/r_adc/r_adc.o
                0x000034a0                R_ADC_CheckScanDone
 .text.R_ADC_Read
                0x000034c8       0x64 ./synergy/ssp/src/driver/r_adc/r_adc.o
                0x000034c8                R_ADC_Read
 .text.R_ADC_SetSampleStateCount
                0x0000352c       0x7c ./synergy/ssp/src/driver/r_adc/r_adc.o
                0x0000352c                R_ADC_SetSampleStateCount
 .text.R_ADC_InfoGet
                0x000035a8      0x100 ./synergy/ssp/src/driver/r_adc/r_adc.o
                0x000035a8                R_ADC_InfoGet
 .text.R_ADC_Calibrate
                0x000036a8       0x48 ./synergy/ssp/src/driver/r_adc/r_adc.o
                0x000036a8                R_ADC_Calibrate
 .text.r_adc_open_configure_pga_settings.part.0
                0x000036f0      0x1f8 ./synergy/ssp/src/driver/r_adc/r_adc.o
 .text.r_adc_close_sub
                0x000038e8       0x60 ./synergy/ssp/src/driver/r_adc/r_adc.o
 .text.R_ADC_Close
                0x00003948      0x10c ./synergy/ssp/src/driver/r_adc/r_adc.o
                0x00003948                R_ADC_Close
 .text.R_ADC_Read32
                0x00003a54       0x90 ./synergy/ssp/src/driver/r_adc/r_adc.o
                0x00003a54                R_ADC_Read32
 .text.R_ADC_Open
                0x00003ae4      0x4fc ./synergy/ssp/src/driver/r_adc/r_adc.o
                0x00003ae4                R_ADC_Open
 .text.R_ADC_ScanConfigure
                0x00003fe0      0x470 ./synergy/ssp/src/driver/r_adc/r_adc.o
                0x00003fe0                R_ADC_ScanConfigure
 .text.adc_scan_end_isr
                0x00004450       0x5c ./synergy/ssp/src/driver/r_adc/r_adc.o
                0x00004450                adc_scan_end_isr
 .text.R_BSP_CacheOff
                0x000044ac       0x28 ./synergy/ssp/src/bsp/mcu/s7g2/bsp_cache.o
                0x000044ac                R_BSP_CacheOff
 .text.R_BSP_CacheSet
                0x000044d4       0x48 ./synergy/ssp/src/bsp/mcu/s7g2/bsp_cache.o
                0x000044d4                R_BSP_CacheSet
 .text.bsp_clock_init
                0x0000451c       0x9c ./synergy/ssp/src/bsp/mcu/s7g2/bsp_clocks.o
                0x0000451c                bsp_clock_init
 .text.bsp_cpu_clock_get
                0x000045b8       0x20 ./synergy/ssp/src/bsp/mcu/s7g2/bsp_clocks.o
                0x000045b8                bsp_cpu_clock_get
 .text.bsp_clock_set_callback
                0x000045d8      0x12c ./synergy/ssp/src/bsp/mcu/s7g2/bsp_clocks.o
                0x000045d8                bsp_clock_set_callback
 .text.R_BSP_FeatureAdcGet
                0x00004704       0x2c ./synergy/ssp/src/bsp/mcu/s7g2/bsp_feature.o
                0x00004704                R_BSP_FeatureAdcGet
 .text.R_BSP_FeatureIoportGet
                0x00004730       0x10 ./synergy/ssp/src/bsp/mcu/s7g2/bsp_feature.o
                0x00004730                R_BSP_FeatureIoportGet
 .text.R_BSP_FeatureCgcGet
                0x00004740        0xc ./synergy/ssp/src/bsp/mcu/s7g2/bsp_feature.o
                0x00004740                R_BSP_FeatureCgcGet
 .text.bsp_group_interrupt_open
                0x0000474c       0x10 ./synergy/ssp/src/bsp/mcu/s7g2/bsp_group_irq.o
                0x0000474c                bsp_group_interrupt_open
 .text.R_BSP_GroupIrqWrite
                0x0000475c       0x10 ./synergy/ssp/src/bsp/mcu/s7g2/bsp_group_irq.o
                0x0000475c                R_BSP_GroupIrqWrite
 .text.NMI_Handler
                0x0000476c      0x1c8 ./synergy/ssp/src/bsp/mcu/s7g2/bsp_group_irq.o
                0x0000476c                NMI_Handler
 .text.R_BSP_ModuleStop
                0x00004934       0x54 ./synergy/ssp/src/bsp/mcu/s7g2/bsp_module_stop.o
                0x00004934                R_BSP_ModuleStop
 .text.R_BSP_ModuleStart
                0x00004988       0x88 ./synergy/ssp/src/bsp/mcu/s7g2/bsp_module_stop.o
                0x00004988                R_BSP_ModuleStart
 .text.software_delay_loop
                0x00004a10        0xc ./synergy/ssp/src/bsp/mcu/all/bsp_delay.o
 .text.R_BSP_SoftwareDelay
                0x00004a1c       0x60 ./synergy/ssp/src/bsp/mcu/all/bsp_delay.o
                0x00004a1c                R_BSP_SoftwareDelay
 .text.R_BSP_IrqStatusClear
                0x00004a7c       0x18 ./synergy/ssp/src/bsp/mcu/all/bsp_irq.o
                0x00004a7c                R_BSP_IrqStatusClear
 .text.bsp_irq_cfg
                0x00004a94       0x40 ./synergy/ssp/src/bsp/mcu/all/bsp_irq.o
                0x00004a94                bsp_irq_cfg
 .text.R_BSP_HardwareLock
                0x00004ad4       0x5c ./synergy/ssp/src/bsp/mcu/all/bsp_locking.o
                0x00004ad4                R_BSP_HardwareLock
 .text.R_BSP_HardwareUnlock
                0x00004b30       0x3c ./synergy/ssp/src/bsp/mcu/all/bsp_locking.o
                0x00004b30                R_BSP_HardwareUnlock
 .text.bsp_init_hardware_locks
                0x00004b6c       0x60 ./synergy/ssp/src/bsp/mcu/all/bsp_locking.o
                0x00004b6c                bsp_init_hardware_locks
 .text.R_BSP_RegisterProtectEnable
                0x00004bcc       0x60 ./synergy/ssp/src/bsp/mcu/all/bsp_register_protection.o
                0x00004bcc                R_BSP_RegisterProtectEnable
 .text.R_BSP_RegisterProtectDisable
                0x00004c2c       0x54 ./synergy/ssp/src/bsp/mcu/all/bsp_register_protection.o
                0x00004c2c                R_BSP_RegisterProtectDisable
 .text.bsp_register_protect_open
                0x00004c80       0x10 ./synergy/ssp/src/bsp/mcu/all/bsp_register_protection.o
                0x00004c80                bsp_register_protect_open
 .text._sbrk    0x00004c90       0x3c ./synergy/ssp/src/bsp/mcu/all/bsp_sbrk.o
                0x00004c90                _sbrk
 .text.Default_Handler
                0x00004ccc        0x4 ./synergy/ssp/src/bsp/cmsis/Device/RENESAS/S7G2/Source/startup_S7G2.o
                0x00004ccc                HardFault_Handler
                0x00004ccc                UsageFault_Handler
                0x00004ccc                Default_Handler
                0x00004ccc                MemManage_Handler
                0x00004ccc                SVC_Handler
                0x00004ccc                BusFault_Handler
                0x00004ccc                DebugMon_Handler
 .text.Reset_Handler
                0x00004cd0        0xc ./synergy/ssp/src/bsp/cmsis/Device/RENESAS/S7G2/Source/startup_S7G2.o
                0x00004cd0                Reset_Handler
 .text.R_BSP_WarmStart
                0x00004cdc        0x4 ./synergy/ssp/src/bsp/cmsis/Device/RENESAS/S7G2/Source/system_S7G2.o
                0x00004cdc                R_BSP_WarmStart
 .text.SystemInit
                0x00004ce0      0x160 ./synergy/ssp/src/bsp/cmsis/Device/RENESAS/S7G2/Source/system_S7G2.o
                0x00004ce0                SystemInit
 .text.bsp_init
                0x00004e40        0x4 ./synergy/board/s7g2_sk/bsp_init.o
                0x00004e40                bsp_init
 .text.bsp_qspi_xip_enter
                0x00004e44       0x58 ./synergy/board/s7g2_sk/bsp_qspi.o
                0x00004e44                bsp_qspi_xip_enter
 .text.bsp_qspi_init
                0x00004e9c      0x1b0 ./synergy/board/s7g2_sk/bsp_qspi.o
                0x00004e9c                bsp_qspi_init
 .text.g_sf_adc_periodic0_err_callback_internal
                0x0000504c        0x4 ./src/synergy_gen/adc_framework_thd.o
                0x0000504c                g_sf_adc_periodic0_err_callback_internal
                0x0000504c                g_sf_adc_periodic0_err_callback
 .text.sf_adc_periodic_init0
                0x00005050       0x28 ./src/synergy_gen/adc_framework_thd.o
                0x00005050                sf_adc_periodic_init0
 .text.adc_framework_thd_func
                0x00005078       0x14 ./src/synergy_gen/adc_framework_thd.o
 .text.adc_framework_thd_create
                0x0000508c       0x58 ./src/synergy_gen/adc_framework_thd.o
                0x0000508c                adc_framework_thd_create
 .text.g_common_init
                0x000050e4        0x4 ./src/synergy_gen/common_data.o
                0x000050e4                g_common_init
 .text.g_hal_init
                0x000050e8        0x4 ./src/synergy_gen/hal_data.o
                0x000050e8                g_hal_init
 .text.tx_application_define_internal
                0x000050ec        0x4 ./src/synergy_gen/main.o
                0x000050ec                tx_application_define_user
                0x000050ec                tx_application_define_internal
 .text.tx_startup_err_callback_internal
                0x000050f0        0x4 ./src/synergy_gen/main.o
                0x000050f0                tx_startup_err_callback_internal
                0x000050f0                tx_startup_err_callback
 .text.tx_application_define
                0x000050f4       0x4c ./src/synergy_gen/main.o
                0x000050f4                tx_application_define
 .text.tx_startup_common_init
                0x00005140       0x64 ./src/synergy_gen/main.o
                0x00005140                tx_startup_common_init
 .text.startup.main
                0x000051a4        0xc ./src/synergy_gen/main.o
                0x000051a4                main
 .text.g_adc_framework_user_callback
                0x000051b0        0x4 ./src/adc_framework_thd_entry.o
                0x000051b0                g_adc_framework_user_callback
 .text.adc_framework_thd_entry
                0x000051b4       0x24 ./src/adc_framework_thd_entry.o
                0x000051b4                adc_framework_thd_entry
 .text.R_FMI_ProductInfoGet
                0x000051d8       0x34 D:\Documents\File_code\RENESAS\adc_framework_thd\synergy\ssp\src\driver\r_fmi\libs\libfmi_cm4_s7g2_gcc.a(r_fmi.o)
 .text.R_FMI_VersionGet
                0x0000520c       0x10 D:\Documents\File_code\RENESAS\adc_framework_thd\synergy\ssp\src\driver\r_fmi\libs\libfmi_cm4_s7g2_gcc.a(r_fmi.o)
 .text.R_FMI_UniqueIdGet
                0x0000521c       0x40 D:\Documents\File_code\RENESAS\adc_framework_thd\synergy\ssp\src\driver\r_fmi\libs\libfmi_cm4_s7g2_gcc.a(r_fmi.o)
 .text.R_FMI_EventInfoGet
                0x0000525c       0x8c D:\Documents\File_code\RENESAS\adc_framework_thd\synergy\ssp\src\driver\r_fmi\libs\libfmi_cm4_s7g2_gcc.a(r_fmi.o)
 .text.R_FMI_Init
                0x000052e8       0x90 D:\Documents\File_code\RENESAS\adc_framework_thd\synergy\ssp\src\driver\r_fmi\libs\libfmi_cm4_s7g2_gcc.a(r_fmi.o)
 .text.R_FMI_FeatureGet
                0x00005378      0x238 D:\Documents\File_code\RENESAS\adc_framework_thd\synergy\ssp\src\driver\r_fmi\libs\libfmi_cm4_s7g2_gcc.a(r_fmi.o)
 .text._txe_mutex_create
                0x000055b0       0xa8 D:\Documents\File_code\RENESAS\adc_framework_thd\synergy\ssp\src\framework\el\tx\cm4_gcc\libtx.a(txe_mutex_create.o)
                0x000055b0                _txe_mutex_create
 .text._txe_mutex_delete
                0x00005658       0x2c D:\Documents\File_code\RENESAS\adc_framework_thd\synergy\ssp\src\framework\el\tx\cm4_gcc\libtx.a(txe_mutex_delete.o)
                0x00005658                _txe_mutex_delete
 .text._txe_mutex_get
                0x00005684       0x54 D:\Documents\File_code\RENESAS\adc_framework_thd\synergy\ssp\src\framework\el\tx\cm4_gcc\libtx.a(txe_mutex_get.o)
                0x00005684                _txe_mutex_get
 .text._txe_mutex_put
                0x000056d8       0x38 D:\Documents\File_code\RENESAS\adc_framework_thd\synergy\ssp\src\framework\el\tx\cm4_gcc\libtx.a(txe_mutex_put.o)
                0x000056d8                _txe_mutex_put
 .text._txe_semaphore_create
                0x00005710       0xa0 D:\Documents\File_code\RENESAS\adc_framework_thd\synergy\ssp\src\framework\el\tx\cm4_gcc\libtx.a(txe_semaphore_create.o)
                0x00005710                _txe_semaphore_create
 .text._txe_semaphore_get
                0x000057b0       0x2c D:\Documents\File_code\RENESAS\adc_framework_thd\synergy\ssp\src\framework\el\tx\cm4_gcc\libtx.a(txe_semaphore_get.o)
                0x000057b0                _txe_semaphore_get
 .text._txe_semaphore_put
                0x000057dc       0x18 D:\Documents\File_code\RENESAS\adc_framework_thd\synergy\ssp\src\framework\el\tx\cm4_gcc\libtx.a(txe_semaphore_put.o)
                0x000057dc                _txe_semaphore_put
 .text._txe_thread_create
                0x000057f4      0x14c D:\Documents\File_code\RENESAS\adc_framework_thd\synergy\ssp\src\framework\el\tx\cm4_gcc\libtx.a(txe_thread_create.o)
                0x000057f4                _txe_thread_create
 .text._tx_initialize_high_level
                0x00005940       0x70 D:\Documents\File_code\RENESAS\adc_framework_thd\synergy\ssp\src\framework\el\tx\cm4_gcc\libtx.a(tx_initialize_high_level.o)
                0x00005940                _tx_initialize_high_level
 .text._tx_initialize_kernel_enter
                0x000059b0       0x48 D:\Documents\File_code\RENESAS\adc_framework_thd\synergy\ssp\src\framework\el\tx\cm4_gcc\libtx.a(tx_initialize_kernel_enter.o)
                0x000059b0                _tx_initialize_kernel_enter
 .text.tx_isr_end
                0x000059f8        0x4 D:\Documents\File_code\RENESAS\adc_framework_thd\synergy\ssp\src\framework\el\tx\cm4_gcc\libtx.a(tx_isr_end.o)
                0x000059f8                tx_isr_end
 .text.tx_isr_start
                0x000059fc        0x4 D:\Documents\File_code\RENESAS\adc_framework_thd\synergy\ssp\src\framework\el\tx\cm4_gcc\libtx.a(tx_isr_start.o)
                0x000059fc                tx_isr_start
 .text._tx_mutex_create
                0x00005a00       0x60 D:\Documents\File_code\RENESAS\adc_framework_thd\synergy\ssp\src\framework\el\tx\cm4_gcc\libtx.a(tx_mutex_create.o)
                0x00005a00                _tx_mutex_create
 .text._tx_mutex_delete
                0x00005a60       0xb4 D:\Documents\File_code\RENESAS\adc_framework_thd\synergy\ssp\src\framework\el\tx\cm4_gcc\libtx.a(tx_mutex_delete.o)
                0x00005a60                _tx_mutex_delete
 .text._tx_mutex_get
                0x00005b14      0x100 D:\Documents\File_code\RENESAS\adc_framework_thd\synergy\ssp\src\framework\el\tx\cm4_gcc\libtx.a(tx_mutex_get.o)
                0x00005b14                _tx_mutex_get
 .text._tx_mutex_priority_change
                0x00005c14       0xb4 D:\Documents\File_code\RENESAS\adc_framework_thd\synergy\ssp\src\framework\el\tx\cm4_gcc\libtx.a(tx_mutex_priority_change.o)
                0x00005c14                _tx_mutex_priority_change
 .text._tx_mutex_put
                0x00005cc8      0x208 D:\Documents\File_code\RENESAS\adc_framework_thd\synergy\ssp\src\framework\el\tx\cm4_gcc\libtx.a(tx_mutex_put.o)
                0x00005cc8                _tx_mutex_put
 .text._tx_semaphore_create
                0x00005ed0       0x54 D:\Documents\File_code\RENESAS\adc_framework_thd\synergy\ssp\src\framework\el\tx\cm4_gcc\libtx.a(tx_semaphore_create.o)
                0x00005ed0                _tx_semaphore_create
 .text._tx_semaphore_get
                0x00005f24       0x84 D:\Documents\File_code\RENESAS\adc_framework_thd\synergy\ssp\src\framework\el\tx\cm4_gcc\libtx.a(tx_semaphore_get.o)
                0x00005f24                _tx_semaphore_get
 .text._tx_semaphore_put
                0x00005fa8       0x54 D:\Documents\File_code\RENESAS\adc_framework_thd\synergy\ssp\src\framework\el\tx\cm4_gcc\libtx.a(tx_semaphore_put.o)
                0x00005fa8                _tx_semaphore_put
 .text._tx_thread_create
                0x00005ffc      0x134 D:\Documents\File_code\RENESAS\adc_framework_thd\synergy\ssp\src\framework\el\tx\cm4_gcc\libtx.a(tx_thread_create.o)
                0x00005ffc                _tx_thread_create
 .text._tx_thread_initialize
                0x00006130       0x64 D:\Documents\File_code\RENESAS\adc_framework_thd\synergy\ssp\src\framework\el\tx\cm4_gcc\libtx.a(tx_thread_initialize.o)
                0x00006130                _tx_thread_initialize
 .text._tx_thread_shell_entry
                0x00006194       0x54 D:\Documents\File_code\RENESAS\adc_framework_thd\synergy\ssp\src\framework\el\tx\cm4_gcc\libtx.a(tx_thread_shell_entry.o)
                0x00006194                _tx_thread_shell_entry
 .text._tx_thread_sleep
                0x000061e8       0x60 D:\Documents\File_code\RENESAS\adc_framework_thd\synergy\ssp\src\framework\el\tx\cm4_gcc\libtx.a(tx_thread_sleep.o)
                0x000061e8                _tx_thread_sleep
 .text._tx_thread_system_preempt_check
                0x00006248       0x3c D:\Documents\File_code\RENESAS\adc_framework_thd\synergy\ssp\src\framework\el\tx\cm4_gcc\libtx.a(tx_thread_system_preempt_check.o)
                0x00006248                _tx_thread_system_preempt_check
 .text._tx_thread_system_resume
                0x00006284       0xec D:\Documents\File_code\RENESAS\adc_framework_thd\synergy\ssp\src\framework\el\tx\cm4_gcc\libtx.a(tx_thread_system_resume.o)
                0x00006284                _tx_thread_system_resume
 .text._tx_thread_system_suspend
                0x00006370      0x100 D:\Documents\File_code\RENESAS\adc_framework_thd\synergy\ssp\src\framework\el\tx\cm4_gcc\libtx.a(tx_thread_system_suspend.o)
                0x00006370                _tx_thread_system_suspend
 .text._tx_thread_timeout
                0x00006470       0x30 D:\Documents\File_code\RENESAS\adc_framework_thd\synergy\ssp\src\framework\el\tx\cm4_gcc\libtx.a(tx_thread_timeout.o)
                0x00006470                _tx_thread_timeout
 .text._tx_timer_initialize
                0x000064a0       0x74 D:\Documents\File_code\RENESAS\adc_framework_thd\synergy\ssp\src\framework\el\tx\cm4_gcc\libtx.a(tx_timer_initialize.o)
                0x000064a0                _tx_timer_initialize
 .text._tx_timer_system_activate
                0x00006514       0x54 D:\Documents\File_code\RENESAS\adc_framework_thd\synergy\ssp\src\framework\el\tx\cm4_gcc\libtx.a(tx_timer_system_activate.o)
                0x00006514                _tx_timer_system_activate
 .text._tx_timer_system_deactivate
                0x00006568       0x2c D:\Documents\File_code\RENESAS\adc_framework_thd\synergy\ssp\src\framework\el\tx\cm4_gcc\libtx.a(tx_timer_system_deactivate.o)
                0x00006568                _tx_timer_system_deactivate
 .text._tx_initialize_low_level
                0x00006594       0x88 D:\Documents\File_code\RENESAS\adc_framework_thd\synergy\ssp\src\framework\el\tx\cm4_gcc\libtx.a(tx_initialize_low_level.o)
                0x00006594                _tx_initialize_low_level
 .text._tx_thread_schedule
                0x0000661c       0x60 D:\Documents\File_code\RENESAS\adc_framework_thd\synergy\ssp\src\framework\el\tx\cm4_gcc\libtx.a(tx_thread_schedule.o)
                0x0000661c                _tx_thread_schedule
 .text._tx_port_wait_thread_ready
                0x0000667c       0xa8 D:\Documents\File_code\RENESAS\adc_framework_thd\synergy\ssp\src\framework\el\tx\cm4_gcc\libtx.a(tx_thread_schedule.o)
                0x0000667c                _tx_port_wait_thread_ready
 .text.PendSV_Handler
                0x00006724       0xa8 D:\Documents\File_code\RENESAS\adc_framework_thd\synergy\ssp\src\framework\el\tx\cm4_gcc\libtx.a(tx_thread_schedule.o)
                0x00006724                PendSV_Handler
 .text.SysTick_Handler
                0x000067cc        0x4 D:\Documents\File_code\RENESAS\adc_framework_thd\synergy\ssp\src\framework\el\tx\cm4_gcc\libtx.a(tx_thread_schedule.o)
                0x000067cc                SysTick_Handler
 .text._tx_thread_stack_build
                0x000067d0       0x50 D:\Documents\File_code\RENESAS\adc_framework_thd\synergy\ssp\src\framework\el\tx\cm4_gcc\libtx.a(tx_thread_stack_build.o)
                0x000067d0                _tx_thread_stack_build
 .text._tx_timer_interrupt
                0x00006820       0xc0 D:\Documents\File_code\RENESAS\adc_framework_thd\synergy\ssp\src\framework\el\tx\cm4_gcc\libtx.a(tx_timer_interrupt.o)
                0x00006820                _tx_timer_interrupt
 .text._tx_mutex_cleanup
                0x000068e0       0x80 D:\Documents\File_code\RENESAS\adc_framework_thd\synergy\ssp\src\framework\el\tx\cm4_gcc\libtx.a(tx_mutex_cleanup.o)
                0x000068e0                _tx_mutex_cleanup
 .text._tx_mutex_thread_release
                0x00006960       0x44 D:\Documents\File_code\RENESAS\adc_framework_thd\synergy\ssp\src\framework\el\tx\cm4_gcc\libtx.a(tx_mutex_cleanup.o)
                0x00006960                _tx_mutex_thread_release
 .text._tx_mutex_prioritize
                0x000069a4       0x98 D:\Documents\File_code\RENESAS\adc_framework_thd\synergy\ssp\src\framework\el\tx\cm4_gcc\libtx.a(tx_mutex_prioritize.o)
                0x000069a4                _tx_mutex_prioritize
 .text._tx_semaphore_cleanup
                0x00006a3c       0x80 D:\Documents\File_code\RENESAS\adc_framework_thd\synergy\ssp\src\framework\el\tx\cm4_gcc\libtx.a(tx_semaphore_cleanup.o)
                0x00006a3c                _tx_semaphore_cleanup
 .text._tx_thread_time_slice
                0x00006abc       0x6c D:\Documents\File_code\RENESAS\adc_framework_thd\synergy\ssp\src\framework\el\tx\cm4_gcc\libtx.a(tx_thread_time_slice.o)
                0x00006abc                _tx_thread_time_slice
 .text._tx_timer_expiration_process
                0x00006b28      0x104 D:\Documents\File_code\RENESAS\adc_framework_thd\synergy\ssp\src\framework\el\tx\cm4_gcc\libtx.a(tx_timer_expiration_process.o)
                0x00006b28                _tx_timer_expiration_process
 .text          0x00006c2c       0x30 c:/renesas/synergy/e2studio_v2024-01.1_ssp_v2.6.1/toolchains/gcc_arm/gcc-arm-none-eabi-10.3-2021.10/bin/../lib/gcc/arm-none-eabi/10.3.1/thumb/v7e-m+fp/hard\libgcc.a(_aeabi_uldivmod.o)
                0x00006c2c                __aeabi_uldivmod
 .text          0x00006c5c      0x2d0 c:/renesas/synergy/e2studio_v2024-01.1_ssp_v2.6.1/toolchains/gcc_arm/gcc-arm-none-eabi-10.3-2021.10/bin/../lib/gcc/arm-none-eabi/10.3.1/thumb/v7e-m+fp/hard\libgcc.a(_udivmoddi4.o)
                0x00006c5c                __udivmoddi4
 .text          0x00006f2c        0x4 c:/renesas/synergy/e2studio_v2024-01.1_ssp_v2.6.1/toolchains/gcc_arm/gcc-arm-none-eabi-10.3-2021.10/bin/../lib/gcc/arm-none-eabi/10.3.1/thumb/v7e-m+fp/hard\libgcc.a(_dvmd_tls.o)
                0x00006f2c                __aeabi_idiv0
                0x00006f2c                __aeabi_ldiv0
 .text.__errno  0x00006f30        0xc c:/renesas/synergy/e2studio_v2024-01.1_ssp_v2.6.1/toolchains/gcc_arm/gcc-arm-none-eabi-10.3-2021.10/bin/../lib/gcc/arm-none-eabi/10.3.1/../../../../arm-none-eabi/lib/thumb/v7e-m+fp/hard\libg_nano.a(lib_a-errno.o)
                0x00006f30                __errno
 .text.memcpy   0x00006f3c       0x1c c:/renesas/synergy/e2studio_v2024-01.1_ssp_v2.6.1/toolchains/gcc_arm/gcc-arm-none-eabi-10.3-2021.10/bin/../lib/gcc/arm-none-eabi/10.3.1/../../../../arm-none-eabi/lib/thumb/v7e-m+fp/hard\libg_nano.a(lib_a-memcpy-stub.o)
                0x00006f3c                memcpy
 .text.memset   0x00006f58       0x10 c:/renesas/synergy/e2studio_v2024-01.1_ssp_v2.6.1/toolchains/gcc_arm/gcc-arm-none-eabi-10.3-2021.10/bin/../lib/gcc/arm-none-eabi/10.3.1/../../../../arm-none-eabi/lib/thumb/v7e-m+fp/hard\libg_nano.a(lib_a-memset.o)
                0x00006f58                memset
 .text.srand    0x00006f68       0x5c c:/renesas/synergy/e2studio_v2024-01.1_ssp_v2.6.1/toolchains/gcc_arm/gcc-arm-none-eabi-10.3-2021.10/bin/../lib/gcc/arm-none-eabi/10.3.1/../../../../arm-none-eabi/lib/thumb/v7e-m+fp/hard\libg_nano.a(lib_a-rand.o)
                0x00006f68                srand
 .text.__assert_func
                0x00006fc4       0x3c c:/renesas/synergy/e2studio_v2024-01.1_ssp_v2.6.1/toolchains/gcc_arm/gcc-arm-none-eabi-10.3-2021.10/bin/../lib/gcc/arm-none-eabi/10.3.1/../../../../arm-none-eabi/lib/thumb/v7e-m+fp/hard\libg_nano.a(lib_a-assert.o)
                0x00006fc4                __assert_func
 .text.fprintf  0x00007000       0x24 c:/renesas/synergy/e2studio_v2024-01.1_ssp_v2.6.1/toolchains/gcc_arm/gcc-arm-none-eabi-10.3-2021.10/bin/../lib/gcc/arm-none-eabi/10.3.1/../../../../arm-none-eabi/lib/thumb/v7e-m+fp/hard\libg_nano.a(lib_a-fprintf.o)
                0x00007000                fiprintf
                0x00007000                fprintf
 .text.malloc   0x00007024       0x10 c:/renesas/synergy/e2studio_v2024-01.1_ssp_v2.6.1/toolchains/gcc_arm/gcc-arm-none-eabi-10.3-2021.10/bin/../lib/gcc/arm-none-eabi/10.3.1/../../../../arm-none-eabi/lib/thumb/v7e-m+fp/hard\libg_nano.a(lib_a-malloc.o)
                0x00007024                malloc
 .text._free_r  0x00007034       0x98 c:/renesas/synergy/e2studio_v2024-01.1_ssp_v2.6.1/toolchains/gcc_arm/gcc-arm-none-eabi-10.3-2021.10/bin/../lib/gcc/arm-none-eabi/10.3.1/../../../../arm-none-eabi/lib/thumb/v7e-m+fp/hard\libg_nano.a(lib_a-nano-freer.o)
                0x00007034                _free_r
 .text.sbrk_aligned
                0x000070cc       0x40 c:/renesas/synergy/e2studio_v2024-01.1_ssp_v2.6.1/toolchains/gcc_arm/gcc-arm-none-eabi-10.3-2021.10/bin/../lib/gcc/arm-none-eabi/10.3.1/../../../../arm-none-eabi/lib/thumb/v7e-m+fp/hard\libg_nano.a(lib_a-nano-mallocr.o)
 .text._malloc_r
                0x0000710c       0xe8 c:/renesas/synergy/e2studio_v2024-01.1_ssp_v2.6.1/toolchains/gcc_arm/gcc-arm-none-eabi-10.3-2021.10/bin/../lib/gcc/arm-none-eabi/10.3.1/../../../../arm-none-eabi/lib/thumb/v7e-m+fp/hard\libg_nano.a(lib_a-nano-mallocr.o)
                0x0000710c                _malloc_r
 .text.__sfputc_r
                0x000071f4       0x2e c:/renesas/synergy/e2studio_v2024-01.1_ssp_v2.6.1/toolchains/gcc_arm/gcc-arm-none-eabi-10.3-2021.10/bin/../lib/gcc/arm-none-eabi/10.3.1/../../../../arm-none-eabi/lib/thumb/v7e-m+fp/hard\libg_nano.a(lib_a-nano-vfprintf.o)
 .text.__sfputs_r
                0x00007222       0x24 c:/renesas/synergy/e2studio_v2024-01.1_ssp_v2.6.1/toolchains/gcc_arm/gcc-arm-none-eabi-10.3-2021.10/bin/../lib/gcc/arm-none-eabi/10.3.1/../../../../arm-none-eabi/lib/thumb/v7e-m+fp/hard\libg_nano.a(lib_a-nano-vfprintf.o)
                0x00007222                __sfputs_r
 *fill*         0x00007246        0x2 ff
 .text._vfprintf_r
                0x00007248      0x260 c:/renesas/synergy/e2studio_v2024-01.1_ssp_v2.6.1/toolchains/gcc_arm/gcc-arm-none-eabi-10.3-2021.10/bin/../lib/gcc/arm-none-eabi/10.3.1/../../../../arm-none-eabi/lib/thumb/v7e-m+fp/hard\libg_nano.a(lib_a-nano-vfprintf.o)
                0x00007248                _vfprintf_r
                0x00007248                _vfiprintf_r
 .text._printf_common
                0x000074a8       0xda c:/renesas/synergy/e2studio_v2024-01.1_ssp_v2.6.1/toolchains/gcc_arm/gcc-arm-none-eabi-10.3-2021.10/bin/../lib/gcc/arm-none-eabi/10.3.1/../../../../arm-none-eabi/lib/thumb/v7e-m+fp/hard\libg_nano.a(lib_a-nano-vfprintf_i.o)
                0x000074a8                _printf_common
 *fill*         0x00007582        0x2 ff
 .text._printf_i
                0x00007584      0x24c c:/renesas/synergy/e2studio_v2024-01.1_ssp_v2.6.1/toolchains/gcc_arm/gcc-arm-none-eabi-10.3-2021.10/bin/../lib/gcc/arm-none-eabi/10.3.1/../../../../arm-none-eabi/lib/thumb/v7e-m+fp/hard\libg_nano.a(lib_a-nano-vfprintf_i.o)
                0x00007584                _printf_i
 .text._sbrk_r  0x000077d0       0x20 c:/renesas/synergy/e2studio_v2024-01.1_ssp_v2.6.1/toolchains/gcc_arm/gcc-arm-none-eabi-10.3-2021.10/bin/../lib/gcc/arm-none-eabi/10.3.1/../../../../arm-none-eabi/lib/thumb/v7e-m+fp/hard\libg_nano.a(lib_a-sbrkr.o)
                0x000077d0                _sbrk_r
 .text.__swbuf_r
                0x000077f0       0xa4 c:/renesas/synergy/e2studio_v2024-01.1_ssp_v2.6.1/toolchains/gcc_arm/gcc-arm-none-eabi-10.3-2021.10/bin/../lib/gcc/arm-none-eabi/10.3.1/../../../../arm-none-eabi/lib/thumb/v7e-m+fp/hard\libg_nano.a(lib_a-wbuf.o)
                0x000077f0                __swbuf_r
 .text.__swsetup_r
                0x00007894       0xdc c:/renesas/synergy/e2studio_v2024-01.1_ssp_v2.6.1/toolchains/gcc_arm/gcc-arm-none-eabi-10.3-2021.10/bin/../lib/gcc/arm-none-eabi/10.3.1/../../../../arm-none-eabi/lib/thumb/v7e-m+fp/hard\libg_nano.a(lib_a-wsetup.o)
                0x00007894                __swsetup_r
 .text.abort    0x00007970        0xe c:/renesas/synergy/e2studio_v2024-01.1_ssp_v2.6.1/toolchains/gcc_arm/gcc-arm-none-eabi-10.3-2021.10/bin/../lib/gcc/arm-none-eabi/10.3.1/../../../../arm-none-eabi/lib/thumb/v7e-m+fp/hard\libg_nano.a(lib_a-abort.o)
                0x00007970                abort
 *fill*         0x0000797e        0x2 ff
 .text.__sflush_r
                0x00007980      0x10c c:/renesas/synergy/e2studio_v2024-01.1_ssp_v2.6.1/toolchains/gcc_arm/gcc-arm-none-eabi-10.3-2021.10/bin/../lib/gcc/arm-none-eabi/10.3.1/../../../../arm-none-eabi/lib/thumb/v7e-m+fp/hard\libg_nano.a(lib_a-fflush.o)
                0x00007980                __sflush_r
 .text._fflush_r
                0x00007a8c       0x78 c:/renesas/synergy/e2studio_v2024-01.1_ssp_v2.6.1/toolchains/gcc_arm/gcc-arm-none-eabi-10.3-2021.10/bin/../lib/gcc/arm-none-eabi/10.3.1/../../../../arm-none-eabi/lib/thumb/v7e-m+fp/hard\libg_nano.a(lib_a-fflush.o)
                0x00007a8c                _fflush_r
 .text.std      0x00007b04       0x48 c:/renesas/synergy/e2studio_v2024-01.1_ssp_v2.6.1/toolchains/gcc_arm/gcc-arm-none-eabi-10.3-2021.10/bin/../lib/gcc/arm-none-eabi/10.3.1/../../../../arm-none-eabi/lib/thumb/v7e-m+fp/hard\libg_nano.a(lib_a-findfp.o)
 .text._cleanup_r
                0x00007b4c        0xc c:/renesas/synergy/e2studio_v2024-01.1_ssp_v2.6.1/toolchains/gcc_arm/gcc-arm-none-eabi-10.3-2021.10/bin/../lib/gcc/arm-none-eabi/10.3.1/../../../../arm-none-eabi/lib/thumb/v7e-m+fp/hard\libg_nano.a(lib_a-findfp.o)
                0x00007b4c                _cleanup_r
 .text.__sfmoreglue
                0x00007b58       0x2c c:/renesas/synergy/e2studio_v2024-01.1_ssp_v2.6.1/toolchains/gcc_arm/gcc-arm-none-eabi-10.3-2021.10/bin/../lib/gcc/arm-none-eabi/10.3.1/../../../../arm-none-eabi/lib/thumb/v7e-m+fp/hard\libg_nano.a(lib_a-findfp.o)
                0x00007b58                __sfmoreglue
 .text.__sfp_lock_acquire
                0x00007b84        0xc c:/renesas/synergy/e2studio_v2024-01.1_ssp_v2.6.1/toolchains/gcc_arm/gcc-arm-none-eabi-10.3-2021.10/bin/../lib/gcc/arm-none-eabi/10.3.1/../../../../arm-none-eabi/lib/thumb/v7e-m+fp/hard\libg_nano.a(lib_a-findfp.o)
                0x00007b84                __sfp_lock_acquire
 .text.__sfp_lock_release
                0x00007b90        0xc c:/renesas/synergy/e2studio_v2024-01.1_ssp_v2.6.1/toolchains/gcc_arm/gcc-arm-none-eabi-10.3-2021.10/bin/../lib/gcc/arm-none-eabi/10.3.1/../../../../arm-none-eabi/lib/thumb/v7e-m+fp/hard\libg_nano.a(lib_a-findfp.o)
                0x00007b90                __sfp_lock_release
 .text.__sinit_lock_acquire
                0x00007b9c        0xc c:/renesas/synergy/e2studio_v2024-01.1_ssp_v2.6.1/toolchains/gcc_arm/gcc-arm-none-eabi-10.3-2021.10/bin/../lib/gcc/arm-none-eabi/10.3.1/../../../../arm-none-eabi/lib/thumb/v7e-m+fp/hard\libg_nano.a(lib_a-findfp.o)
                0x00007b9c                __sinit_lock_acquire
 .text.__sinit_lock_release
                0x00007ba8        0xc c:/renesas/synergy/e2studio_v2024-01.1_ssp_v2.6.1/toolchains/gcc_arm/gcc-arm-none-eabi-10.3-2021.10/bin/../lib/gcc/arm-none-eabi/10.3.1/../../../../arm-none-eabi/lib/thumb/v7e-m+fp/hard\libg_nano.a(lib_a-findfp.o)
                0x00007ba8                __sinit_lock_release
 .text.__sinit  0x00007bb4       0x70 c:/renesas/synergy/e2studio_v2024-01.1_ssp_v2.6.1/toolchains/gcc_arm/gcc-arm-none-eabi-10.3-2021.10/bin/../lib/gcc/arm-none-eabi/10.3.1/../../../../arm-none-eabi/lib/thumb/v7e-m+fp/hard\libg_nano.a(lib_a-findfp.o)
                0x00007bb4                __sinit
 .text.__sfp    0x00007c24       0x8c c:/renesas/synergy/e2studio_v2024-01.1_ssp_v2.6.1/toolchains/gcc_arm/gcc-arm-none-eabi-10.3-2021.10/bin/../lib/gcc/arm-none-eabi/10.3.1/../../../../arm-none-eabi/lib/thumb/v7e-m+fp/hard\libg_nano.a(lib_a-findfp.o)
                0x00007c24                __sfp
 .text._fwalk_reent
                0x00007cb0       0x3e c:/renesas/synergy/e2studio_v2024-01.1_ssp_v2.6.1/toolchains/gcc_arm/gcc-arm-none-eabi-10.3-2021.10/bin/../lib/gcc/arm-none-eabi/10.3.1/../../../../arm-none-eabi/lib/thumb/v7e-m+fp/hard\libg_nano.a(lib_a-fwalk.o)
                0x00007cb0                _fwalk_reent
 .text.__retarget_lock_init_recursive
                0x00007cee        0x2 c:/renesas/synergy/e2studio_v2024-01.1_ssp_v2.6.1/toolchains/gcc_arm/gcc-arm-none-eabi-10.3-2021.10/bin/../lib/gcc/arm-none-eabi/10.3.1/../../../../arm-none-eabi/lib/thumb/v7e-m+fp/hard\libg_nano.a(lib_a-lock.o)
                0x00007cee                __retarget_lock_init_recursive
 .text.__retarget_lock_acquire_recursive
                0x00007cf0        0x2 c:/renesas/synergy/e2studio_v2024-01.1_ssp_v2.6.1/toolchains/gcc_arm/gcc-arm-none-eabi-10.3-2021.10/bin/../lib/gcc/arm-none-eabi/10.3.1/../../../../arm-none-eabi/lib/thumb/v7e-m+fp/hard\libg_nano.a(lib_a-lock.o)
                0x00007cf0                __retarget_lock_acquire_recursive
 .text.__retarget_lock_release_recursive
                0x00007cf2        0x2 c:/renesas/synergy/e2studio_v2024-01.1_ssp_v2.6.1/toolchains/gcc_arm/gcc-arm-none-eabi-10.3-2021.10/bin/../lib/gcc/arm-none-eabi/10.3.1/../../../../arm-none-eabi/lib/thumb/v7e-m+fp/hard\libg_nano.a(lib_a-lock.o)
                0x00007cf2                __retarget_lock_release_recursive
 .text.__swhatbuf_r
                0x00007cf4       0x4a c:/renesas/synergy/e2studio_v2024-01.1_ssp_v2.6.1/toolchains/gcc_arm/gcc-arm-none-eabi-10.3-2021.10/bin/../lib/gcc/arm-none-eabi/10.3.1/../../../../arm-none-eabi/lib/thumb/v7e-m+fp/hard\libg_nano.a(lib_a-makebuf.o)
                0x00007cf4                __swhatbuf_r
 *fill*         0x00007d3e        0x2 ff
 .text.__smakebuf_r
                0x00007d40       0x80 c:/renesas/synergy/e2studio_v2024-01.1_ssp_v2.6.1/toolchains/gcc_arm/gcc-arm-none-eabi-10.3-2021.10/bin/../lib/gcc/arm-none-eabi/10.3.1/../../../../arm-none-eabi/lib/thumb/v7e-m+fp/hard\libg_nano.a(lib_a-makebuf.o)
                0x00007d40                __smakebuf_r
 .text          0x00007dc0       0xa0 c:/renesas/synergy/e2studio_v2024-01.1_ssp_v2.6.1/toolchains/gcc_arm/gcc-arm-none-eabi-10.3-2021.10/bin/../lib/gcc/arm-none-eabi/10.3.1/../../../../arm-none-eabi/lib/thumb/v7e-m+fp/hard\libg_nano.a(lib_a-memchr.o)
                0x00007dc0                memchr
 .text.__malloc_lock
                0x00007e60        0xc c:/renesas/synergy/e2studio_v2024-01.1_ssp_v2.6.1/toolchains/gcc_arm/gcc-arm-none-eabi-10.3-2021.10/bin/../lib/gcc/arm-none-eabi/10.3.1/../../../../arm-none-eabi/lib/thumb/v7e-m+fp/hard\libg_nano.a(lib_a-mlock.o)
                0x00007e60                __malloc_lock
 .text.__malloc_unlock
                0x00007e6c        0xc c:/renesas/synergy/e2studio_v2024-01.1_ssp_v2.6.1/toolchains/gcc_arm/gcc-arm-none-eabi-10.3-2021.10/bin/../lib/gcc/arm-none-eabi/10.3.1/../../../../arm-none-eabi/lib/thumb/v7e-m+fp/hard\libg_nano.a(lib_a-mlock.o)
                0x00007e6c                __malloc_unlock
 .text._raise_r
                0x00007e78       0x50 c:/renesas/synergy/e2studio_v2024-01.1_ssp_v2.6.1/toolchains/gcc_arm/gcc-arm-none-eabi-10.3-2021.10/bin/../lib/gcc/arm-none-eabi/10.3.1/../../../../arm-none-eabi/lib/thumb/v7e-m+fp/hard\libg_nano.a(lib_a-signal.o)
                0x00007e78                _raise_r
 .text.raise    0x00007ec8       0x10 c:/renesas/synergy/e2studio_v2024-01.1_ssp_v2.6.1/toolchains/gcc_arm/gcc-arm-none-eabi-10.3-2021.10/bin/../lib/gcc/arm-none-eabi/10.3.1/../../../../arm-none-eabi/lib/thumb/v7e-m+fp/hard\libg_nano.a(lib_a-signal.o)
                0x00007ec8                raise
 .text._kill_r  0x00007ed8       0x24 c:/renesas/synergy/e2studio_v2024-01.1_ssp_v2.6.1/toolchains/gcc_arm/gcc-arm-none-eabi-10.3-2021.10/bin/../lib/gcc/arm-none-eabi/10.3.1/../../../../arm-none-eabi/lib/thumb/v7e-m+fp/hard\libg_nano.a(lib_a-signalr.o)
                0x00007ed8                _kill_r
 .text._getpid_r
                0x00007efc        0x4 c:/renesas/synergy/e2studio_v2024-01.1_ssp_v2.6.1/toolchains/gcc_arm/gcc-arm-none-eabi-10.3-2021.10/bin/../lib/gcc/arm-none-eabi/10.3.1/../../../../arm-none-eabi/lib/thumb/v7e-m+fp/hard\libg_nano.a(lib_a-signalr.o)
                0x00007efc                _getpid_r
 .text.__sread  0x00007f00       0x22 c:/renesas/synergy/e2studio_v2024-01.1_ssp_v2.6.1/toolchains/gcc_arm/gcc-arm-none-eabi-10.3-2021.10/bin/../lib/gcc/arm-none-eabi/10.3.1/../../../../arm-none-eabi/lib/thumb/v7e-m+fp/hard\libg_nano.a(lib_a-stdio.o)
                0x00007f00                __sread
 .text.__swrite
                0x00007f22       0x38 c:/renesas/synergy/e2studio_v2024-01.1_ssp_v2.6.1/toolchains/gcc_arm/gcc-arm-none-eabi-10.3-2021.10/bin/../lib/gcc/arm-none-eabi/10.3.1/../../../../arm-none-eabi/lib/thumb/v7e-m+fp/hard\libg_nano.a(lib_a-stdio.o)
                0x00007f22                __swrite
 .text.__sseek  0x00007f5a       0x24 c:/renesas/synergy/e2studio_v2024-01.1_ssp_v2.6.1/toolchains/gcc_arm/gcc-arm-none-eabi-10.3-2021.10/bin/../lib/gcc/arm-none-eabi/10.3.1/../../../../arm-none-eabi/lib/thumb/v7e-m+fp/hard\libg_nano.a(lib_a-stdio.o)
                0x00007f5a                __sseek
 .text.__sclose
                0x00007f7e        0x8 c:/renesas/synergy/e2studio_v2024-01.1_ssp_v2.6.1/toolchains/gcc_arm/gcc-arm-none-eabi-10.3-2021.10/bin/../lib/gcc/arm-none-eabi/10.3.1/../../../../arm-none-eabi/lib/thumb/v7e-m+fp/hard\libg_nano.a(lib_a-stdio.o)
                0x00007f7e                __sclose
 *fill*         0x00007f86        0x2 ff
 .text._write_r
                0x00007f88       0x24 c:/renesas/synergy/e2studio_v2024-01.1_ssp_v2.6.1/toolchains/gcc_arm/gcc-arm-none-eabi-10.3-2021.10/bin/../lib/gcc/arm-none-eabi/10.3.1/../../../../arm-none-eabi/lib/thumb/v7e-m+fp/hard\libg_nano.a(lib_a-writer.o)
                0x00007f88                _write_r
 .text._close_r
                0x00007fac       0x20 c:/renesas/synergy/e2studio_v2024-01.1_ssp_v2.6.1/toolchains/gcc_arm/gcc-arm-none-eabi-10.3-2021.10/bin/../lib/gcc/arm-none-eabi/10.3.1/../../../../arm-none-eabi/lib/thumb/v7e-m+fp/hard\libg_nano.a(lib_a-closer.o)
                0x00007fac                _close_r
 .text._fstat_r
                0x00007fcc       0x24 c:/renesas/synergy/e2studio_v2024-01.1_ssp_v2.6.1/toolchains/gcc_arm/gcc-arm-none-eabi-10.3-2021.10/bin/../lib/gcc/arm-none-eabi/10.3.1/../../../../arm-none-eabi/lib/thumb/v7e-m+fp/hard\libg_nano.a(lib_a-fstatr.o)
                0x00007fcc                _fstat_r
 .text._isatty_r
                0x00007ff0       0x20 c:/renesas/synergy/e2studio_v2024-01.1_ssp_v2.6.1/toolchains/gcc_arm/gcc-arm-none-eabi-10.3-2021.10/bin/../lib/gcc/arm-none-eabi/10.3.1/../../../../arm-none-eabi/lib/thumb/v7e-m+fp/hard\libg_nano.a(lib_a-isattyr.o)
                0x00007ff0                _isatty_r
 .text._lseek_r
                0x00008010       0x24 c:/renesas/synergy/e2studio_v2024-01.1_ssp_v2.6.1/toolchains/gcc_arm/gcc-arm-none-eabi-10.3-2021.10/bin/../lib/gcc/arm-none-eabi/10.3.1/../../../../arm-none-eabi/lib/thumb/v7e-m+fp/hard\libg_nano.a(lib_a-lseekr.o)
                0x00008010                _lseek_r
 .text._read_r  0x00008034       0x24 c:/renesas/synergy/e2studio_v2024-01.1_ssp_v2.6.1/toolchains/gcc_arm/gcc-arm-none-eabi-10.3-2021.10/bin/../lib/gcc/arm-none-eabi/10.3.1/../../../../arm-none-eabi/lib/thumb/v7e-m+fp/hard\libg_nano.a(lib_a-readr.o)
                0x00008034                _read_r
 .text.findslot
                0x00008058       0x34 c:/renesas/synergy/e2studio_v2024-01.1_ssp_v2.6.1/toolchains/gcc_arm/gcc-arm-none-eabi-10.3-2021.10/bin/../lib/gcc/arm-none-eabi/10.3.1/../../../../arm-none-eabi/lib/thumb/v7e-m+fp/hard\librdimon_nano.a(rdimon-syscalls.o)
 .text.error    0x0000808c       0x1c c:/renesas/synergy/e2studio_v2024-01.1_ssp_v2.6.1/toolchains/gcc_arm/gcc-arm-none-eabi-10.3-2021.10/bin/../lib/gcc/arm-none-eabi/10.3.1/../../../../arm-none-eabi/lib/thumb/v7e-m+fp/hard\librdimon_nano.a(rdimon-syscalls.o)
 .text.checkerror
                0x000080a8        0xa c:/renesas/synergy/e2studio_v2024-01.1_ssp_v2.6.1/toolchains/gcc_arm/gcc-arm-none-eabi-10.3-2021.10/bin/../lib/gcc/arm-none-eabi/10.3.1/../../../../arm-none-eabi/lib/thumb/v7e-m+fp/hard\librdimon_nano.a(rdimon-syscalls.o)
 .text._swiread
                0x000080b2       0x20 c:/renesas/synergy/e2studio_v2024-01.1_ssp_v2.6.1/toolchains/gcc_arm/gcc-arm-none-eabi-10.3-2021.10/bin/../lib/gcc/arm-none-eabi/10.3.1/../../../../arm-none-eabi/lib/thumb/v7e-m+fp/hard\librdimon_nano.a(rdimon-syscalls.o)
                0x000080b2                _swiread
 .text._read    0x000080d2       0x38 c:/renesas/synergy/e2studio_v2024-01.1_ssp_v2.6.1/toolchains/gcc_arm/gcc-arm-none-eabi-10.3-2021.10/bin/../lib/gcc/arm-none-eabi/10.3.1/../../../../arm-none-eabi/lib/thumb/v7e-m+fp/hard\librdimon_nano.a(rdimon-syscalls.o)
                0x000080d2                _read
 .text._swilseek
                0x0000810a       0x78 c:/renesas/synergy/e2studio_v2024-01.1_ssp_v2.6.1/toolchains/gcc_arm/gcc-arm-none-eabi-10.3-2021.10/bin/../lib/gcc/arm-none-eabi/10.3.1/../../../../arm-none-eabi/lib/thumb/v7e-m+fp/hard\librdimon_nano.a(rdimon-syscalls.o)
                0x0000810a                _swilseek
 .text._lseek   0x00008182        0x4 c:/renesas/synergy/e2studio_v2024-01.1_ssp_v2.6.1/toolchains/gcc_arm/gcc-arm-none-eabi-10.3-2021.10/bin/../lib/gcc/arm-none-eabi/10.3.1/../../../../arm-none-eabi/lib/thumb/v7e-m+fp/hard\librdimon_nano.a(rdimon-syscalls.o)
                0x00008182                _lseek
 .text._swiwrite
                0x00008186       0x20 c:/renesas/synergy/e2studio_v2024-01.1_ssp_v2.6.1/toolchains/gcc_arm/gcc-arm-none-eabi-10.3-2021.10/bin/../lib/gcc/arm-none-eabi/10.3.1/../../../../arm-none-eabi/lib/thumb/v7e-m+fp/hard\librdimon_nano.a(rdimon-syscalls.o)
                0x00008186                _swiwrite
 .text._write   0x000081a6       0x48 c:/renesas/synergy/e2studio_v2024-01.1_ssp_v2.6.1/toolchains/gcc_arm/gcc-arm-none-eabi-10.3-2021.10/bin/../lib/gcc/arm-none-eabi/10.3.1/../../../../arm-none-eabi/lib/thumb/v7e-m+fp/hard\librdimon_nano.a(rdimon-syscalls.o)
                0x000081a6                _write
 .text._swiclose
                0x000081ee       0x1a c:/renesas/synergy/e2studio_v2024-01.1_ssp_v2.6.1/toolchains/gcc_arm/gcc-arm-none-eabi-10.3-2021.10/bin/../lib/gcc/arm-none-eabi/10.3.1/../../../../arm-none-eabi/lib/thumb/v7e-m+fp/hard\librdimon_nano.a(rdimon-syscalls.o)
                0x000081ee                _swiclose
 .text._close   0x00008208       0x4c c:/renesas/synergy/e2studio_v2024-01.1_ssp_v2.6.1/toolchains/gcc_arm/gcc-arm-none-eabi-10.3-2021.10/bin/../lib/gcc/arm-none-eabi/10.3.1/../../../../arm-none-eabi/lib/thumb/v7e-m+fp/hard\librdimon_nano.a(rdimon-syscalls.o)
                0x00008208                _close
 .text._getpid  0x00008254        0x4 c:/renesas/synergy/e2studio_v2024-01.1_ssp_v2.6.1/toolchains/gcc_arm/gcc-arm-none-eabi-10.3-2021.10/bin/../lib/gcc/arm-none-eabi/10.3.1/../../../../arm-none-eabi/lib/thumb/v7e-m+fp/hard\librdimon_nano.a(rdimon-syscalls.o)
                0x00008254                _getpid
 .text._swistat
                0x00008258       0x42 c:/renesas/synergy/e2studio_v2024-01.1_ssp_v2.6.1/toolchains/gcc_arm/gcc-arm-none-eabi-10.3-2021.10/bin/../lib/gcc/arm-none-eabi/10.3.1/../../../../arm-none-eabi/lib/thumb/v7e-m+fp/hard\librdimon_nano.a(rdimon-syscalls.o)
                0x00008258                _swistat
 .text._fstat   0x0000829a       0x1c c:/renesas/synergy/e2studio_v2024-01.1_ssp_v2.6.1/toolchains/gcc_arm/gcc-arm-none-eabi-10.3-2021.10/bin/../lib/gcc/arm-none-eabi/10.3.1/../../../../arm-none-eabi/lib/thumb/v7e-m+fp/hard\librdimon_nano.a(rdimon-syscalls.o)
                0x0000829a                _fstat
 .text._stat    0x000082b6       0x3a c:/renesas/synergy/e2studio_v2024-01.1_ssp_v2.6.1/toolchains/gcc_arm/gcc-arm-none-eabi-10.3-2021.10/bin/../lib/gcc/arm-none-eabi/10.3.1/../../../../arm-none-eabi/lib/thumb/v7e-m+fp/hard\librdimon_nano.a(rdimon-syscalls.o)
                0x000082b6                _stat
 .text._swiopen
                0x000082f0       0xb4 c:/renesas/synergy/e2studio_v2024-01.1_ssp_v2.6.1/toolchains/gcc_arm/gcc-arm-none-eabi-10.3-2021.10/bin/../lib/gcc/arm-none-eabi/10.3.1/../../../../arm-none-eabi/lib/thumb/v7e-m+fp/hard\librdimon_nano.a(rdimon-syscalls.o)
                0x000082f0                _swiopen
 .text._get_semihosting_exts
                0x000083a4       0xb8 c:/renesas/synergy/e2studio_v2024-01.1_ssp_v2.6.1/toolchains/gcc_arm/gcc-arm-none-eabi-10.3-2021.10/bin/../lib/gcc/arm-none-eabi/10.3.1/../../../../arm-none-eabi/lib/thumb/v7e-m+fp/hard\librdimon_nano.a(rdimon-syscalls.o)
                0x000083a4                _get_semihosting_exts
 .text.initialise_semihosting_exts
                0x0000845c       0x34 c:/renesas/synergy/e2studio_v2024-01.1_ssp_v2.6.1/toolchains/gcc_arm/gcc-arm-none-eabi-10.3-2021.10/bin/../lib/gcc/arm-none-eabi/10.3.1/../../../../arm-none-eabi/lib/thumb/v7e-m+fp/hard\librdimon_nano.a(rdimon-syscalls.o)
 .text._has_ext_exit_extended
                0x00008490       0x18 c:/renesas/synergy/e2studio_v2024-01.1_ssp_v2.6.1/toolchains/gcc_arm/gcc-arm-none-eabi-10.3-2021.10/bin/../lib/gcc/arm-none-eabi/10.3.1/../../../../arm-none-eabi/lib/thumb/v7e-m+fp/hard\librdimon_nano.a(rdimon-syscalls.o)
                0x00008490                _has_ext_exit_extended
 .text._isatty  0x000084a8       0x38 c:/renesas/synergy/e2studio_v2024-01.1_ssp_v2.6.1/toolchains/gcc_arm/gcc-arm-none-eabi-10.3-2021.10/bin/../lib/gcc/arm-none-eabi/10.3.1/../../../../arm-none-eabi/lib/thumb/v7e-m+fp/hard\librdimon_nano.a(rdimon-syscalls.o)
                0x000084a8                _isatty
 .text._exit    0x000084e0       0x14 c:/renesas/synergy/e2studio_v2024-01.1_ssp_v2.6.1/toolchains/gcc_arm/gcc-arm-none-eabi-10.3-2021.10/bin/../lib/gcc/arm-none-eabi/10.3.1/../../../../arm-none-eabi/lib/thumb/v7e-m+fp/hard\librdimon_nano.a(rdimon-_exit.o)
                0x000084e0                _exit
 .text._kill_shared
                0x000084f4       0x26 c:/renesas/synergy/e2studio_v2024-01.1_ssp_v2.6.1/toolchains/gcc_arm/gcc-arm-none-eabi-10.3-2021.10/bin/../lib/gcc/arm-none-eabi/10.3.1/../../../../arm-none-eabi/lib/thumb/v7e-m+fp/hard\librdimon_nano.a(rdimon-_kill.o)
                0x000084f4                _kill_shared
 *fill*         0x0000851a        0x2 ff
 .text._kill    0x0000851c       0x18 c:/renesas/synergy/e2studio_v2024-01.1_ssp_v2.6.1/toolchains/gcc_arm/gcc-arm-none-eabi-10.3-2021.10/bin/../lib/gcc/arm-none-eabi/10.3.1/../../../../arm-none-eabi/lib/thumb/v7e-m+fp/hard\librdimon_nano.a(rdimon-_kill.o)
                0x0000851c                _kill
 .text          0x00008534       0x10 c:/renesas/synergy/e2studio_v2024-01.1_ssp_v2.6.1/toolchains/gcc_arm/gcc-arm-none-eabi-10.3-2021.10/bin/../lib/gcc/arm-none-eabi/10.3.1/../../../../arm-none-eabi/lib/thumb/v7e-m+fp/hard\libc_nano.a(lib_a-strlen.o)
                0x00008534                strlen
 *(.version)
 .version       0x00008544       0x7c ./synergy/ssp/src/bsp/mcu/all/bsp_common.o
 *(.init)
 .init          0x000085c0        0x4 c:/renesas/synergy/e2studio_v2024-01.1_ssp_v2.6.1/toolchains/gcc_arm/gcc-arm-none-eabi-10.3-2021.10/bin/../lib/gcc/arm-none-eabi/10.3.1/thumb/v7e-m+fp/hard/crti.o
                0x000085c0                _init
 .init          0x000085c4        0x8 c:/renesas/synergy/e2studio_v2024-01.1_ssp_v2.6.1/toolchains/gcc_arm/gcc-arm-none-eabi-10.3-2021.10/bin/../lib/gcc/arm-none-eabi/10.3.1/thumb/v7e-m+fp/hard/crtn.o
 *(.fini)
 .fini          0x000085cc        0x4 c:/renesas/synergy/e2studio_v2024-01.1_ssp_v2.6.1/toolchains/gcc_arm/gcc-arm-none-eabi-10.3-2021.10/bin/../lib/gcc/arm-none-eabi/10.3.1/thumb/v7e-m+fp/hard/crti.o
                0x000085cc                _fini
 .fini          0x000085d0        0x8 c:/renesas/synergy/e2studio_v2024-01.1_ssp_v2.6.1/toolchains/gcc_arm/gcc-arm-none-eabi-10.3-2021.10/bin/../lib/gcc/arm-none-eabi/10.3.1/thumb/v7e-m+fp/hard/crtn.o
 *crtbegin.o(.ctors)
 *crtbegin?.o(.ctors)
 *(EXCLUDE_FILE(*crtend.o *crtend?.o) .ctors)
 *(SORT_BY_NAME(.ctors.*))
 *(.ctors)
 *crtbegin.o(.dtors)
 *crtbegin?.o(.dtors)
 *(EXCLUDE_FILE(*crtend.o *crtend?.o) .dtors)
 *(SORT_BY_NAME(.dtors.*))
 *(.dtors)
 *(.rodata*)
 .rodata.g_sf_adc_periodic_on_sf_adc_periodic
                0x000085d8       0x14 ./synergy/ssp/src/framework/sf_adc_periodic/sf_adc_periodic.o
                0x000085d8                g_sf_adc_periodic_on_sf_adc_periodic
 .rodata.g_ioport_on_ioport
                0x000085ec       0x3c ./synergy/ssp/src/driver/r_ioport/r_ioport.o
                0x000085ec                g_ioport_on_ioport
 .rodata.g_timer_on_gpt
                0x00008628       0x28 ./synergy/ssp/src/driver/r_gpt/r_gpt.o
                0x00008628                g_timer_on_gpt
 .rodata.g_elc_on_elc
                0x00008650       0x1c ./synergy/ssp/src/driver/r_elc/r_elc.o
                0x00008650                g_elc_on_elc
 .rodata.g_transfer_on_dtc
                0x0000866c       0x2c ./synergy/ssp/src/driver/r_dtc/r_dtc.o
                0x0000866c                g_transfer_on_dtc
 .rodata.g_cgc_on_cgc
                0x00008698       0x6c ./synergy/ssp/src/driver/r_cgc/r_cgc.o
                0x00008698                g_cgc_on_cgc
 .rodata.g_pllccr2_div_setting
                0x00008704        0x8 ./synergy/ssp/src/driver/r_cgc/r_cgc.o
 .rodata.g_pllccr2_div_value
                0x0000870c        0x6 ./synergy/ssp/src/driver/r_cgc/r_cgc.o
 *fill*         0x00008712        0x2 ff
 .rodata.g_pllccr_div_setting
                0x00008714        0x6 ./synergy/ssp/src/driver/r_cgc/r_cgc.o
 *fill*         0x0000871a        0x2 ff
 .rodata.g_pllccr_div_value
                0x0000871c        0x6 ./synergy/ssp/src/driver/r_cgc/r_cgc.o
 *fill*         0x00008722        0x2 ff
 .rodata.g_adc_on_adc
                0x00008724       0x34 ./synergy/ssp/src/driver/r_adc/r_adc.o
                0x00008724                g_adc_on_adc
 .rodata.g_cgc_feature
                0x00008758       0x2c ./synergy/ssp/src/bsp/mcu/s7g2/bsp_feature.o
 .rodata.g_bsp_module_stop
                0x00008784       0x46 ./synergy/ssp/src/bsp/mcu/s7g2/bsp_module_stop.o
 *fill*         0x000087ca        0x2 ff
 .rodata.gp_mstp
                0x000087cc       0x10 ./synergy/ssp/src/bsp/mcu/s7g2/bsp_module_stop.o
 .rodata.gp_vector_information
                0x000087dc        0x4 ./synergy/ssp/src/bsp/mcu/all/bsp_irq.o
                0x000087dc                gp_vector_information
 .rodata.g_prcr_masks
                0x000087e0        0x6 ./synergy/ssp/src/bsp/mcu/all/bsp_register_protection.o
 *fill*         0x000087e6        0x2 ff
 .rodata.g_elc_cfg
                0x000087e8        0xc ./synergy/ssp/src/bsp/cmsis/Device/RENESAS/S7G2/Source/system_S7G2.o
 .rodata.adc_framework_thd_create.str1.4
                0x000087f4       0x12 ./src/synergy_gen/adc_framework_thd.o
 *fill*         0x00008806        0x2 ff
 .rodata.g_adc0
                0x00008808       0x10 ./src/synergy_gen/adc_framework_thd.o
                0x00008808                g_adc0
 .rodata.g_adc0_cfg
                0x00008818       0x24 ./src/synergy_gen/adc_framework_thd.o
                0x00008818                g_adc0_cfg
 .rodata.g_adc0_channel_cfg
                0x0000883c       0x14 ./src/synergy_gen/adc_framework_thd.o
                0x0000883c                g_adc0_channel_cfg
 .rodata.g_timer0
                0x00008850        0xc ./src/synergy_gen/adc_framework_thd.o
                0x00008850                g_timer0
 .rodata.g_timer0_cfg
                0x0000885c       0x20 ./src/synergy_gen/adc_framework_thd.o
 .rodata.g_timer0_extend
                0x0000887c        0x5 ./src/synergy_gen/adc_framework_thd.o
 *fill*         0x00008881        0x3 ff
 .rodata.g_transfer0
                0x00008884        0xc ./src/synergy_gen/adc_framework_thd.o
                0x00008884                g_transfer0
 .rodata.g_transfer0_cfg
                0x00008890       0x14 ./src/synergy_gen/adc_framework_thd.o
                0x00008890                g_transfer0_cfg
 .rodata.tx_application_define.str1.4
                0x000088a4       0x14 ./src/synergy_gen/main.o
 .rodata.g_bsp_pin_cfg
                0x000088b8        0x8 ./src/synergy_gen/pin_data.o
                0x000088b8                g_bsp_pin_cfg
 .rodata.g_bsp_pin_cfg_data
                0x000088c0      0x370 ./src/synergy_gen/pin_data.o
                0x000088c0                g_bsp_pin_cfg_data
 .rodata.bit_count
                0x00008c30       0x80 D:\Documents\File_code\RENESAS\adc_framework_thd\synergy\ssp\src\driver\r_fmi\libs\libfmi_cm4_s7g2_gcc.a(r_fmi.o)
 .rodata.bit_count_mask
                0x00008cb0        0x8 D:\Documents\File_code\RENESAS\adc_framework_thd\synergy\ssp\src\driver\r_fmi\libs\libfmi_cm4_s7g2_gcc.a(r_fmi.o)
 .rodata.g_fmi_on_fmi